Component: ARM Compiler 5.06 update 5 (build 528) Tool: armlink [4d35e2]

==============================================================================

Section Cross References

    startup_stm32f103xb.o(STACK) refers (Special) to heapauxi.o(.text) for __use_two_region_memory
    startup_stm32f103xb.o(HEAP) refers (Special) to heapauxi.o(.text) for __use_two_region_memory
    startup_stm32f103xb.o(RESET) refers (Special) to heapauxi.o(.text) for __use_two_region_memory
    startup_stm32f103xb.o(RESET) refers to startup_stm32f103xb.o(STACK) for __initial_sp
    startup_stm32f103xb.o(RESET) refers to startup_stm32f103xb.o(.text) for Reset_Handler
    startup_stm32f103xb.o(RESET) refers to stm32f1xx_it.o(i.NMI_Handler) for NMI_Handler
    startup_stm32f103xb.o(RESET) refers to stm32f1xx_it.o(i.HardFault_Handler) for HardFault_Handler
    startup_stm32f103xb.o(RESET) refers to stm32f1xx_it.o(i.MemManage_Handler) for MemManage_Handler
    startup_stm32f103xb.o(RESET) refers to stm32f1xx_it.o(i.BusFault_Handler) for BusFault_Handler
    startup_stm32f103xb.o(RESET) refers to stm32f1xx_it.o(i.UsageFault_Handler) for UsageFault_Handler
    startup_stm32f103xb.o(RESET) refers to stm32f1xx_it.o(i.SVC_Handler) for SVC_Handler
    startup_stm32f103xb.o(RESET) refers to stm32f1xx_it.o(i.DebugMon_Handler) for DebugMon_Handler
    startup_stm32f103xb.o(RESET) refers to stm32f1xx_it.o(i.PendSV_Handler) for PendSV_Handler
    startup_stm32f103xb.o(RESET) refers to stm32f1xx_it.o(i.SysTick_Handler) for SysTick_Handler
    startup_stm32f103xb.o(.text) refers (Special) to heapauxi.o(.text) for __use_two_region_memory
    startup_stm32f103xb.o(.text) refers to system_stm32f1xx.o(i.SystemInit) for SystemInit
    startup_stm32f103xb.o(.text) refers to __main.o(!!!main) for __main
    startup_stm32f103xb.o(.text) refers to startup_stm32f103xb.o(HEAP) for Heap_Mem
    startup_stm32f103xb.o(.text) refers to startup_stm32f103xb.o(STACK) for Stack_Mem
    main.o(i.SystemClock_Config) refers to rt_memclr_w.o(.text) for __aeabi_memclr4
    main.o(i.SystemClock_Config) refers to stm32f1xx_hal_rcc.o(i.HAL_RCC_OscConfig) for HAL_RCC_OscConfig
    main.o(i.SystemClock_Config) refers to stm32f1xx_hal_rcc.o(i.HAL_RCC_ClockConfig) for HAL_RCC_ClockConfig
    main.o(i.fputc) refers to stm32f1xx_hal_uart.o(i.HAL_UART_Transmit) for HAL_UART_Transmit
    main.o(i.fputc) refers to usart.o(.bss) for huart1
    main.o(i.main) refers to _printf_percent.o(.ARM.Collect$$_printf_percent$$00000000) for _printf_percent
    main.o(i.main) refers to _printf_f.o(.ARM.Collect$$_printf_percent$$00000003) for _printf_f
    main.o(i.main) refers to printf1.o(x$fpl$printf1) for _printf_fp_dec
    main.o(i.main) refers to stm32f1xx_hal.o(i.HAL_Init) for HAL_Init
    main.o(i.main) refers to main.o(i.SystemClock_Config) for SystemClock_Config
    main.o(i.main) refers to gpio.o(i.MX_GPIO_Init) for MX_GPIO_Init
    main.o(i.main) refers to usart.o(i.MX_USART1_UART_Init) for MX_USART1_UART_Init
    main.o(i.main) refers to arm_cfft_f32.o(.text.arm_cfft_f32) for arm_cfft_f32
    main.o(i.main) refers to arm_cmplx_mag_f32.o(.text.arm_cmplx_mag_f32) for arm_cmplx_mag_f32
    main.o(i.main) refers to scalbnf.o(x$fpl$scalbnf) for __ARM_scalbnf
    main.o(i.main) refers to f2d.o(x$fpl$f2d) for __aeabi_f2d
    main.o(i.main) refers to noretval__2printf.o(.text) for __2printf
    main.o(i.main) refers to stm32f1xx_hal.o(i.HAL_Delay) for HAL_Delay
    main.o(i.main) refers to main.o(.data) for .data
    main.o(i.main) refers to main.o(.bss) for .bss
    main.o(i.main) refers to arm_const_structs.o(.rodata.arm_cfft_sR_f32_len256) for arm_cfft_sR_f32_len256
    usart.o(i.HAL_UART_MspDeInit) refers to stm32f1xx_hal_gpio.o(i.HAL_GPIO_DeInit) for HAL_GPIO_DeInit
    usart.o(i.HAL_UART_MspInit) refers to stm32f1xx_hal_gpio.o(i.HAL_GPIO_Init) for HAL_GPIO_Init
    usart.o(i.MX_USART1_UART_Init) refers to stm32f1xx_hal_uart.o(i.HAL_UART_Init) for HAL_UART_Init
    usart.o(i.MX_USART1_UART_Init) refers to main.o(i.Error_Handler) for Error_Handler
    usart.o(i.MX_USART1_UART_Init) refers to usart.o(.bss) for .bss
    stm32f1xx_it.o(i.SysTick_Handler) refers to stm32f1xx_hal.o(i.HAL_IncTick) for HAL_IncTick
    stm32f1xx_hal.o(i.HAL_DeInit) refers to stm32f1xx_hal.o(i.HAL_MspDeInit) for HAL_MspDeInit
    stm32f1xx_hal.o(i.HAL_Delay) refers to stm32f1xx_hal.o(i.HAL_GetTick) for HAL_GetTick
    stm32f1xx_hal.o(i.HAL_Delay) refers to stm32f1xx_hal.o(.data) for .data
    stm32f1xx_hal.o(i.HAL_GetTick) refers to stm32f1xx_hal.o(.data) for .data
    stm32f1xx_hal.o(i.HAL_GetTickFreq) refers to stm32f1xx_hal.o(.data) for .data
    stm32f1xx_hal.o(i.HAL_GetTickPrio) refers to stm32f1xx_hal.o(.data) for .data
    stm32f1xx_hal.o(i.HAL_IncTick) refers to stm32f1xx_hal.o(.data) for .data
    stm32f1xx_hal.o(i.HAL_Init) refers to stm32f1xx_hal_cortex.o(i.HAL_NVIC_SetPriorityGrouping) for HAL_NVIC_SetPriorityGrouping
[...]
    ../clib/stdio.c                          0x00000000   Number         0  stdio.o ABSOLUTE
    ../clib/stdio.c                          0x00000000   Number         0  ferror_locked.o ABSOLUTE
    ../clib/stdio.c                          0x00000000   Number         0  initio.o ABSOLUTE
    ../clib/stdio.c                          0x00000000   Number         0  ferror.o ABSOLUTE
    ../clib/stdio.c                          0x00000000   Number         0  ftell.o ABSOLUTE
    ../clib/stdlib.c                         0x00000000   Number         0  exit.o ABSOLUTE
    ../clib/string.c                         0x00000000   Number         0  strlen.o ABSOLUTE
    ../fplib/dretinf.s                       0x00000000   Number         0  dretinf.o ABSOLUTE
    ../fplib/f2d.s                           0x00000000   Number         0  f2d.o ABSOLUTE
    ../fplib/faddsub.s                       0x00000000   Number         0  faddsub_clz.o ABSOLUTE
    ../fplib/fcheck1.s                       0x00000000   Number         0  fcheck1.o ABSOLUTE
    ../fplib/fdiv.s                          0x00000000   Number         0  fdiv.o ABSOLUTE
    ../fplib/fflt.s                          0x00000000   Number         0  fflt_clz.o ABSOLUTE
    ../fplib/fmul.s                          0x00000000   Number         0  fmul.o ABSOLUTE
    ../fplib/fnaninf.s                       0x00000000   Number         0  fnaninf.o ABSOLUTE
    ../fplib/fpinit.s                        0x00000000   Number         0  fpinit.o ABSOLUTE
    ../fplib/fretinf.s                       0x00000000   Number         0  fretinf.o ABSOLUTE
    ../fplib/fsqrt.s                         0x00000000   Number         0  fsqrt.o ABSOLUTE
    ../fplib/istatus.s                       0x00000000   Number         0  istatus.o ABSOLUTE
    ../fplib/printf1.s                       0x00000000   Number         0  printf1.o ABSOLUTE
    ../fplib/retnan.s                        0x00000000   Number         0  retnan.o ABSOLUTE
    ../fplib/scalbnf.s                       0x00000000   Number         0  scalbnf.o ABSOLUTE
    ../fplib/trapv.s                         0x00000000   Number         0  trapv.o ABSOLUTE
    ../fplib/usenofp.s                       0x00000000   Number         0  usenofp.o ABSOLUTE
    ../mathlib/fpclassify.c                  0x00000000   Number         0  fpclassify.o ABSOLUTE
    ../mathlib/sqrtf.c                       0x00000000   Number         0  sqrtf_x.o ABSOLUTE
    ../mathlib/sqrtf.c                       0x00000000   Number         0  sqrtf.o ABSOLUTE
    ..\Core\Src\gpio.c                       0x00000000   Number         0  gpio.o ABSOLUTE
    ..\Core\Src\main.c                       0x00000000   Number         0  main.o ABSOLUTE
    ..\Core\Src\stm32f1xx_hal_msp.c          0x00000000   Number         0  stm32f1xx_hal_msp.o ABSOLUTE
    ..\Core\Src\stm32f1xx_it.c               0x00000000   Number         0  stm32f1xx_it.o ABSOLUTE
    ..\Core\Src\system_stm32f1xx.c           0x00000000   Number         0  system_stm32f1xx.o ABSOLUTE
    ..\Core\Src\usart.c                      0x00000000   Number         0  usart.o ABSOLUTE
    ..\Drivers\STM32F1xx_HAL_Driver\Src\stm32f1xx_hal.c 0x00000000   Number         0  stm32f1xx_hal.o ABSOLUTE
    ..\Drivers\STM32F1xx_HAL_Driver\Src\stm32f1xx_hal_cortex.c 0x00000000   Number         0  stm32f1xx_hal_cortex.o ABSOLUTE
    ..\Drivers\STM32F1xx_HAL_Driver\Src\stm32f1xx_hal_dma.c 0x00000000   Number         0  stm32f1xx_hal_dma.o ABSOLUTE
    ..\Drivers\STM32F1xx_HAL_Driver\Src\stm32f1xx_hal_exti.c 0x00000000   Number         0  stm32f1xx_hal_exti.o ABSOLUTE
    ..\Drivers\STM32F1xx_HAL_Driver\Src\stm32f1xx_hal_flash.c 0x00000000   Number         0  stm32f1xx_hal_flash.o ABSOLUTE
    ..\Drivers\STM32F1xx_HAL_Driver\Src\stm32f1xx_hal_flash_ex.c 0x00000000   Number         0  stm32f1xx_hal_flash_ex.o ABSOLUTE
    ..\Drivers\STM32F1xx_HAL_Driver\Src\stm32f1xx_hal_gpio.c 0x00000000   Number         0  stm32f1xx_hal_gpio.o ABSOLUTE
    ..\Drivers\STM32F1xx_HAL_Driver\Src\stm32f1xx_hal_gpio_ex.c 0x00000000   Number         0  stm32f1xx_hal_gpio_ex.o ABSOLUTE
    ..\Drivers\STM32F1xx_HAL_Driver\Src\stm32f1xx_hal_pwr.c 0x00000000   Number         0  stm32f1xx_hal_pwr.o ABSOLUTE
    ..\Drivers\STM32F1xx_HAL_Driver\Src\stm32f1xx_hal_rcc.c 0x00000000   Number         0  stm32f1xx_hal_rcc.o ABSOLUTE
    ..\Drivers\STM32F1xx_HAL_Driver\Src\stm32f1xx_hal_rcc_ex.c 0x00000000   Number         0  stm32f1xx_hal_rcc_ex.o ABSOLUTE
    ..\Drivers\STM32F1xx_HAL_Driver\Src\stm32f1xx_hal_tim.c 0x00000000   Number         0  stm32f1xx_hal_tim.o ABSOLUTE
    ..\Drivers\STM32F1xx_HAL_Driver\Src\stm32f1xx_hal_tim_ex.c 0x00000000   Number         0  stm32f1xx_hal_tim_ex.o ABSOLUTE
    ..\Drivers\STM32F1xx_HAL_Driver\Src\stm32f1xx_hal_uart.c 0x00000000   Number         0  stm32f1xx_hal_uart.o ABSOLUTE
    arm_bitreversal2.c                       0x00000000   Number         0  arm_bitreversal2.o ABSOLUTE
    arm_cfft_f32.c                           0x00000000   Number         0  arm_cfft_f32.o ABSOLUTE
    arm_cfft_radix8_f32.c                    0x00000000   Number         0  arm_cfft_radix8_f32.o ABSOLUTE
    arm_cmplx_mag_f32.c                      0x00000000   Number         0  arm_cmplx_mag_f32.o ABSOLUTE
    arm_common_tables.c                      0x00000000   Number         0  arm_common_tables.o ABSOLUTE
    arm_const_structs.c                      0x00000000   Number         0  arm_const_structs.o ABSOLUTE
    dc.s                                     0x00000000   Number         0  dc.o ABSOLUTE
    startup_stm32f103xb.s                    0x00000000   Number         0  startup_stm32f103xb.o ABSOLUTE
    RESET                                    0x08000000   Section      236  startup_stm32f103xb.o(RESET)
    !!!main                                  0x080000ec   Section        8  __main.o(!!!main)
    !!!scatter                               0x080000f4   Section       52  __scatter.o(!!!scatter)
    !!dclz77c                                0x08000128   Section      100  __dclz77c.o(!!dclz77c)
    !!handler_zi                             0x0800018c   Section       28  __scatter_zi.o(!!handler_zi)
    .ARM.Collect$$_printf_percent$$00000000  0x080001a8   Section        0  _printf_percent.o(.ARM.Collect$$_printf_percent$$00000000)
    .ARM.Collect$$_printf_percent$$00000003  0x080001a8   Section        6  _printf_f.o(.ARM.Collect$$_printf_percent$$00000003)
    .ARM.Collect$$_printf_percent$$00000017  0x080001ae   Section        4  _printf_percent_end.o(.ARM.Collect$$_printf_percent$$00000017)
    .ARM.Collect$$libinit$$00000000          0x080001b2   Section        2  libinit.o(.ARM.Collect$$libinit$$00000000)
    .ARM.Collect$$libinit$$00000002          0x080001b4   Section        0  libinit2.o(.ARM.Collect$$libinit$$00000002)
    .ARM.Collect$$libinit$$00000004          0x080001b4   Section        0  libinit2.o(.ARM.Collect$$libinit$$00000004)
    .ARM.Collect$$libinit$$00000005          0x080001b4   Section        8  libinit2.o(.ARM.Collect$$libinit$$00000005)
    .ARM.Collect$$libinit$$0000000A          0x080001bc   Section        0  libinit2.o(.ARM.Collect$$libinit$$0000000A)
    .ARM.Collect$$libinit$$0000000C          0x080001bc   Section        0  libinit2.o(.ARM.Collect$$libinit$$0000000C)
    .ARM.Collect$$libinit$$0000000E          0x080001bc   Section        0  libinit2.o(.ARM.Collect$$libinit$$0000000E)
    .ARM.Collect$$libinit$$0000000F          0x080001bc   Section        6  libinit2.o(.ARM.Collect$$libinit$$0000000F)
    .ARM.Collect$$libinit$$00000011          0x080001c2   Section        0  libinit2.o(.ARM.Collect$$libinit$$00000011)
    .ARM.Collect$$libinit$$00000013          0x080001c2   Section        0  libinit2.o(.ARM.Collect$$libinit$$00000013)
    .ARM.Collect$$libinit$$00000015          0x080001c2   Section        0  libinit2.o(.ARM.Collect$$libinit$$00000015)
    .ARM.Collect$$libinit$$00000016          0x080001c2   Section       10  libinit2.o(.ARM.Collect$$libinit$$00000016)
    .ARM.Collect$$libinit$$00000017          0x080001cc   Section        0  libinit2.o(.ARM.Collect$$libinit$$00000017)
    .ARM.Collect$$libinit$$00000019          0x080001cc   Section        0  libinit2.o(.ARM.Collect$$libinit$$00000019)
    .ARM.Collect$$libinit$$0000001B          0x080001cc   Section        0  libinit2.o(.ARM.Collect$$libinit$$0000001B)
    .ARM.Collect$$libinit$$0000001D          0x080001cc   Section        0  libinit2.o(.ARM.Collect$$libinit$$0000001D)
    .ARM.Collect$$libinit$$0000001F          0x080001cc   Section        0  libinit2.o(.ARM.Collect$$libinit$$0000001F)
    .ARM.Collect$$libinit$$00000021          0x080001cc   Section        0  libinit2.o(.ARM.Collect$$libinit$$00000021)
    .ARM.Collect$$libinit$$00000023          0x080001cc   Section        0  libinit2.o(.ARM.Collect$$libinit$$00000023)
    .ARM.Collect$$libinit$$00000024          0x080001cc   Section        4  libinit2.o(.ARM.Collect$$libinit$$00000024)
    .ARM.Collect$$libinit$$00000025          0x080001d0   Section        0  libinit2.o(.ARM.Collect$$libinit$$00000025)
    .ARM.Collect$$libinit$$0000002C          0x080001d0   Section        0  libinit2.o(.ARM.Collect$$libinit$$0000002C)
    .ARM.Collect$$libinit$$0000002E          0x080001d0   Section        0  libinit2.o(.ARM.Collect$$libinit$$0000002E)
    .ARM.Collect$$libinit$$00000030          0x080001d0   Section        0  libinit2.o(.ARM.Collect$$libinit$$00000030)
    .ARM.Collect$$libinit$$00000032          0x080001d0   Section        0  libinit2.o(.ARM.Collect$$libinit$$00000032)
    .ARM.Collect$$libinit$$00000033          0x080001d0   Section        2  libinit2.o(.ARM.Collect$$libinit$$00000033)
    .ARM.Collect$$libshutdown$$00000000      0x080001d2   Section        2  libshutdown.o(.ARM.Collect$$libshutdown$$00000000)
    .ARM.Collect$$libshutdown$$00000002      0x080001d4   Section        0  libshutdown2.o(.ARM.Collect$$libshutdown$$00000002)
    .ARM.Collect$$libshutdown$$00000003      0x080001d4   Section        4  libshutdown2.o(.ARM.Collect$$libshutdown$$00000003)
    .ARM.Collect$$libshutdown$$00000004      0x080001d8   Section        0  libshutdown2.o(.ARM.Collect$$libshutdown$$00000004)
    .ARM.Collect$$libshutdown$$00000007      0x080001d8   Section        0  libshutdown2.o(.ARM.Collect$$libshutdown$$00000007)
    .ARM.Collect$$libshutdown$$0000000A      0x080001d8   Section        0  libshutdown2.o(.ARM.Collect$$libshutdown$$0000000A)
    .ARM.Collect$$libshutdown$$0000000C      0x080001d8   Section        0  libshutdown2.o(.ARM.Collect$$libshutdown$$0000000C)
    .ARM.Collect$$libshutdown$$0000000F      0x080001d8   Section        0  libshutdown2.o(.ARM.Collect$$libshutdown$$0000000F)
    .ARM.Collect$$libshutdown$$00000010      0x080001d8   Section        2  libshutdown2.o(.ARM.Collect$$libshutdown$$00000010)
    .ARM.Collect$$rtentry$$00000000          0x080001da   Section        0  __rtentry.o(.ARM.Collect$$rtentry$$00000000)
    .ARM.Collect$$rtentry$$00000002          0x080001da   Section        0  __rtentry2.o(.ARM.Collect$$rtentry$$00000002)
    .ARM.Collect$$rtentry$$00000004          0x080001da   Section        6  __rtentry4.o(.ARM.Collect$$rtentry$$00000004)
    .ARM.Collect$$rtentry$$00000009          0x080001e0   Section        0  __rtentry2.o(.ARM.Collect$$rtentry$$00000009)
    .ARM.Collect$$rtentry$$0000000A          0x080001e0   Section        4  __rtentry2.o(.ARM.Collect$$rtentry$$0000000A)
    .ARM.Collect$$rtentry$$0000000C          0x080001e4   Section        0  __rtentry2.o(.ARM.Collect$$rtentry$$0000000C)
    .ARM.Collect$$rtentry$$0000000D          0x080001e4   Section        8  __rtentry2.o(.ARM.Collect$$rtentry$$0000000D)
    .ARM.Collect$$rtexit$$00000000           0x080001ec   Section        2  rtexit.o(.ARM.Collect$$rtexit$$00000000)
    .ARM.Collect$$rtexit$$00000002           0x080001ee   Section        0  rtexit2.o(.ARM.Collect$$rtexit$$00000002)
    .ARM.Collect$$rtexit$$00000003           0x080001ee   Section        4  rtexit2.o(.ARM.Collect$$rtexit$$00000003)
    .ARM.Collect$$rtexit$$00000004           0x080001f2   Section        6  rtexit2.o(.ARM.Collect$$rtexit$$00000004)
    .emb_text                                0x080001f8   Section        0  maybetermalloc1.o(.emb_text)
    .text                                    0x080001f8   Section       64  startup_stm32f103xb.o(.text)
    .text                                    0x08000238   Section        0  noretval__2printf.o(.text)
    .text                                    0x08000250   Section        0  __printf.o(.text)
    .text                                    0x080002b8   Section       78  rt_memclr_w.o(.text)
    .text                                    0x08000306   Section        0  heapauxi.o(.text)
    .text                                    0x0800030c   Section        0  _rserrno.o(.text)
    .text                                    0x08000322   Section        0  _printf_fp_dec.o(.text)
    _fp_digits                               0x08000325   Thumb Code   432  _printf_fp_dec.o(.text)
    .text                                    0x08000740   Section        0  _printf_char_file.o(.text)
    .text                                    0x08000764   Section        8  rt_locale_intlibspace.o(.text)
    .text                                    0x0800076c   Section        8  rt_errno_addr_intlibspace.o(.text)
    .text                                    0x08000774   Section      138  lludiv10.o(.text)
    .text                                    0x08000800   Section        0  _printf_char_common.o(.text)
    _printf_input_char                       0x08000801   Thumb Code    10  _printf_char_common.o(.text)
    .text                                    0x08000830   Section        0  _printf_fp_infnan.o(.text)
    .text                                    0x080008b0   Section        0  bigflt0.o(.text)
    .text                                    0x08000994   Section        0  ferror.o(.text)
    .text                                    0x0800099c   Section        0  initio.o(.text)
    .text                                    0x08000ad4   Section        0  sys_io.o(.text)
    .text                                    0x08000b3c   Section        8  libspace.o(.text)
    .text                                    0x08000b44   Section       74  sys_stackheap_outer.o(.text)
    .text                                    0x08000b8e   Section        0  h1_free.o(.text)
    .text                                    0x08000bdc   Section        0  setvbuf.o(.text)
    .text                                    0x08000c24   Section        0  fopen.o(.text)
    _freopen_locked                          0x08000c25   Thumb Code     0  fopen.o(.text)
    .text                                    0x08000d10   Section        0  fclose.o(.text)
    .text                                    0x08000d5c   Section        0  exit.o(.text)
    .text                                    0x08000d6e   Section        0  defsig_rtred_outer.o(.text)
    .text                                    0x08000d7c   Section      128  strcmpv7m.o(.text)
    .text                                    0x08000dfc   Section        2  use_no_semi.o(.text)
    .text                                    0x08000dfe   Section        0  indicate_semi.o(.text)
    .text                                    0x08000e00   Section        8  rt_heap_descriptor_intlibspace.o(.text)
    .text                                    0x08000e08   Section        0  hguard.o(.text)
    .text                                    0x08000e0c   Section        0  init_alloc.o(.text)
    .text                                    0x08000e96   Section        0  h1_alloc.o(.text)
    .text                                    0x08000ef4   Section        0  fseek.o(.text)
    .text                                    0x08000fec   Section        0  stdio.o(.text)
    .text                                    0x080010dc   Section        0  defsig_exit.o(.text)
    .text                                    0x080010e8   Section        0  defsig_rtred_inner.o(.text)
    .text                                    0x0800111c   Section        0  strlen.o(.text)
    .text                                    0x0800115c   Section        0  sys_exit.o(.text)
    .text                                    0x08001168   Section        0  h1_init.o(.text)
    .text                                    0x08001176   Section        0  h1_extend.o(.text)
    .text                                    0x080011aa   Section        0  ftell.o(.text)
    .text                                    0x080011ec   Section        0  defsig_general.o(.text)
    .text                                    0x0800121e   Section        0  defsig_rtmem_outer.o(.text)
    .text                                    0x0800122c   Section        0  sys_wrch.o(.text)
    .text                                    0x0800123c   Section        0  defsig_rtmem_inner.o(.text)
    [Anonymous Symbol]                       0x0800128c   Section        0  arm_bitreversal2.o(.text.arm_bitreversal_32)
    [Anonymous Symbol]                       0x080012cc   Section        0  arm_cfft_f32.o(.text.arm_cfft_f32)
    [Anonymous Symbol]                       0x080013cc   Section        0  arm_cfft_f32.o(.text.arm_cfft_radix8by2_f32)
    [Anonymous Symbol]                       0x08001650   Section        0  arm_cfft_f32.o(.text.arm_cfft_radix8by4_f32)
    [Anonymous Symbol]                       0x08001cec   Section        0  arm_cmplx_mag_f32.o(.text.arm_cmplx_mag_f32)
    [Anonymous Symbol]                       0x08001dd4   Section        0  arm_cfft_radix8_f32.o(.text.arm_radix8_butterfly_f32)
    CL$$btod_d2e                             0x0800265a   Section       62  btod.o(CL$$btod_d2e)
    CL$$btod_d2e_denorm_low                  0x08002698   Section       70  btod.o(CL$$btod_d2e_denorm_low)
    CL$$btod_d2e_norm_op1                    0x080026de   Section       96  btod.o(CL$$btod_d2e_norm_op1)
    CL$$btod_div_common                      0x0800273e   Section      824  btod.o(CL$$btod_div_common)
    CL$$btod_e2e                             0x08002a76   Section      220  btod.o(CL$$btod_e2e)
    CL$$btod_ediv                            0x08002b52   Section       42  btod.o(CL$$btod_ediv)
    CL$$btod_emul                            0x08002b7c   Section       42  btod.o(CL$$btod_emul)
    CL$$btod_mult_common                     0x08002ba6   Section      580  btod.o(CL$$btod_mult_common)
    i.BusFault_Handler                       0x08002dea   Section        0  stm32f1xx_it.o(i.BusFault_Handler)
    i.DebugMon_Handler                       0x08002dec   Section        0  stm32f1xx_it.o(i.DebugMon_Handler)
    i.Error_Handler                          0x08002dee   Section        0  main.o(i.Error_Handler)
    i.HAL_Delay                              0x08002df4   Section        0  stm32f1xx_hal.o(i.HAL_Delay)
    i.HAL_GPIO_Init                          0x08002e18   Section        0  stm32f1xx_hal_gpio.o(i.HAL_GPIO_Init)
    i.HAL_GetTick                            0x08002ff8   Section        0  stm32f1xx_hal.o(i.HAL_GetTick)
    i.HAL_IncTick                            0x08003004   Section        0  stm32f1xx_hal.o(i.HAL_IncTick)
    i.HAL_Init                               0x08003014   Section        0  stm32f1xx_hal.o(i.HAL_Init)
    i.HAL_InitTick                           0x08003038   Section        0  stm32f1xx_hal.o(i.HAL_InitTick)
    i.HAL_MspInit                            0x08003078   Section        0  stm32f1xx_hal_msp.o(i.HAL_MspInit)
    i.HAL_NVIC_SetPriority                   0x080030a4   Section        0  stm32f1xx_hal_cortex.o(i.HAL_NVIC_SetPriority)
    i.HAL_NVIC_SetPriorityGrouping           0x080030e4   Section        0  stm32f1xx_hal_cortex.o(i.HAL_NVIC_SetPriorityGrouping)
    i.HAL_RCC_ClockConfig                    0x08003108   Section        0  stm32f1xx_hal_rcc.o(i.HAL_RCC_ClockConfig)
    i.HAL_RCC_GetPCLK1Freq                   0x08003234   Section        0  stm32f1xx_hal_rcc.o(i.HAL_RCC_GetPCLK1Freq)
    i.HAL_RCC_GetPCLK2Freq                   0x08003254   Section        0  stm32f1xx_hal_rcc.o(i.HAL_RCC_GetPCLK2Freq)
    i.HAL_RCC_GetSysClockFreq                0x08003274   Section        0  stm32f1xx_hal_rcc.o(i.HAL_RCC_GetSysClockFreq)
    i.HAL_RCC_OscConfig                      0x080032c0   Section        0  stm32f1xx_hal_rcc.o(i.HAL_RCC_OscConfig)
    i.HAL_SYSTICK_Config                     0x080035e0   Section        0  stm32f1xx_hal_cortex.o(i.HAL_SYSTICK_Config)
    i.HAL_UART_Init                          0x08003608   Section        0  stm32f1xx_hal_uart.o(i.HAL_UART_Init)
    i.HAL_UART_MspInit                       0x0800366c   Section        0  usart.o(i.HAL_UART_MspInit)
    i.HAL_UART_Transmit                      0x080036dc   Section        0  stm32f1xx_hal_uart.o(i.HAL_UART_Transmit)
    i.HardFault_Handler                      0x08003776   Section        0  stm32f1xx_it.o(i.HardFault_Handler)
    i.MX_GPIO_Init                           0x08003778   Section        0  gpio.o(i.MX_GPIO_Init)
    i.MX_USART1_UART_Init                    0x080037b4   Section        0  usart.o(i.MX_USART1_UART_Init)
    i.MemManage_Handler                      0x080037ec   Section        0  stm32f1xx_it.o(i.MemManage_Handler)
    i.NMI_Handler                            0x080037ee   Section        0  stm32f1xx_it.o(i.NMI_Handler)
    i.PendSV_Handler                         0x080037f0   Section        0  stm32f1xx_it.o(i.PendSV_Handler)
    i.SVC_Handler                            0x080037f2   Section        0  stm32f1xx_it.o(i.SVC_Handler)
    i.SysTick_Handler                        0x080037f4   Section        0  stm32f1xx_it.o(i.SysTick_Handler)
    i.SystemClock_Config                     0x080037f8   Section        0  main.o(i.SystemClock_Config)
    i.SystemInit                             0x08003856   Section        0  system_stm32f1xx.o(i.SystemInit)
    i.UART_SetConfig                         0x08003858   Section        0  stm32f1xx_hal_uart.o(i.UART_SetConfig)
    UART_SetConfig                           0x08003859   Thumb Code   178  stm32f1xx_hal_uart.o(i.UART_SetConfig)
    i.UART_WaitOnFlagUntilTimeout            0x08003910   Section        0  stm32f1xx_hal_uart.o(i.UART_WaitOnFlagUntilTimeout)
    UART_WaitOnFlagUntilTimeout              0x08003911   Thumb Code   120  stm32f1xx_hal_uart.o(i.UART_WaitOnFlagUntilTimeout)
    i.UsageFault_Handler                     0x08003988   Section        0  stm32f1xx_it.o(i.UsageFault_Handler)
    i.__ARM_fpclassify                       0x0800398a   Section        0  fpclassify.o(i.__ARM_fpclassify)
    i.__NVIC_SetPriority                     0x080039b2   Section        0  stm32f1xx_hal_cortex.o(i.__NVIC_SetPriority)
    __NVIC_SetPriority                       0x080039b3   Thumb Code    32  stm32f1xx_hal_cortex.o(i.__NVIC_SetPriority)
    i.fputc                                  0x080039d4   Section        0  main.o(i.fputc)
    i.main                                   0x080039ec   Section        0  main.o(i.main)
    i.sqrtf                                  0x08003a90   Section        0  sqrtf.o(i.sqrtf)
    locale$$code                             0x08003abc   Section       44  lc_numeric_c.o(locale$$code)
    x$fpl$dretinf                            0x08003ae8   Section       12  dretinf.o(x$fpl$dretinf)
    x$fpl$f2d                                0x08003af4   Section       86  f2d.o(x$fpl$f2d)
    x$fpl$fadd                               0x08003b4c   Section      196  faddsub_clz.o(x$fpl$fadd)
    _fadd1                                   0x08003b5b   Thumb Code     0  faddsub_clz.o(x$fpl$fadd)
    x$fpl$fcheck1                            0x08003c10   Section       12  fcheck1.o(x$fpl$fcheck1)
    x$fpl$fdiv                               0x08003c1c   Section      388  fdiv.o(x$fpl$fdiv)
    _fdiv1                                   0x08003c1d   Thumb Code     0  fdiv.o(x$fpl$fdiv)
    x$fpl$ffltu                              0x08003da0   Section       38  fflt_clz.o(x$fpl$ffltu)
    x$fpl$fmul                               0x08003dc8   Section      258  fmul.o(x$fpl$fmul)
    x$fpl$fnaninf                            0x08003eca   Section      140  fnaninf.o(x$fpl$fnaninf)
    x$fpl$fretinf                            0x08003f56   Section       10  fretinf.o(x$fpl$fretinf)
    x$fpl$fsqrt                              0x08003f60   Section      272  fsqrt.o(x$fpl$fsqrt)
    x$fpl$fsub                               0x08004070   Section      234  faddsub_clz.o(x$fpl$fsub)
    _fsub1                                   0x0800407f   Thumb Code     0  faddsub_clz.o(x$fpl$fsub)
    x$fpl$printf1                            0x0800415a   Section        4  printf1.o(x$fpl$printf1)
    x$fpl$retnan                             0x0800415e   Section      100  retnan.o(x$fpl$retnan)
    x$fpl$scalbnf                            0x080041c2   Section       76  scalbnf.o(x$fpl$scalbnf)
    x$fpl$trapveneer                         0x0800420e   Section       48  trapv.o(x$fpl$trapveneer)
    .constdata                               0x0800423e   Section       18  stm32f1xx_hal_rcc.o(.constdata)
    x$fpl$usenofp                            0x0800423e   Section        0  usenofp.o(x$fpl$usenofp)
    aPredivFactorTable                       0x0800423e   Data           2  stm32f1xx_hal_rcc.o(.constdata)
    aPLLMULFactorTable                       0x08004240   Data          16  stm32f1xx_hal_rcc.o(.constdata)
    .constdata                               0x08004250   Section       16  system_stm32f1xx.o(.constdata)
    .constdata                               0x08004260   Section        8  system_stm32f1xx.o(.constdata)
    .constdata                               0x08004268   Section      148  bigflt0.o(.constdata)
    tenpwrs_x                                0x08004268   Data          60  bigflt0.o(.constdata)
    tenpwrs_i                                0x080042a4   Data          64  bigflt0.o(.constdata)
    .constdata                               0x080042fc   Section        4  sys_io.o(.constdata)
    .constdata                               0x08004300   Section        4  sys_io.o(.constdata)
    .constdata                               0x08004304   Section        4  sys_io.o(.constdata)
    locale$$data                             0x08004ea8   Section       28  lc_numeric_c.o(locale$$data)
    __lcnum_c_name                           0x08004eac   Data           2  lc_numeric_c.o(locale$$data)
    __lcnum_c_start                          0x08004eb4   Data           0  lc_numeric_c.o(locale$$data)
    __lcnum_c_point                          0x08004ec0   Data           0  lc_numeric_c.o(locale$$data)
    __lcnum_c_thousands                      0x08004ec2   Data           0  lc_numeric_c.o(locale$$data)
    __lcnum_c_grouping                       0x08004ec3   Data           0  lc_numeric_c.o(locale$$data)
    __lcnum_c_end                            0x08004ec4   Data           0  lc_numeric_c.o(locale$$data)
    .data                                    0x20000000   Section     1032  main.o(.data)
    .data                                    0x20000408   Section       12  stm32f1xx_hal.o(.data)
    .data                                    0x20000414   Section        4  system_stm32f1xx.o(.data)
    .data                                    0x20000418   Section        4  stdio_streams.o(.data)
    .data                                    0x2000041c   Section        4  stdio_streams.o(.data)
    .data                                    0x20000420   Section        4  stdio_streams.o(.data)
    .bss                                     0x20000424   Section     2560  main.o(.bss)
    .bss                                     0x20000e24   Section       72  usart.o(.bss)
    .bss                                     0x20000e6c   Section       84  stdio_streams.o(.bss)
    .bss                                     0x20000ec0   Section       84  stdio_streams.o(.bss)
    .bss                                     0x20000f14   Section       84  stdio_streams.o(.bss)
    .bss                                     0x20000f68   Section       96  libspace.o(.bss)
    HEAP                                     0x20000fc8   Section      512  startup_stm32f103xb.o(HEAP)
    Heap_Mem                                 0x20000fc8   Data         512  startup_stm32f103xb.o(HEAP)
    STACK                                    0x200011c8   Section     1024  startup_stm32f103xb.o(STACK)
    Stack_Mem                                0x200011c8   Data        1024  startup_stm32f103xb.o(STACK)
    __initial_sp                             0x200015c8   Data           0  startup_stm32f103xb.o(STACK)

    Global Symbols

    Symbol Name                              Value     Ov Type        Size  Object(Section)

    BuildAttributes$$THM_ISAv4$P$D$K$B$S$PE$A:L22UL41UL21$X:L11$S22US41US21$IEEE1$IW$USESV6$~STKCKD$USESV7$~SHL$OTIME$ROPI$IEEEJ$EBA8$UX$STANDARDLIB$REQ8$PRES8$EABIv2 0x00000000   Number         0  anon$$obj.o ABSOLUTE
    __ARM_use_no_argv                        0x00000000   Number         0  main.o ABSOLUTE
    __ARM_exceptions_init                     - Undefined Weak Reference
    __alloca_initialize                       - Undefined Weak Reference
    __arm_preinit_                            - Undefined Weak Reference
    __cpp_initialize__aeabi_                  - Undefined Weak Reference
    __cxa_finalize                            - Undefined Weak Reference
    __sigvec_lookup                           - Undefined Weak Reference
    __user_heap_extent                        - Undefined Weak Reference
    _atexit_init                              - Undefined Weak Reference
    _call_atexit_fns                          - Undefined Weak Reference
    _clock_init                               - Undefined Weak Reference
    _fp_trap_init                             - Undefined Weak Reference
    _fp_trap_shutdown                         - Undefined Weak Reference
    _get_lc_collate                           - Undefined Weak Reference
    _get_lc_ctype                             - Undefined Weak Reference
    _get_lc_monetary                          - Undefined Weak Reference
    _get_lc_time                              - Undefined Weak Reference
    _getenv_init                              - Undefined Weak Reference
    _handle_redirection                       - Undefined Weak Reference
    _mutex_acquire                            - Undefined Weak Reference
    _mutex_free                               - Undefined Weak Reference
    _mutex_release                            - Undefined Weak Reference
    _printf_post_padding                      - Undefined Weak Reference
    _printf_pre_padding                       - Undefined Weak Reference
    _rand_init                                - Undefined Weak Reference
    _signal_finish                            - Undefined Weak Reference
    _signal_init                              - Undefined Weak Reference
    __Vectors_Size                           0x000000ec   Number         0  startup_stm32f103xb.o ABSOLUTE
    __Vectors                                0x08000000   Data           4  startup_stm32f103xb.o(RESET)
    __Vectors_End                            0x080000ec   Data           0  startup_stm32f103xb.o(RESET)
    __main                                   0x080000ed   Thumb Code     8  __main.o(!!!main)
    __scatterload                            0x080000f5   Thumb Code     0  __scatter.o(!!!scatter)
    __scatterload_rt2                        0x080000f5   Thumb Code    44  __scatter.o(!!!scatter)
    __scatterload_rt2_thumb_only             0x080000f5   Thumb Code     0  __scatter.o(!!!scatter)
    __scatterload_null                       0x08000103   Thumb Code     0  __scatter.o(!!!scatter)
    __decompress                             0x08000129   Thumb Code   100  __dclz77c.o(!!dclz77c)
    __decompress2                            0x08000129   Thumb Code     0  __dclz77c.o(!!dclz77c)
    __scatterload_zeroinit                   0x0800018d   Thumb Code    28  __scatter_zi.o(!!handler_zi)
    _printf_f                                0x080001a9   Thumb Code     0  _printf_f.o(.ARM.Collect$$_printf_percent$$00000003)
    _printf_percent                          0x080001a9   Thumb Code     0  _printf_percent.o(.ARM.Collect$$_printf_percent$$00000000)
    _printf_percent_end                      0x080001af   Thumb Code     0  _printf_percent_end.o(.ARM.Collect$$_printf_percent$$00000017)
    __rt_lib_init                            0x080001b3   Thumb Code     0  libinit.o(.ARM.Collect$$libinit$$00000000)
    __rt_lib_init_fp_1                       0x080001b5   Thumb Code     0  libinit2.o(.ARM.Collect$$libinit$$00000002)
    __rt_lib_init_heap_2                     0x080001b5   Thumb Code     0  libinit2.o(.ARM.Collect$$libinit$$00000005)
    __rt_lib_init_preinit_1                  0x080001b5   Thumb Code     0  libinit2.o(.ARM.Collect$$libinit$$00000004)
    __rt_lib_init_heap_1                     0x080001bd   Thumb Code     0  libinit2.o(.ARM.Collect$$libinit$$0000000A)
    __rt_lib_init_lc_common                  0x080001bd   Thumb Code     0  libinit2.o(.ARM.Collect$$libinit$$0000000F)
    __rt_lib_init_rand_1                     0x080001bd   Thumb Code     0  libinit2.o(.ARM.Collect$$libinit$$0000000E)
    __rt_lib_init_user_alloc_1               0x080001bd   Thumb Code     0  libinit2.o(.ARM.Collect$$libinit$$0000000C)
    __rt_lib_init_lc_collate_1               0x080001c3   Thumb Code     0  libinit2.o(.ARM.Collect$$libinit$$00000011)
    __rt_lib_init_lc_ctype_1                 0x080001c3   Thumb Code     0  libinit2.o(.ARM.Collect$$libinit$$00000013)
    __rt_lib_init_lc_monetary_1              0x080001c3   Thumb Code     0  libinit2.o(.ARM.Collect$$libinit$$00000015)
    __rt_lib_init_lc_numeric_2               0x080001c3   Thumb Code     0  libinit2.o(.ARM.Collect$$libinit$$00000016)
    __rt_lib_init_atexit_1                   0x080001cd   Thumb Code     0  libinit2.o(.ARM.Collect$$libinit$$0000001B)
    __rt_lib_init_clock_1                    0x080001cd   Thumb Code     0  libinit2.o(.ARM.Collect$$libinit$$00000021)
    __rt_lib_init_fp_trap_1                  0x080001cd   Thumb Code     0  libinit2.o(.ARM.Collect$$libinit$$0000001F)
    __rt_lib_init_getenv_1                   0x080001cd   Thumb Code     0  libinit2.o(.ARM.Collect$$libinit$$00000023)
    __rt_lib_init_lc_numeric_1               0x080001cd   Thumb Code     0  libinit2.o(.ARM.Collect$$libinit$$00000017)
    __rt_lib_init_lc_time_1                  0x080001cd   Thumb Code     0  libinit2.o(.ARM.Collect$$libinit$$00000019)
    __rt_lib_init_signal_1                   0x080001cd   Thumb Code     0  libinit2.o(.ARM.Collect$$libinit$$0000001D)
    __rt_lib_init_stdio_2                    0x080001cd   Thumb Code     0  libinit2.o(.ARM.Collect$$libinit$$00000024)
    __rt_lib_init_alloca_1                   0x080001d1   Thumb Code     0  libinit2.o(.ARM.Collect$$libinit$$0000002E)
    __rt_lib_init_argv_1                     0x080001d1   Thumb Code     0  libinit2.o(.ARM.Collect$$libinit$$0000002C)
    __rt_lib_init_cpp_1                      0x080001d1   Thumb Code     0  libinit2.o(.ARM.Collect$$libinit$$00000032)
    __rt_lib_init_exceptions_1               0x080001d1   Thumb Code     0  libinit2.o(.ARM.Collect$$libinit$$00000030)
    __rt_lib_init_return                     0x080001d1   Thumb Code     0  libinit2.o(.ARM.Collect$$libinit$$00000033)
    __rt_lib_init_stdio_1                    0x080001d1   Thumb Code     0  libinit2.o(.ARM.Collect$$libinit$$00000025)
    __rt_lib_shutdown                        0x080001d3   Thumb Code     0  libshutdown.o(.ARM.Collect$$libshutdown$$00000000)
    __rt_lib_shutdown_cpp_1                  0x080001d5   Thumb Code     0  libshutdown2.o(.ARM.Collect$$libshutdown$$00000002)
    __rt_lib_shutdown_stdio_2                0x080001d5   Thumb Code     0  libshutdown2.o(.ARM.Collect$$libshutdown$$00000003)
    __rt_lib_shutdown_fp_trap_1              0x080001d9   Thumb Code     0  libshutdown2.o(.ARM.Collect$$libshutdown$$00000007)
    __rt_lib_shutdown_heap_1                 0x080001d9   Thumb Code     0  libshutdown2.o(.ARM.Collect$$libshutdown$$0000000F)
    __rt_lib_shutdown_return                 0x080001d9   Thumb Code     0  libshutdown2.o(.ARM.Collect$$libshutdown$$00000010)
    __rt_lib_shutdown_signal_1               0x080001d9   Thumb Code     0  libshutdown2.o(.ARM.Collect$$libshutdown$$0000000A)
    __rt_lib_shutdown_stdio_1                0x080001d9   Thumb Code     0  libshutdown2.o(.ARM.Collect$$libshutdown$$00000004)
    __rt_lib_shutdown_user_alloc_1           0x080001d9   Thumb Code     0  libshutdown2.o(.ARM.Collect$$libshutdown$$0000000C)
    __rt_entry                               0x080001db   Thumb Code     0  __rtentry.o(.ARM.Collect$$rtentry$$00000000)
    __rt_entry_presh_1                       0x080001db   Thumb Code     0  __rtentry2.o(.ARM.Collect$$rtentry$$00000002)
    __rt_entry_sh                            0x080001db   Thumb Code     0  __rtentry4.o(.ARM.Collect$$rtentry$$00000004)
    __rt_entry_li                            0x080001e1   Thumb Code     0  __rtentry2.o(.ARM.Collect$$rtentry$$0000000A)
    __rt_entry_postsh_1                      0x080001e1   Thumb Code     0  __rtentry2.o(.ARM.Collect$$rtentry$$00000009)
    __rt_entry_main                          0x080001e5   Thumb Code     0  __rtentry2.o(.ARM.Collect$$rtentry$$0000000D)
    __rt_entry_postli_1                      0x080001e5   Thumb Code     0  __rtentry2.o(.ARM.Collect$$rtentry$$0000000C)
    __rt_exit                                0x080001ed   Thumb Code     0  rtexit.o(.ARM.Collect$$rtexit$$00000000)
    __rt_exit_ls                             0x080001ef   Thumb Code     0  rtexit2.o(.ARM.Collect$$rtexit$$00000003)
    __rt_exit_prels_1                        0x080001ef   Thumb Code     0  rtexit2.o(.ARM.Collect$$rtexit$$00000002)
    __rt_exit_exit                           0x080001f3   Thumb Code     0  rtexit2.o(.ARM.Collect$$rtexit$$00000004)
    Reset_Handler                            0x080001f9   Thumb Code     8  startup_stm32f103xb.o(.text)
    _maybe_terminate_alloc                   0x080001f9   Thumb Code     0  maybetermalloc1.o(.emb_text)
    ADC1_2_IRQHandler                        0x08000213   Thumb Code     0  startup_stm32f103xb.o(.text)
    CAN1_RX1_IRQHandler                      0x08000213   Thumb Code     0  startup_stm32f103xb.o(.text)
    CAN1_SCE_IRQHandler                      0x08000213   Thumb Code     0  startup_stm32f103xb.o(.text)
    DMA1_Channel1_IRQHandler                 0x08000213   Thumb Code     0  startup_stm32f103xb.o(.text)
    DMA1_Channel2_IRQHandler                 0x08000213   Thumb Code     0  startup_stm32f103xb.o(.text)
    DMA1_Channel3_IRQHandler                 0x08000213   Thumb Code     0  startup_stm32f103xb.o(.text)
    DMA1_Channel4_IRQHandler                 0x08000213   Thumb Code     0  startup_stm32f103xb.o(.text)
    DMA1_Channel5_IRQHandler                 0x08000213   Thumb Code     0  startup_stm32f103xb.o(.text)
    DMA1_Channel6_IRQHandler                 0x08000213   Thumb Code     0  startup_stm32f103xb.o(.text)
    DMA1_Channel7_IRQHandler                 0x08000213   Thumb Code     0  startup_stm32f103xb.o(.text)
    EXTI0_IRQHandler                         0x08000213   Thumb Code     0  startup_stm32f103xb.o(.text)
    EXTI15_10_IRQHandler                     0x08000213   Thumb Code     0  startup_stm32f103xb.o(.text)
    EXTI1_IRQHandler                         0x08000213   Thumb Code     0  startup_stm32f103xb.o(.text)
    EXTI2_IRQHandler                         0x08000213   Thumb Code     0  startup_stm32f103xb.o(.text)
    EXTI3_IRQHandler                         0x08000213   Thumb Code     0  startup_stm32f103xb.o(.text)
    EXTI4_IRQHandler                         0x08000213   Thumb Code     0  startup_stm32f103xb.o(.text)
    EXTI9_5_IRQHandler                       0x08000213   Thumb Code     0  startup_stm32f103xb.o(.text)
    FLASH_IRQHandler                         0x08000213   Thumb Code     0  startup_stm32f103xb.o(.text)
    I2C1_ER_IRQHandler                       0x08000213   Thumb Code     0  startup_stm32f103xb.o(.text)
    I2C1_EV_IRQHandler                       0x08000213   Thumb Code     0  startup_stm32f103xb.o(.text)
    I2C2_ER_IRQHandler                       0x08000213   Thumb Code     0  startup_stm32f103xb.o(.text)
    I2C2_EV_IRQHandler                       0x08000213   Thumb Code     0  startup_stm32f103xb.o(.text)
    PVD_IRQHandler                           0x08000213   Thumb Code     0  startup_stm32f103xb.o(.text)
    RCC_IRQHandler                           0x08000213   Thumb Code     0  startup_stm32f103xb.o(.text)
    RTC_Alarm_IRQHandler                     0x08000213   Thumb Code     0  startup_stm32f103xb.o(.text)
    RTC_IRQHandler                           0x08000213   Thumb Code     0  startup_stm32f103xb.o(.text)
    SPI1_IRQHandler                          0x08000213   Thumb Code     0  startup_stm32f103xb.o(.text)
    SPI2_IRQHandler                          0x08000213   Thumb Code     0  startup_stm32f103xb.o(.text)
    TAMPER_IRQHandler                        0x08000213   Thumb Code     0  startup_stm32f103xb.o(.text)
    TIM1_BRK_IRQHandler                      0x08000213   Thumb Code     0  startup_stm32f103xb.o(.text)
    TIM1_CC_IRQHandler                       0x08000213   Thumb Code     0  startup_stm32f103xb.o(.text)
    TIM1_TRG_COM_IRQHandler                  0x08000213   Thumb Code     0  startup_stm32f103xb.o(.text)
    TIM1_UP_IRQHandler                       0x08000213   Thumb Code     0  startup_stm32f103xb.o(.text)
    TIM2_IRQHandler                          0x08000213   Thumb Code     0  startup_stm32f103xb.o(.text)
    TIM3_IRQHandler                          0x08000213   Thumb Code     0  startup_stm32f103xb.o(.text)
    TIM4_IRQHandler                          0x08000213   Thumb Code     0  startup_stm32f103xb.o(.text)
    USART1_IRQHandler                        0x08000213   Thumb Code     0  startup_stm32f103xb.o(.text)
    USART2_IRQHandler                        0x08000213   Thumb Code     0  startup_stm32f103xb.o(.text)
    USART3_IRQHandler                        0x08000213   Thumb Code     0  startup_stm32f103xb.o(.text)
    USBWakeUp_IRQHandler                     0x08000213   Thumb Code     0  startup_stm32f103xb.o(.text)
    USB_HP_CAN1_TX_IRQHandler                0x08000213   Thumb Code     0  startup_stm32f103xb.o(.text)
    USB_LP_CAN1_RX0_IRQHandler               0x08000213   Thumb Code     0  startup_stm32f103xb.o(.text)
    WWDG_IRQHandler                          0x08000213   Thumb Code     0  startup_stm32f103xb.o(.text)
    __user_initial_stackheap                 0x08000215   Thumb Code     0  startup_stm32f103xb.o(.text)
    __2printf                                0x08000239   Thumb Code    20  noretval__2printf.o(.text)
    __printf                                 0x08000251   Thumb Code   104  __printf.o(.text)
    __aeabi_memclr4                          0x080002b9   Thumb Code     0  rt_memclr_w.o(.text)
    __aeabi_memclr8                          0x080002b9   Thumb Code     0  rt_memclr_w.o(.text)
    __rt_memclr_w                            0x080002b9   Thumb Code    78  rt_memclr_w.o(.text)
    _memset_w                                0x080002bd   Thumb Code     0  rt_memclr_w.o(.text)
    __use_two_region_memory                  0x08000307   Thumb Code     2  heapauxi.o(.text)
    __rt_heap_escrow                         0x08000309   Thumb Code     2  heapauxi.o(.text)
    __rt_heap_expand                         0x0800030b   Thumb Code     2  heapauxi.o(.text)
    __read_errno                             0x0800030d   Thumb Code    10  _rserrno.o(.text)
    __set_errno                              0x08000317   Thumb Code    12  _rserrno.o(.text)
    __lib_sel_fp_printf                      0x08000323   Thumb Code     2  _printf_fp_dec.o(.text)
    _printf_fp_dec_real                      0x080004d5   Thumb Code   620  _printf_fp_dec.o(.text)
    _printf_char_file                        0x08000741   Thumb Code    32  _printf_char_file.o(.text)
    __rt_locale                              0x08000765   Thumb Code     8  rt_locale_intlibspace.o(.text)
    __aeabi_errno_addr                       0x0800076d   Thumb Code     8  rt_errno_addr_intlibspace.o(.text)
    __errno$intlibspace                      0x0800076d   Thumb Code     0  rt_errno_addr_intlibspace.o(.text)
    __rt_errno_addr$intlibspace              0x0800076d   Thumb Code     0  rt_errno_addr_intlibspace.o(.text)
    _ll_udiv10                               0x08000775   Thumb Code   138  lludiv10.o(.text)
    _printf_char_common                      0x0800080b   Thumb Code    32  _printf_char_common.o(.text)
    _printf_fp_infnan                        0x08000831   Thumb Code   112  _printf_fp_infnan.o(.text)
    _btod_etento                             0x080008b1   Thumb Code   224  bigflt0.o(.text)
    ferror                                   0x08000995   Thumb Code     8  ferror.o(.text)
    _initio                                  0x0800099d   Thumb Code   210  initio.o(.text)
    _terminateio                             0x08000a6f   Thumb Code    56  initio.o(.text)
    _sys_open                                0x08000ad5   Thumb Code    20  sys_io.o(.text)
    _sys_close                               0x08000ae9   Thumb Code    12  sys_io.o(.text)
    _sys_write                               0x08000af5   Thumb Code    16  sys_io.o(.text)
    _sys_read                                0x08000b05   Thumb Code    14  sys_io.o(.text)
    _sys_istty                               0x08000b13   Thumb Code    12  sys_io.o(.text)
    _sys_seek                                0x08000b1f   Thumb Code    14  sys_io.o(.text)
    _sys_ensure                              0x08000b2d   Thumb Code     2  sys_io.o(.text)
    _sys_flen                                0x08000b2f   Thumb Code    12  sys_io.o(.text)
    __user_libspace                          0x08000b3d   Thumb Code     8  libspace.o(.text)
    __user_perproc_libspace                  0x08000b3d   Thumb Code     0  libspace.o(.text)
    __user_perthread_libspace                0x08000b3d   Thumb Code     0  libspace.o(.text)
    __user_setup_stackheap                   0x08000b45   Thumb Code    74  sys_stackheap_outer.o(.text)
    free                                     0x08000b8f   Thumb Code    78  h1_free.o(.text)
    setvbuf                                  0x08000bdd   Thumb Code    70  setvbuf.o(.text)
    freopen                                  0x08000c25   Thumb Code   158  fopen.o(.text)
    fopen                                    0x08000cc3   Thumb Code    74  fopen.o(.text)
    _fclose_internal                         0x08000d11   Thumb Code    76  fclose.o(.text)
    fclose                                   0x08000d11   Thumb Code     0  fclose.o(.text)
    exit                                     0x08000d5d   Thumb Code    18  exit.o(.text)
    __rt_SIGRTRED                            0x08000d6f   Thumb Code    14  defsig_rtred_outer.o(.text)
    strcmp                                   0x08000d7d   Thumb Code   128  strcmpv7m.o(.text)
    __I$use$semihosting                      0x08000dfd   Thumb Code     0  use_no_semi.o(.text)
    __use_no_semihosting_swi                 0x08000dfd   Thumb Code     2  use_no_semi.o(.text)
    __semihosting_library_function           0x08000dff   Thumb Code     0  indicate_semi.o(.text)
    __rt_heap_descriptor                     0x08000e01   Thumb Code     8  rt_heap_descriptor_intlibspace.o(.text)
    __use_no_heap                            0x08000e09   Thumb Code     2  hguard.o(.text)
    __heap$guard                             0x08000e0b   Thumb Code     2  hguard.o(.text)
    _terminate_user_alloc                    0x08000e0d   Thumb Code     2  init_alloc.o(.text)
    _init_user_alloc                         0x08000e0f   Thumb Code     2  init_alloc.o(.text)
    __Heap_Full                              0x08000e11   Thumb Code    34  init_alloc.o(.text)
    __Heap_Broken                            0x08000e33   Thumb Code     6  init_alloc.o(.text)
    _init_alloc                              0x08000e39   Thumb Code    94  init_alloc.o(.text)
    malloc                                   0x08000e97   Thumb Code    94  h1_alloc.o(.text)
    _fseek                                   0x08000ef5   Thumb Code   242  fseek.o(.text)
    fseek                                    0x08000ef5   Thumb Code     0  fseek.o(.text)
    _seterr                                  0x08000fed   Thumb Code    20  stdio.o(.text)
    _writebuf                                0x08001001   Thumb Code    84  stdio.o(.text)
    _fflush                                  0x08001055   Thumb Code    70  stdio.o(.text)
    _deferredlazyseek                        0x0800109b   Thumb Code    60  stdio.o(.text)
    __sig_exit                               0x080010dd   Thumb Code    10  defsig_exit.o(.text)
    __rt_SIGRTRED_inner                      0x080010e9   Thumb Code    14  defsig_rtred_inner.o(.text)
    strlen                                   0x0800111d   Thumb Code    62  strlen.o(.text)
    _sys_exit                                0x0800115d   Thumb Code     8  sys_exit.o(.text)
    __Heap_Initialize                        0x08001169   Thumb Code    10  h1_init.o(.text)
    __Heap_DescSize                          0x08001173   Thumb Code     4  h1_init.o(.text)
    __Heap_ProvideMemory                     0x08001177   Thumb Code    52  h1_extend.o(.text)
    _ftell_internal                          0x080011ab   Thumb Code    66  ftell.o(.text)
    ftell                                    0x080011ab   Thumb Code     0  ftell.o(.text)
    __default_signal_display                 0x080011ed   Thumb Code    50  defsig_general.o(.text)
    __rt_SIGRTMEM                            0x0800121f   Thumb Code    14  defsig_rtmem_outer.o(.text)
    _ttywrch                                 0x0800122d   Thumb Code    14  sys_wrch.o(.text)
    __rt_SIGRTMEM_inner                      0x0800123d   Thumb Code    22  defsig_rtmem_inner.o(.text)
    arm_bitreversal_32                       0x0800128d   Thumb Code    64  arm_bitreversal2.o(.text.arm_bitreversal_32)
    arm_cfft_f32                             0x080012cd   Thumb Code   256  arm_cfft_f32.o(.text.arm_cfft_f32)
    arm_cfft_radix8by2_f32                   0x080013cd   Thumb Code   642  arm_cfft_f32.o(.text.arm_cfft_radix8by2_f32)
    arm_cfft_radix8by4_f32                   0x08001651   Thumb Code  1692  arm_cfft_f32.o(.text.arm_cfft_radix8by4_f32)
    arm_cmplx_mag_f32                        0x08001ced   Thumb Code   232  arm_cmplx_mag_f32.o(.text.arm_cmplx_mag_f32)
    arm_radix8_butterfly_f32                 0x08001dd5   Thumb Code  2182  arm_cfft_radix8_f32.o(.text.arm_radix8_butterfly_f32)
    _btod_d2e                                0x0800265b   Thumb Code    62  btod.o(CL$$btod_d2e)
    _d2e_denorm_low                          0x08002699   Thumb Code    70  btod.o(CL$$btod_d2e_denorm_low)
    _d2e_norm_op1                            0x080026df   Thumb Code    96  btod.o(CL$$btod_d2e_norm_op1)
    __btod_div_common                        0x0800273f   Thumb Code   696  btod.o(CL$$btod_div_common)
    _e2e                                     0x08002a77   Thumb Code   220  btod.o(CL$$btod_e2e)
    _btod_ediv                               0x08002b53   Thumb Code    42  btod.o(CL$$btod_ediv)
    _btod_emul                               0x08002b7d   Thumb Code    42  btod.o(CL$$btod_emul)
    __btod_mult_common                       0x08002ba7   Thumb Code   580  btod.o(CL$$btod_mult_common)
    BusFault_Handler                         0x08002deb   Thumb Code     2  stm32f1xx_it.o(i.BusFault_Handler)
    DebugMon_Handler                         0x08002ded   Thumb Code     2  stm32f1xx_it.o(i.DebugMon_Handler)
    Error_Handler                            0x08002def   Thumb Code     4  main.o(i.Error_Handler)
    HAL_Delay                                0x08002df5   Thumb Code    32  stm32f1xx_hal.o(i.HAL_Delay)
    HAL_GPIO_Init                            0x08002e19   Thumb Code   446  stm32f1xx_hal_gpio.o(i.HAL_GPIO_Init)
    HAL_GetTick                              0x08002ff9   Thumb Code     6  stm32f1xx_hal.o(i.HAL_GetTick)
    HAL_IncTick                              0x08003005   Thumb Code    12  stm32f1xx_hal.o(i.HAL_IncTick)
    HAL_Init                                 0x08003015   Thumb Code    32  stm32f1xx_hal.o(i.HAL_Init)
    HAL_InitTick                             0x08003039   Thumb Code    54  stm32f1xx_hal.o(i.HAL_InitTick)
    HAL_MspInit                              0x08003079   Thumb Code    38  stm32f1xx_hal_msp.o(i.HAL_MspInit)
    HAL_NVIC_SetPriority                     0x080030a5   Thumb Code    60  stm32f1xx_hal_cortex.o(i.HAL_NVIC_SetPriority)
    HAL_NVIC_SetPriorityGrouping             0x080030e5   Thumb Code    26  stm32f1xx_hal_cortex.o(i.HAL_NVIC_SetPriorityGrouping)
    HAL_RCC_ClockConfig                      0x08003109   Thumb Code   280  stm32f1xx_hal_rcc.o(i.HAL_RCC_ClockConfig)
    HAL_RCC_GetPCLK1Freq                     0x08003235   Thumb Code    20  stm32f1xx_hal_rcc.o(i.HAL_RCC_GetPCLK1Freq)
    HAL_RCC_GetPCLK2Freq                     0x08003255   Thumb Code    20  stm32f1xx_hal_rcc.o(i.HAL_RCC_GetPCLK2Freq)
    HAL_RCC_GetSysClockFreq                  0x08003275   Thumb Code    58  stm32f1xx_hal_rcc.o(i.HAL_RCC_GetSysClockFreq)
    HAL_RCC_OscConfig                        0x080032c1   Thumb Code   778  stm32f1xx_hal_rcc.o(i.HAL_RCC_OscConfig)
    HAL_SYSTICK_Config                       0x080035e1   Thumb Code    40  stm32f1xx_hal_cortex.o(i.HAL_SYSTICK_Config)
    HAL_UART_Init                            0x08003609   Thumb Code   100  stm32f1xx_hal_uart.o(i.HAL_UART_Init)
    HAL_UART_MspInit                         0x0800366d   Thumb Code   100  usart.o(i.HAL_UART_MspInit)
    HAL_UART_Transmit                        0x080036dd   Thumb Code   154  stm32f1xx_hal_uart.o(i.HAL_UART_Transmit)
    HardFault_Handler                        0x08003777   Thumb Code     2  stm32f1xx_it.o(i.HardFault_Handler)
    MX_GPIO_Init                             0x08003779   Thumb Code    54  gpio.o(i.MX_GPIO_Init)
    MX_USART1_UART_Init                      0x080037b5   Thumb Code    48  usart.o(i.MX_USART1_UART_Init)
    MemManage_Handler                        0x080037ed   Thumb Code     2  stm32f1xx_it.o(i.MemManage_Handler)
    NMI_Handler                              0x080037ef   Thumb Code     2  stm32f1xx_it.o(i.NMI_Handler)
    PendSV_Handler                           0x080037f1   Thumb Code     2  stm32f1xx_it.o(i.PendSV_Handler)
    SVC_Handler                              0x080037f3   Thumb Code     2  stm32f1xx_it.o(i.SVC_Handler)
    SysTick_Handler                          0x080037f5   Thumb Code     4  stm32f1xx_it.o(i.SysTick_Handler)
    SystemClock_Config                       0x080037f9   Thumb Code    94  main.o(i.SystemClock_Config)
    SystemInit                               0x08003857   Thumb Code     2  system_stm32f1xx.o(i.SystemInit)
    UsageFault_Handler                       0x08003989   Thumb Code     2  stm32f1xx_it.o(i.UsageFault_Handler)
    __ARM_fpclassify                         0x0800398b   Thumb Code    40  fpclassify.o(i.__ARM_fpclassify)
    fputc                                    0x080039d5   Thumb Code    20  main.o(i.fputc)
    main                                     0x080039ed   Thumb Code   138  main.o(i.main)
    sqrtf                                    0x08003a91   Thumb Code    44  sqrtf.o(i.sqrtf)
    _get_lc_numeric                          0x08003abd   Thumb Code    44  lc_numeric_c.o(locale$$code)
    __fpl_dretinf                            0x08003ae9   Thumb Code    12  dretinf.o(x$fpl$dretinf)
    __aeabi_f2d                              0x08003af5   Thumb Code     0  f2d.o(x$fpl$f2d)
    _f2d                                     0x08003af5   Thumb Code    86  f2d.o(x$fpl$f2d)
    __aeabi_fadd                             0x08003b4d   Thumb Code     0  faddsub_clz.o(x$fpl$fadd)
    _fadd                                    0x08003b4d   Thumb Code   196  faddsub_clz.o(x$fpl$fadd)
    __fpl_fcheck_NaN1                        0x08003c11   Thumb Code     6  fcheck1.o(x$fpl$fcheck1)
    __aeabi_fdiv                             0x08003c1d   Thumb Code     0  fdiv.o(x$fpl$fdiv)
    _fdiv                                    0x08003c1d   Thumb Code   384  fdiv.o(x$fpl$fdiv)
    __aeabi_ui2f                             0x08003da1   Thumb Code     0  fflt_clz.o(x$fpl$ffltu)
    _ffltu                                   0x08003da1   Thumb Code    38  fflt_clz.o(x$fpl$ffltu)
    __aeabi_fmul                             0x08003dc9   Thumb Code     0  fmul.o(x$fpl$fmul)
    _fmul                                    0x08003dc9   Thumb Code   258  fmul.o(x$fpl$fmul)
    __fpl_fnaninf                            0x08003ecb   Thumb Code   140  fnaninf.o(x$fpl$fnaninf)
    __fpl_fretinf                            0x08003f57   Thumb Code    10  fretinf.o(x$fpl$fretinf)
    _fsqrt                                   0x08003f61   Thumb Code   272  fsqrt.o(x$fpl$fsqrt)
    __aeabi_fsub                             0x08004071   Thumb Code     0  faddsub_clz.o(x$fpl$fsub)
    _fsub                                    0x08004071   Thumb Code   234  faddsub_clz.o(x$fpl$fsub)
    _printf_fp_dec                           0x0800415b   Thumb Code     4  printf1.o(x$fpl$printf1)
    __fpl_return_NaN                         0x0800415f   Thumb Code   100  retnan.o(x$fpl$retnan)
    __ARM_scalbnf                            0x080041c3   Thumb Code    76  scalbnf.o(x$fpl$scalbnf)
    __fpl_cmpreturn                          0x0800420f   Thumb Code    48  trapv.o(x$fpl$trapveneer)
    __I$use$fp                               0x0800423e   Number         0  usenofp.o(x$fpl$usenofp)
    AHBPrescTable                            0x08004250   Data          16  system_stm32f1xx.o(.constdata)
    APBPrescTable                            0x08004260   Data           8  system_stm32f1xx.o(.constdata)
    __stdin_name                             0x080042fc   Data           4  sys_io.o(.constdata)
    __stdout_name                            0x08004300   Data           4  sys_io.o(.constdata)
    __stderr_name                            0x08004304   Data           4  sys_io.o(.constdata)
    armBitRevIndexTable256                   0x08004308   Data         880  arm_common_tables.o(.rodata.armBitRevIndexTable256)
    arm_cfft_sR_f32_len256                   0x08004678   Data          16  arm_const_structs.o(.rodata.arm_cfft_sR_f32_len256)
    twiddleCoef_256                          0x08004688   Data        2048  arm_common_tables.o(.rodata.twiddleCoef_256)
    Region$$Table$$Base                      0x08004e88   Number         0  anon$$obj.o(Region$$Table)
    Region$$Table$$Limit                     0x08004ea8   Number         0  anon$$obj.o(Region$$Table)
    j                                        0x20000000   Data           4  main.o(.data)
    i                                        0x20000004   Data           4  main.o(.data)
    data                                     0x20000008   Data        1024  main.o(.data)
    uwTickFreq                               0x20000408   Data           1  stm32f1xx_hal.o(.data)
    uwTickPrio                               0x2000040c   Data           4  stm32f1xx_hal.o(.data)
    uwTick                                   0x20000410   Data           4  stm32f1xx_hal.o(.data)
    SystemCoreClock                          0x20000414   Data           4  system_stm32f1xx.o(.data)
    __aeabi_stdin                            0x20000418   Data           4  stdio_streams.o(.data)
    __aeabi_stdout                           0x2000041c   Data           4  stdio_streams.o(.data)
    __aeabi_stderr                           0x20000420   Data           4  stdio_streams.o(.data)
    data_in                                  0x20000424   Data        2048  main.o(.bss)
    data_out                                 0x20000c24   Data         512  main.o(.bss)
    huart1                                   0x20000e24   Data          72  usart.o(.bss)
    __stdin                                  0x20000e6c   Data          84  stdio_streams.o(.bss)
    __stdout                                 0x20000ec0   Data          84  stdio_streams.o(.bss)
    __stderr                                 0x20000f14   Data          84  stdio_streams.o(.bss)
    __libspace_start                         0x20000f68   Data          96  libspace.o(.bss)
    __temporary_stack_top$libspace           0x20000fc8   Data           0  libspace.o(.bss)



==============================================================================

Memory Map of the image

  Image Entry point : 0x080000ed

  Load Region LR_IROM1 (Base: 0x08000000, Size: 0x000052e8, Max: 0x00010000, ABSOLUTE, COMPRESSED[0x000051b0])

    Execution Region ER_IROM1 (Exec base: 0x08000000, Load base: 0x08000000, Size: 0x00004ec4, Max: 0x00010000, ABSOLUTE)

    Exec Addr    Load Addr    Size         Type   Attr      Idx    E Section Name        Object

    0x08000000   0x08000000   0x000000ec   Data   RO            3    RESET               startup_stm32f103xb.o
    0x080000ec   0x080000ec   0x00000008   Code   RO         2021  * !!!main             c_w.l(__main.o)
    0x080000f4   0x080000f4   0x00000034   Code   RO         2436    !!!scatter          c_w.l(__scatter.o)
    0x08000128   0x08000128   0x00000064   Code   RO         2434    !!dclz77c           c_w.l(__dclz77c.o)
    0x0800018c   0x0800018c   0x0000001c   Code   RO         2438    !!handler_zi        c_w.l(__scatter_zi.o)
    0x080001a8   0x080001a8   0x00000000   Code   RO         2016    .ARM.Collect$$_printf_percent$$00000000  c_w.l(_printf_percent.o)
    0x080001a8   0x080001a8   0x00000006   Code   RO         2015    .ARM.Collect$$_printf_percent$$00000003  c_w.l(_printf_f.o)
    0x080001ae   0x080001ae   0x00000004   Code   RO         2062    .ARM.Collect$$_printf_percent$$00000017  c_w.l(_printf_percent_end.o)
    0x080001b2   0x080001b2   0x00000002   Code   RO         2247    .ARM.Collect$$libinit$$00000000  c_w.l(libinit.o)
    0x080001b4   0x080001b4   0x00000000   Code   RO         2249    .ARM.Collect$$libinit$$00000002  c_w.l(libinit2.o)
    0x080001b4   0x080001b4   0x00000000   Code   RO         2251    .ARM.Collect$$libinit$$00000004  c_w.l(libinit2.o)
    0x080001b4   0x080001b4   0x00000008   Code   RO         2252    .ARM.Collect$$libinit$$00000005  c_w.l(libinit2.o)
    0x080001bc   0x080001bc   0x00000000   Code   RO         2254    .ARM.Collect$$libinit$$0000000A  c_w.l(libinit2.o)
    0x080001bc   0x080001bc   0x00000000   Code   RO         2256    .ARM.Collect$$libinit$$0000000C  c_w.l(libinit2.o)
    0x080001bc   0x080001bc   0x00000000   Code   RO         2258    .ARM.Collect$$libinit$$0000000E  c_w.l(libinit2.o)
    0x080001bc   0x080001bc   0x00000006   Code   RO         2259    .ARM.Collect$$libinit$$0000000F  c_w.l(libinit2.o)
    0x080001c2   0x080001c2   0x00000000   Code   RO         2261    .ARM.Collect$$libinit$$00000011  c_w.l(libinit2.o)
    0x080001c2   0x080001c2   0x00000000   Code   RO         2263    .ARM.Collect$$libinit$$00000013  c_w.l(libinit2.o)
    0x080001c2   0x080001c2   0x00000000   Code   RO         2265    .ARM.Collect$$libinit$$00000015  c_w.l(libinit2.o)
    0x080001c2   0x080001c2   0x0000000a   Code   RO         2266    .ARM.Collect$$libinit$$00000016  c_w.l(libinit2.o)
    0x080001cc   0x080001cc   0x00000000   Code   RO         2267    .ARM.Collect$$libinit$$00000017  c_w.l(libinit2.o)
    0x080001cc   0x080001cc   0x00000000   Code   RO         2269    .ARM.Collect$$libinit$$00000019  c_w.l(libinit2.o)
    0x080001cc   0x080001cc   0x00000000   Code   RO         2271    .ARM.Collect$$libinit$$0000001B  c_w.l(libinit2.o)
    0x080001cc   0x080001cc   0x00000000   Code   RO         2273    .ARM.Collect$$libinit$$0000001D  c_w.l(libinit2.o)
    0x080001cc   0x080001cc   0x00000000   Code   RO         2275    .ARM.Collect$$libinit$$0000001F  c_w.l(libinit2.o)
    0x080001cc   0x080001cc   0x00000000   Code   RO         2277    .ARM.Collect$$libinit$$00000021  c_w.l(libinit2.o)
    0x080001cc   0x080001cc   0x00000000   Code   RO         2279    .ARM.Collect$$libinit$$00000023  c_w.l(libinit2.o)
    0x080001cc   0x080001cc   0x00000004   Code   RO         2280    .ARM.Collect$$libinit$$00000024  c_w.l(libinit2.o)
    0x080001d0   0x080001d0   0x00000000   Code   RO         2281    .ARM.Collect$$libinit$$00000025  c_w.l(libinit2.o)
    0x080001d0   0x080001d0   0x00000000   Code   RO         2285    .ARM.Collect$$libinit$$0000002C  c_w.l(libinit2.o)
    0x080001d0   0x080001d0   0x00000000   Code   RO         2287    .ARM.Collect$$libinit$$0000002E  c_w.l(libinit2.o)
    0x080001d0   0x080001d0   0x00000000   Code   RO         2289    .ARM.Collect$$libinit$$00000030  c_w.l(libinit2.o)
    0x080001d0   0x080001d0   0x00000000   Code   RO         2291    .ARM.Collect$$libinit$$00000032  c_w.l(libinit2.o)
    0x080001d0   0x080001d0   0x00000002   Code   RO         2292    .ARM.Collect$$libinit$$00000033  c_w.l(libinit2.o)
    0x080001d2   0x080001d2   0x00000002   Code   RO         2413    .ARM.Collect$$libshutdown$$00000000  c_w.l(libshutdown.o)
    0x080001d4   0x080001d4   0x00000000   Code   RO         2294    .ARM.Collect$$libshutdown$$00000002  c_w.l(libshutdown2.o)
    0x080001d4   0x080001d4   0x00000004   Code   RO         2295    .ARM.Collect$$libshutdown$$00000003  c_w.l(libshutdown2.o)
    0x080001d8   0x080001d8   0x00000000   Code   RO         2296    .ARM.Collect$$libshutdown$$00000004  c_w.l(libshutdown2.o)
    0x080001d8   0x080001d8   0x00000000   Code   RO         2299    .ARM.Collect$$libshutdown$$00000007  c_w.l(libshutdown2.o)
    0x080001d8   0x080001d8   0x00000000   Code   RO         2302    .ARM.Collect$$libshutdown$$0000000A  c_w.l(libshutdown2.o)
    0x080001d8   0x080001d8   0x00000000   Code   RO         2304    .ARM.Collect$$libshutdown$$0000000C  c_w.l(libshutdown2.o)
    0x080001d8   0x080001d8   0x00000000   Code   RO         2307    .ARM.Collect$$libshutdown$$0000000F  c_w.l(libshutdown2.o)
    0x080001d8   0x080001d8   0x00000002   Code   RO         2308    .ARM.Collect$$libshutdown$$00000010  c_w.l(libshutdown2.o)
    0x080001da   0x080001da   0x00000000   Code   RO         2055    .ARM.Collect$$rtentry$$00000000  c_w.l(__rtentry.o)
    0x080001da   0x080001da   0x00000000   Code   RO         2081    .ARM.Collect$$rtentry$$00000002  c_w.l(__rtentry2.o)
    0x080001da   0x080001da   0x00000006   Code   RO         2093    .ARM.Collect$$rtentry$$00000004  c_w.l(__rtentry4.o)
    0x080001e0   0x080001e0   0x00000000   Code   RO         2083    .ARM.Collect$$rtentry$$00000009  c_w.l(__rtentry2.o)
    0x080001e0   0x080001e0   0x00000004   Code   RO         2084    .ARM.Collect$$rtentry$$0000000A  c_w.l(__rtentry2.o)
    0x080001e4   0x080001e4   0x00000000   Code   RO         2086    .ARM.Collect$$rtentry$$0000000C  c_w.l(__rtentry2.o)
    0x080001e4   0x080001e4   0x00000008   Code   RO         2087    .ARM.Collect$$rtentry$$0000000D  c_w.l(__rtentry2.o)
    0x080001ec   0x080001ec   0x00000002   Code   RO         2314    .ARM.Collect$$rtexit$$00000000  c_w.l(rtexit.o)
    0x080001ee   0x080001ee   0x00000000   Code   RO         2364    .ARM.Collect$$rtexit$$00000002  c_w.l(rtexit2.o)
    0x080001ee   0x080001ee   0x00000004   Code   RO         2365    .ARM.Collect$$rtexit$$00000003  c_w.l(rtexit2.o)
    0x080001f2   0x080001f2   0x00000006   Code   RO         2366    .ARM.Collect$$rtexit$$00000004  c_w.l(rtexit2.o)
    0x080001f8   0x080001f8   0x00000000   Code   RO         2370    .emb_text           c_w.l(maybetermalloc1.o)
    0x080001f8   0x080001f8   0x00000040   Code   RO            4    .text               startup_stm32f103xb.o
    0x08000238   0x08000238   0x00000018   Code   RO         1991    .text               c_w.l(noretval__2printf.o)
    0x08000250   0x08000250   0x00000068   Code   RO         1993    .text               c_w.l(__printf.o)
    0x080002b8   0x080002b8   0x0000004e   Code   RO         2017    .text               c_w.l(rt_memclr_w.o)
    0x08000306   0x08000306   0x00000006   Code   RO         2019    .text               c_w.l(heapauxi.o)
    0x0800030c   0x0800030c   0x00000016   Code   RO         2056    .text               c_w.l(_rserrno.o)
    0x08000322   0x08000322   0x0000041e   Code   RO         2058    .text               c_w.l(_printf_fp_dec.o)
    0x08000740   0x08000740   0x00000024   Code   RO         2060    .text               c_w.l(_printf_char_file.o)
    0x08000764   0x08000764   0x00000008   Code   RO         2098    .text               c_w.l(rt_locale_intlibspace.o)
    0x0800076c   0x0800076c   0x00000008   Code   RO         2103    .text               c_w.l(rt_errno_addr_intlibspace.o)
    0x08000774   0x08000774   0x0000008a   Code   RO         2105    .text               c_w.l(lludiv10.o)
    0x080007fe   0x080007fe   0x00000002   PAD
    0x08000800   0x08000800   0x00000030   Code   RO         2107    .text               c_w.l(_printf_char_common.o)
    0x08000830   0x08000830   0x00000080   Code   RO         2109    .text               c_w.l(_printf_fp_infnan.o)
    0x080008b0   0x080008b0   0x000000e4   Code   RO         2111    .text               c_w.l(bigflt0.o)
    0x08000994   0x08000994   0x00000008   Code   RO         2136    .text               c_w.l(ferror.o)
    0x0800099c   0x0800099c   0x00000138   Code   RO         2138    .text               c_w.l(initio.o)
    0x08000ad4   0x08000ad4   0x00000066   Code   RO         2153    .text               c_w.l(sys_io.o)
    0x08000b3a   0x08000b3a   0x00000002   PAD
    0x08000b3c   0x08000b3c   0x00000008   Code   RO         2158    .text               c_w.l(libspace.o)
    0x08000b44   0x08000b44   0x0000004a   Code   RO         2163    .text               c_w.l(sys_stackheap_outer.o)
    0x08000b8e   0x08000b8e   0x0000004e   Code   RO         2167    .text               c_w.l(h1_free.o)
    0x08000bdc   0x08000bdc   0x00000046   Code   RO         2223    .text               c_w.l(setvbuf.o)
    0x08000c22   0x08000c22   0x00000002   PAD
    0x08000c24   0x08000c24   0x000000ec   Code   RO         2226    .text               c_w.l(fopen.o)
    0x08000d10   0x08000d10   0x0000004c   Code   RO         2228    .text               c_w.l(fclose.o)
    0x08000d5c   0x08000d5c   0x00000012   Code   RO         2234    .text               c_w.l(exit.o)
    0x08000d6e   0x08000d6e   0x0000000e   Code   RO         2236    .text               c_w.l(defsig_rtred_outer.o)
    0x08000d7c   0x08000d7c   0x00000080   Code   RO         2240    .text               c_w.l(strcmpv7m.o)
    0x08000dfc   0x08000dfc   0x00000002   Code   RO         2311    .text               c_w.l(use_no_semi.o)
    0x08000dfe   0x08000dfe   0x00000000   Code   RO         2313    .text               c_w.l(indicate_semi.o)
    0x08000dfe   0x08000dfe   0x00000002   PAD
    0x08000e00   0x08000e00   0x00000008   Code   RO         2321    .text               c_w.l(rt_heap_descriptor_intlibspace.o)
    0x08000e08   0x08000e08   0x00000004   Code   RO         2323    .text               c_w.l(hguard.o)
    0x08000e0c   0x08000e0c   0x0000008a   Code   RO         2325    .text               c_w.l(init_alloc.o)
    0x08000e96   0x08000e96   0x0000005e   Code   RO         2331    .text               c_w.l(h1_alloc.o)
    0x08000ef4   0x08000ef4   0x000000f8   Code   RO         2345    .text               c_w.l(fseek.o)
    0x08000fec   0x08000fec   0x000000f0   Code   RO         2347    .text               c_w.l(stdio.o)
    0x080010dc   0x080010dc   0x0000000a   Code   RO         2349    .text               c_w.l(defsig_exit.o)
    0x080010e6   0x080010e6   0x00000002   PAD
    0x080010e8   0x080010e8   0x00000034   Code   RO         2351    .text               c_w.l(defsig_rtred_inner.o)
    0x0800111c   0x0800111c   0x0000003e   Code   RO         2353    .text               c_w.l(strlen.o)
    0x0800115a   0x0800115a   0x00000002   PAD
    0x0800115c   0x0800115c   0x0000000c   Code   RO         2361    .text               c_w.l(sys_exit.o)
    0x08001168   0x08001168   0x0000000e   Code   RO         2372    .text               c_w.l(h1_init.o)
    0x08001176   0x08001176   0x00000034   Code   RO         2374    .text               c_w.l(h1_extend.o)
    0x080011aa   0x080011aa   0x00000042   Code   RO         2380    .text               c_w.l(ftell.o)
    0x080011ec   0x080011ec   0x00000032   Code   RO         2384    .text               c_w.l(defsig_general.o)
    0x0800121e   0x0800121e   0x0000000e   Code   RO         2386    .text               c_w.l(defsig_rtmem_outer.o)
    0x0800122c   0x0800122c   0x0000000e   Code   RO         2399    .text               c_w.l(sys_wrch.o)
    0x0800123a   0x0800123a   0x00000002   PAD
    0x0800123c   0x0800123c   0x00000050   Code   RO         2407    .text               c_w.l(defsig_rtmem_inner.o)
    0x0800128c   0x0800128c   0x00000040   Code   RO         1868    .text.arm_bitreversal_32  arm_cortexM3l_math.lib(arm_bitreversal2.o)
    0x080012cc   0x080012cc   0x00000100   Code   RO         1798    .text.arm_cfft_f32  arm_cortexM3l_math.lib(arm_cfft_f32.o)
    0x080013cc   0x080013cc   0x00000282   Code   RO         1794    .text.arm_cfft_radix8by2_f32  arm_cortexM3l_math.lib(arm_cfft_f32.o)
    0x0800164e   0x0800164e   0x00000002   PAD
    0x08001650   0x08001650   0x0000069c   Code   RO         1796    .text.arm_cfft_radix8by4_f32  arm_cortexM3l_math.lib(arm_cfft_f32.o)
    0x08001cec   0x08001cec   0x000000e8   Code   RO         1784    .text.arm_cmplx_mag_f32  arm_cortexM3l_math.lib(arm_cmplx_mag_f32.o)
    0x08001dd4   0x08001dd4   0x00000886   Code   RO         1881    .text.arm_radix8_butterfly_f32  arm_cortexM3l_math.lib(arm_cfft_radix8_f32.o)
    0x0800265a   0x0800265a   0x0000003e   Code   RO         2114    CL$$btod_d2e        c_w.l(btod.o)
    0x08002698   0x08002698   0x00000046   Code   RO         2116    CL$$btod_d2e_denorm_low  c_w.l(btod.o)
    0x080026de   0x080026de   0x00000060   Code   RO         2115    CL$$btod_d2e_norm_op1  c_w.l(btod.o)
    0x0800273e   0x0800273e   0x00000338   Code   RO         2124    CL$$btod_div_common  c_w.l(btod.o)
    0x08002a76   0x08002a76   0x000000dc   Code   RO         2121    CL$$btod_e2e        c_w.l(btod.o)
    0x08002b52   0x08002b52   0x0000002a   Code   RO         2118    CL$$btod_ediv       c_w.l(btod.o)
    0x08002b7c   0x08002b7c   0x0000002a   Code   RO         2117    CL$$btod_emul       c_w.l(btod.o)
    0x08002ba6   0x08002ba6   0x00000244   Code   RO         2123    CL$$btod_mult_common  c_w.l(btod.o)
    0x08002dea   0x08002dea   0x00000002   Code   RO          237    i.BusFault_Handler  stm32f1xx_it.o
    0x08002dec   0x08002dec   0x00000002   Code   RO          238    i.DebugMon_Handler  stm32f1xx_it.o
    0x08002dee   0x08002dee   0x00000004   Code   RO           13    i.Error_Handler     main.o
    0x08002df2   0x08002df2   0x00000002   PAD
    0x08002df4   0x08002df4   0x00000024   Code   RO          379    i.HAL_Delay         stm32f1xx_hal.o
    0x08002e18   0x08002e18   0x000001e0   Code   RO          689    i.HAL_GPIO_Init     stm32f1xx_hal_gpio.o
    0x08002ff8   0x08002ff8   0x0000000c   Code   RO          383    i.HAL_GetTick       stm32f1xx_hal.o
    0x08003004   0x08003004   0x00000010   Code   RO          389    i.HAL_IncTick       stm32f1xx_hal.o
    0x08003014   0x08003014   0x00000024   Code   RO          390    i.HAL_Init          stm32f1xx_hal.o
    0x08003038   0x08003038   0x00000040   Code   RO          391    i.HAL_InitTick      stm32f1xx_hal.o
    0x08003078   0x08003078   0x0000002c   Code   RO          312    i.HAL_MspInit       stm32f1xx_hal_msp.o
    0x080030a4   0x080030a4   0x00000040   Code   RO          855    i.HAL_NVIC_SetPriority  stm32f1xx_hal_cortex.o
    0x080030e4   0x080030e4   0x00000024   Code   RO          856    i.HAL_NVIC_SetPriorityGrouping  stm32f1xx_hal_cortex.o
    0x08003108   0x08003108   0x0000012c   Code   RO          547    i.HAL_RCC_ClockConfig  stm32f1xx_hal_rcc.o
    0x08003234   0x08003234   0x00000020   Code   RO          554    i.HAL_RCC_GetPCLK1Freq  stm32f1xx_hal_rcc.o
    0x08003254   0x08003254   0x00000020   Code   RO          555    i.HAL_RCC_GetPCLK2Freq  stm32f1xx_hal_rcc.o
    0x08003274   0x08003274   0x0000004c   Code   RO          556    i.HAL_RCC_GetSysClockFreq  stm32f1xx_hal_rcc.o
    0x080032c0   0x080032c0   0x00000320   Code   RO          559    i.HAL_RCC_OscConfig  stm32f1xx_hal_rcc.o
    0x080035e0   0x080035e0   0x00000028   Code   RO          860    i.HAL_SYSTICK_Config  stm32f1xx_hal_cortex.o
    0x08003608   0x08003608   0x00000064   Code   RO         1415    i.HAL_UART_Init     stm32f1xx_hal_uart.o
    0x0800366c   0x0800366c   0x00000070   Code   RO          196    i.HAL_UART_MspInit  usart.o
    0x080036dc   0x080036dc   0x0000009a   Code   RO         1423    i.HAL_UART_Transmit  stm32f1xx_hal_uart.o
    0x08003776   0x08003776   0x00000002   Code   RO          239    i.HardFault_Handler  stm32f1xx_it.o
    0x08003778   0x08003778   0x0000003c   Code   RO          171    i.MX_GPIO_Init      gpio.o
    0x080037b4   0x080037b4   0x00000038   Code   RO          197    i.MX_USART1_UART_Init  usart.o
    0x080037ec   0x080037ec   0x00000002   Code   RO          240    i.MemManage_Handler  stm32f1xx_it.o
    0x080037ee   0x080037ee   0x00000002   Code   RO          241    i.NMI_Handler       stm32f1xx_it.o
    0x080037f0   0x080037f0   0x00000002   Code   RO          242    i.PendSV_Handler    stm32f1xx_it.o
    0x080037f2   0x080037f2   0x00000002   Code   RO          243    i.SVC_Handler       stm32f1xx_it.o
    0x080037f4   0x080037f4   0x00000004   Code   RO          244    i.SysTick_Handler   stm32f1xx_it.o
    0x080037f8   0x080037f8   0x0000005e   Code   RO           14    i.SystemClock_Config  main.o
    0x08003856   0x08003856   0x00000002   Code   RO         1749    i.SystemInit        system_stm32f1xx.o
    0x08003858   0x08003858   0x000000b8   Code   RO         1441    i.UART_SetConfig    stm32f1xx_hal_uart.o
    0x08003910   0x08003910   0x00000078   Code   RO         1444    i.UART_WaitOnFlagUntilTimeout  stm32f1xx_hal_uart.o
    0x08003988   0x08003988   0x00000002   Code   RO          245    i.UsageFault_Handler  stm32f1xx_it.o
    0x0800398a   0x0800398a   0x00000028   Code   RO         2151    i.__ARM_fpclassify  m_ws.l(fpclassify.o)
    0x080039b2   0x080039b2   0x00000020   Code   RO          862    i.__NVIC_SetPriority  stm32f1xx_hal_cortex.o
    0x080039d2   0x080039d2   0x00000002   PAD
    0x080039d4   0x080039d4   0x00000018   Code   RO           15    i.fputc             main.o
    0x080039ec   0x080039ec   0x000000a4   Code   RO           16    i.main              main.o
    0x08003a90   0x08003a90   0x0000002c   Code   RO         2048    i.sqrtf             m_ws.l(sqrtf.o)
    0x08003abc   0x08003abc   0x0000002c   Code   RO         2145    locale$$code        c_w.l(lc_numeric_c.o)
    0x08003ae8   0x08003ae8   0x0000000c   Code   RO         2069    x$fpl$dretinf       fz_ws.l(dretinf.o)
    0x08003af4   0x08003af4   0x00000056   Code   RO         2023    x$fpl$f2d           fz_ws.l(f2d.o)
    0x08003b4a   0x08003b4a   0x00000002   PAD
    0x08003b4c   0x08003b4c   0x000000c4   Code   RO         2025    x$fpl$fadd          fz_ws.l(faddsub_clz.o)
    0x08003c10   0x08003c10   0x0000000c   Code   RO         2071    x$fpl$fcheck1       fz_ws.l(fcheck1.o)
    0x08003c1c   0x08003c1c   0x00000184   Code   RO         2032    x$fpl$fdiv          fz_ws.l(fdiv.o)
    0x08003da0   0x08003da0   0x00000026   Code   RO         2035    x$fpl$ffltu         fz_ws.l(fflt_clz.o)
    0x08003dc6   0x08003dc6   0x00000002   PAD
    0x08003dc8   0x08003dc8   0x00000102   Code   RO         2041    x$fpl$fmul          fz_ws.l(fmul.o)
    0x08003eca   0x08003eca   0x0000008c   Code   RO         2073    x$fpl$fnaninf       fz_ws.l(fnaninf.o)
    0x08003f56   0x08003f56   0x0000000a   Code   RO         2075    x$fpl$fretinf       fz_ws.l(fretinf.o)
    0x08003f60   0x08003f60   0x00000110   Code   RO         2077    x$fpl$fsqrt         fz_ws.l(fsqrt.o)
    0x08004070   0x08004070   0x000000ea   Code   RO         2027    x$fpl$fsub          fz_ws.l(faddsub_clz.o)
    0x0800415a   0x0800415a   0x00000004   Code   RO         2043    x$fpl$printf1       fz_ws.l(printf1.o)
    0x0800415e   0x0800415e   0x00000064   Code   RO         2149    x$fpl$retnan        fz_ws.l(retnan.o)
    0x080041c2   0x080041c2   0x0000004c   Code   RO         2045    x$fpl$scalbnf       fz_ws.l(scalbnf.o)
    0x0800420e   0x0800420e   0x00000030   Code   RO         2309    x$fpl$trapveneer    fz_ws.l(trapv.o)
    0x0800423e   0x0800423e   0x00000000   Code   RO         2079    x$fpl$usenofp       fz_ws.l(usenofp.o)
    0x0800423e   0x0800423e   0x00000012   Data   RO          560    .constdata          stm32f1xx_hal_rcc.o
    0x08004250   0x08004250   0x00000010   Data   RO         1750    .constdata          system_stm32f1xx.o
    0x08004260   0x08004260   0x00000008   Data   RO         1751    .constdata          system_stm32f1xx.o
    0x08004268   0x08004268   0x00000094   Data   RO         2112    .constdata          c_w.l(bigflt0.o)
    0x080042fc   0x080042fc   0x00000004   Data   RO         2154    .constdata          c_w.l(sys_io.o)
    0x08004300   0x08004300   0x00000004   Data   RO         2155    .constdata          c_w.l(sys_io.o)
    0x08004304   0x08004304   0x00000004   Data   RO         2156    .constdata          c_w.l(sys_io.o)
    0x08004308   0x08004308   0x00000370   Data   RO         1923    .rodata.armBitRevIndexTable256  arm_cortexM3l_math.lib(arm_common_tables.o)
    0x08004678   0x08004678   0x00000010   Data   RO         1813    .rodata.arm_cfft_sR_f32_len256  arm_cortexM3l_math.lib(arm_const_structs.o)
    0x08004688   0x08004688   0x00000800   Data   RO         1896    .rodata.twiddleCoef_256  arm_cortexM3l_math.lib(arm_common_tables.o)
    0x08004e88   0x08004e88   0x00000020   Data   RO         2432    Region$$Table       anon$$obj.o
    0x08004ea8   0x08004ea8   0x0000001c   Data   RO         2144    locale$$data        c_w.l(lc_numeric_c.o)


    Execution Region RW_IRAM1 (Exec base: 0x20000000, Load base: 0x08004ec4, Size: 0x000015c8, Max: 0x00005000, ABSOLUTE, COMPRESSED[0x000002ec])

    Exec Addr    Load Addr    Size         Type   Attr      Idx    E Section Name        Object

    0x20000000   COMPRESSED   0x00000408   Data   RW           19    .data               main.o
    0x20000408   COMPRESSED   0x0000000c   Data   RW          397    .data               stm32f1xx_hal.o
    0x20000414   COMPRESSED   0x00000004   Data   RW         1752    .data               system_stm32f1xx.o
    0x20000418   COMPRESSED   0x00000004   Data   RW         2066    .data               c_w.l(stdio_streams.o)
    0x2000041c   COMPRESSED   0x00000004   Data   RW         2067    .data               c_w.l(stdio_streams.o)
    0x20000420   COMPRESSED   0x00000004   Data   RW         2068    .data               c_w.l(stdio_streams.o)
    0x20000424        -       0x00000a00   Zero   RW           17    .bss                main.o
    0x20000e24        -       0x00000048   Zero   RW          198    .bss                usart.o
    0x20000e6c        -       0x00000054   Zero   RW         2063    .bss                c_w.l(stdio_streams.o)
    0x20000ec0        -       0x00000054   Zero   RW         2064    .bss                c_w.l(stdio_streams.o)
    0x20000f14        -       0x00000054   Zero   RW         2065    .bss                c_w.l(stdio_streams.o)
    0x20000f68        -       0x00000060   Zero   RW         2159    .bss                c_w.l(libspace.o)
    0x20000fc8        -       0x00000200   Zero   RW            2    HEAP                startup_stm32f103xb.o
    0x200011c8        -       0x00000400   Zero   RW            1    STACK               startup_stm32f103xb.o


==============================================================================

Image component sizes


      Code (inc. data)   RO Data    RW Data    ZI Data      Debug   Object Name

        60          6          0          0          0        811   gpio.o
       286         30          0       1032       2560     397591   main.o
        64         26        236          0       1536        800   startup_stm32f103xb.o
       164         28          0         12          0       5877   stm32f1xx_hal.o
       172         14          0          0          0      28278   stm32f1xx_hal_cortex.o
       480         34          0          0          0       2256   stm32f1xx_hal_gpio.o
        44          6          0          0          0        826   stm32f1xx_hal_msp.o
      1240         84         18          0          0       5092   stm32f1xx_hal_rcc.o
       558          6          0          0          0       3964   stm32f1xx_hal_uart.o
        20          0          0          0          0       3842   stm32f1xx_it.o
         2          0         24          4          0       1107   system_stm32f1xx.o
       168         20          0          0         72       1662   usart.o

    ----------------------------------------------------------------------
      3262        254        310       1048       4168     452106   Object Totals
         0          0         32          0          0          0   (incl. Generated)
         4          0          0          0          0          0   (incl. Padding)

    ----------------------------------------------------------------------

      Code (inc. data)   RO Data    RW Data    ZI Data      Debug   Library Member Name

        64          0          0          0          0       1216   arm_bitreversal2.o
      2590          0          0          0          0       4672   arm_cfft_f32.o
      2182          0          0          0          0       3457   arm_cfft_radix8_f32.o
       232          0          0          0          0       1739   arm_cmplx_mag_f32.o
         0          0       2928          0          0       4961   arm_common_tables.o
         0          0         16          0          0       3830   arm_const_structs.o
       100          0          0          0          0          0   __dclz77c.o
         8          0          0          0          0         68   __main.o
       104          0          0          0          0         84   __printf.o
         0          0          0          0          0          0   __rtentry.o
        12          0          0          0          0          0   __rtentry2.o
         6          0          0          0          0          0   __rtentry4.o
        52          8          0          0          0          0   __scatter.o
        28          0          0          0          0          0   __scatter_zi.o
        48          6          0          0          0         96   _printf_char_common.o
        36          4          0          0          0         80   _printf_char_file.o
         6          0          0          0          0          0   _printf_f.o
      1054          0          0          0          0        216   _printf_fp_dec.o
       128         16          0          0          0         84   _printf_fp_infnan.o
         0          0          0          0          0          0   _printf_percent.o
         4          0          0          0          0          0   _printf_percent_end.o
        22          0          0          0          0        100   _rserrno.o
       228          4        148          0          0         96   bigflt0.o
      1936        128          0          0          0        672   btod.o
        10          0          0          0          0         68   defsig_exit.o
        50          0          0          0          0         88   defsig_general.o
        80         58          0          0          0         76   defsig_rtmem_inner.o
        14          0          0          0          0         80   defsig_rtmem_outer.o
        52         38          0          0          0         76   defsig_rtred_inner.o
        14          0          0          0          0         80   defsig_rtred_outer.o
        18          0          0          0          0         80   exit.o
        76          0          0          0          0         88   fclose.o
         8          0          0          0          0         68   ferror.o
       236          4          0          0          0        128   fopen.o
       248          6          0          0          0         84   fseek.o
        66          0          0          0          0         76   ftell.o
        94          0          0          0          0         80   h1_alloc.o
        52          0          0          0          0         68   h1_extend.o
        78          0          0          0          0         80   h1_free.o
        14          0          0          0          0         84   h1_init.o
         6          0          0          0          0        152   heapauxi.o
         4          0          0          0          0        136   hguard.o
         0          0          0          0          0          0   indicate_semi.o
       138          0          0          0          0        168   init_alloc.o
       312         46          0          0          0        112   initio.o
        44         10         28          0          0         76   lc_numeric_c.o
         2          0          0          0          0          0   libinit.o
        30          0          0          0          0          0   libinit2.o
         2          0          0          0          0          0   libshutdown.o
         6          0          0          0          0          0   libshutdown2.o
         8          4          0          0         96         68   libspace.o
       138          0          0          0          0         80   lludiv10.o
         0          0          0          0          0          0   maybetermalloc1.o
        24          4          0          0          0         84   noretval__2printf.o
         8          4          0          0          0         68   rt_errno_addr_intlibspace.o
         8          4          0          0          0         68   rt_heap_descriptor_intlibspace.o
         8          4          0          0          0         68   rt_locale_intlibspace.o
        78          0          0          0          0         80   rt_memclr_w.o
         2          0          0          0          0          0   rtexit.o
        10          0          0          0          0          0   rtexit2.o
        70          0          0          0          0         80   setvbuf.o
       240          6          0          0          0        156   stdio.o
         0          0          0         12        252          0   stdio_streams.o
       128          0          0          0          0         68   strcmpv7m.o
        62          0          0          0          0         76   strlen.o
        12          4          0          0          0         68   sys_exit.o
       102          0         12          0          0        240   sys_io.o
        74          0          0          0          0         80   sys_stackheap_outer.o
        14          0          0          0          0         76   sys_wrch.o
         2          0          0          0          0         68   use_no_semi.o
        12          0          0          0          0         68   dretinf.o
        86          4          0          0          0         84   f2d.o
       430          8          0          0          0        168   faddsub_clz.o
        12          4          0          0          0         68   fcheck1.o
       388         76          0          0          0         96   fdiv.o
        38          0          0          0          0         68   fflt_clz.o
       258          4          0          0          0         84   fmul.o
       140          4          0          0          0         84   fnaninf.o
        10          0          0          0          0         68   fretinf.o
       272        100          0          0          0         88   fsqrt.o
         4          0          0          0          0         68   printf1.o
       100          0          0          0          0         68   retnan.o
        76          0          0          0          0         68   scalbnf.o
        48          0          0          0          0         68   trapv.o
         0          0          0          0          0          0   usenofp.o
        40          0          0          0          0         68   fpclassify.o
        44          0          0          0          0         80   sqrtf.o

    ----------------------------------------------------------------------
     13460        558       3132         12        348      26043   Library Totals
        20          0          0          0          0          0   (incl. Padding)

    ----------------------------------------------------------------------

      Code (inc. data)   RO Data    RW Data    ZI Data      Debug   Library Name

      5068          0       2944          0          0      19875   arm_cortexM3l_math.lib
      6414        358        188         12        348       4872   c_w.l
      1874        200          0          0          0       1148   fz_ws.l
        84          0          0          0          0        148   m_ws.l

    ----------------------------------------------------------------------
     13460        558       3132         12        348      26043   Library Totals

    ----------------------------------------------------------------------

==============================================================================


      Code (inc. data)   RO Data    RW Data    ZI Data      Debug   

     16722        812       3442       1060       4516     472845   Grand Totals
     16722        812       3442        748       4516     472845   ELF Image Totals (compressed)
     16722        812       3442        748          0          0   ROM Totals

==============================================================================

    Total RO  Size (Code + RO Data)                20164 (  19.69kB)
    Total RW  Size (RW Data + ZI Data)              5576 (   5.45kB)
    Total ROM Size (Code + RO Data + RW Data)      20912 (  20.42kB)

==============================================================================

