------------------------------------------------------------
Timing Analyzer Summary
------------------------------------------------------------

Type  : Setup 'led_display:led_inst|sel_r[0]'
Slack : -15.004
TNS   : -96.645

Type  : Setup 'sys_clk'
Slack : -11.585
TNS   : -2012.438

Type  : Setup 'state_display:display|DianZhen_Data[10]'
Slack : -8.878
TNS   : -57.536

Type  : Setup 'led_display:led_inst|display_divider:u10|clk_p'
Slack : -2.024
TNS   : -3.785

Type  : Setup 'state_display:display|display_divider:d10|clk_p'
Slack : -1.734
TNS   : -4.711

Type  : Hold 'state_display:display|DianZhen_Data[10]'
Slack : -11.281
TNS   : -155.038

Type  : Hold 'led_display:led_inst|sel_r[0]'
Slack : -4.006
TNS   : -24.070

Type  : Hold 'led_display:led_inst|display_divider:u10|clk_p'
Slack : -1.932
TNS   : -3.443

Type  : Hold 'state_display:display|display_divider:d10|clk_p'
Slack : 1.078
TNS   : 0.000

Type  : Hold 'sys_clk'
Slack : 1.411
TNS   : 0.000

Type  : Recovery 'led_display:led_inst|sel_r[0]'
Slack : -5.548
TNS   : -26.592

Type  : Recovery 'state_display:display|display_divider:d10|clk_p'
Slack : -3.039
TNS   : -9.117

Type  : Removal 'led_display:led_inst|sel_r[0]'
Slack : -3.109
TNS   : -18.779

Type  : Removal 'state_display:display|display_divider:d10|clk_p'
Slack : 2.940
TNS   : 0.000

Type  : Minimum Pulse Width 'sys_clk'
Slack : -2.289
TNS   : -2.289

Type  : Minimum Pulse Width 'state_display:display|DianZhen_Data[10]'
Slack : -2.261
TNS   : -161.890

Type  : Minimum Pulse Width 'led_display:led_inst|display_divider:u10|clk_p'
Slack : 0.234
TNS   : 0.000

Type  : Minimum Pulse Width 'state_display:display|display_divider:d10|clk_p'
Slack : 0.234
TNS   : 0.000

Type  : Minimum Pulse Width 'led_display:led_inst|sel_r[0]'
Slack : 0.500
TNS   : 0.000

------------------------------------------------------------
