<html>
<body>
<pre>
<h1>µVision Build Log</h1>
<h2>Tool Versions:</h2>
IDE-Version: ¦ÌVision V5.24.2.0
Copyright (C) 2017 ARM Ltd and ARM Germany GmbH. All rights reserved.
License Information: A 8615847530306, WA, LIC=D0D7S-L718Q-KPWZY-IPTCG-9JMCY-D46V6
 
Tool Versions:
Toolchain:       MDK-ARM Plus  Version: 5.24.1
Toolchain Path:  F:\STM32\Keil5 MDK\ARM\ARMCC\Bin
C Compiler:      Armcc.exe V5.06 update 5 (build 528)
Assembler:       Armasm.exe V5.06 update 5 (build 528)
Linker/Locator:  ArmLink.exe V5.06 update 5 (build 528)
Library Manager: ArmAr.exe V5.06 update 5 (build 528)
Hex Converter:   FromElf.exe V5.06 update 5 (build 528)
CPU DLL:         SARMCM3.DLL V5.24.1
Dialog DLL:      DARMSTM.DLL V1.68.0.0
Target DLL:      CMSIS_AGDI.dll V1.28.3.0
Dialog DLL:      TARMSTM.DLL V1.66.0.0
 
<h2>Project:</h2>
F:\STM_Project\00 Ä£¿é×¼±¸\2022_F_jy103\2022_F\USER\FFT.uvprojx
Project File Date:  07/14/2024

<h2>Output:</h2>
*** Using Compiler 'V5.06 update 5 (build 528)', folder: 'F:\STM32\Keil5 MDK\ARM\ARMCC\Bin'
Rebuild target 'FFT'
compiling key.c...
..\HARDWARE\KEY\key.c(87): warning:  #1-D: last line of file ends without a newline
  }
..\HARDWARE\KEY\key.c(87): warning:  #940-D: missing return statement at end of non-void function "CHECK_scan" 
  }
..\HARDWARE\KEY\key.c: 2 warnings, 0 errors
compiling delay.c...
compiling stm32f10x_it.c...
compiling 9851.c...
..\HARDWARE\AD9851\9851.c(114): warning:  #1-D: last line of file ends without a newline
  	
..\HARDWARE\AD9851\9851.c: 1 warning, 0 errors
compiling led.c...
compiling 9851_2.c...
..\HARDWARE\AD9851_2\9851_2.c(97): warning:  #1-D: last line of file ends without a newline
  	
..\HARDWARE\AD9851_2\9851_2.c: 1 warning, 0 errors
compiling system_stm32f10x.c...
compiling timer.c...
..\HARDWARE\TIMER\timer.h(22): warning:  #1295-D: Deprecated declaration TIM2_Cap_Init - give arg types
  void TIM2_Cap_Init();
..\HARDWARE\TIMER\timer.c: 1 warning, 0 errors
compiling main.c...
..\HARDWARE\TIMER\timer.h(22): warning:  #1295-D: Deprecated declaration TIM2_Cap_Init - give arg types
  void TIM2_Cap_Init();
..\HARDWARE\FFT\fft.h(19): warning:  #1295-D: Deprecated declaration window - give arg types
  void window();
..\HARDWARE\FFT\fft.h(20): warning:  #1295-D: Deprecated declaration griddisplay - give arg types
  void griddisplay();
..\HARDWARE\FFT\fft.h(22): warning:  #1295-D: Deprecated declaration show_ma - give arg types
  void show_ma();
..\HARDWARE\AD9851_2\9851_2.h(12): warning:  #47-D: incompatible redefinition of macro "REST_0"  (declared at line 12 of "..\HARDWARE\AD9851\9851.h")
  #define REST_0		GPIO_ResetBits(GPIOF,GPIO_Pin_15)   
..\HARDWARE\AD9851_2\9851_2.h(13): warning:  #47-D: incompatible redefinition of macro "REST_1"  (declared at line 13 of "..\HARDWARE\AD9851\9851.h")
  #define REST_1		GPIO_SetBits(GPIOF,GPIO_Pin_15)
..\HARDWARE\AD9851_2\9851_2.h(15): warning:  #47-D: incompatible redefinition of macro "FQ_UP_0"  (declared at line 15 of "..\HARDWARE\AD9851\9851.h")
  #define FQ_UP_0		GPIO_ResetBits(GPIOF,GPIO_Pin_14)
..\HARDWARE\AD9851_2\9851_2.h(16): warning:  #47-D: incompatible redefinition of macro "FQ_UP_1"  (declared at line 16 of "..\HARDWARE\AD9851\9851.h")
  #define FQ_UP_1		GPIO_SetBits(GPIOF,GPIO_Pin_14)
..\HARDWARE\AD9851_2\9851_2.h(18): warning:  #47-D: incompatible redefinition of macro "W_CLK_0"  (declared at line 18 of "..\HARDWARE\AD9851\9851.h")
  #define W_CLK_0		GPIO_ResetBits(GPIOF,GPIO_Pin_12)
..\HARDWARE\AD9851_2\9851_2.h(19): warning:  #47-D: incompatible redefinition of macro "W_CLK_1"  (declared at line 19 of "..\HARDWARE\AD9851\9851.h")
  #define W_CLK_1		GPIO_SetBits(GPIOF,GPIO_Pin_12)
..\HARDWARE\AD9851_2\9851_2.h(21): warning:  #47-D: incompatible redefinition of macro "Data_0"  (declared at line 21 of "..\HARDWARE\AD9851\9851.h")
  #define Data_0		GPIO_ResetBits(GPIOF,GPIO_Pin_13)
..\HARDWARE\AD9851_2\9851_2.h(22): warning:  #47-D: incompatible redefinition of macro "Data_1"  (declared at line 22 of "..\HARDWARE\AD9851\9851.h")
  #define Data_1		GPIO_SetBits(GPIOF,GPIO_Pin_13)
main.c(37): warning:  #1295-D: Deprecated declaration auto_measure - give arg types
  void auto_measure();
main.c(38): warning:  #1295-D: Deprecated declaration show_mf - give arg types
  void show_mf();
main.c(97): warning:  #177-D: variable "j"  was declared but never referenced
  		int i,j,cnt;
main.c(267): warning:  #177-D: variable "key"  was declared but never referenced
  	u8 key;
main.c(268): warning:  #177-D: variable "Fre3"  was declared but never referenced
  	u32 Fre3; 
main.c(269): warning:  #177-D: variable "str"  was declared but never referenced
  	u8 str[20];
main.c: 18 warnings, 0 errors
compiling lcd.c...
compiling AD9854.c...
..\HARDWARE\AD9854\AD9854.c(210): warning:  #1134-D: literal treated as "long long"
  	High16 = (int)(Freq/4294967295);                  //2^32 = 4294967295
..\HARDWARE\AD9854\AD9854.c(211): warning:  #1134-D: literal treated as "long long"
  	Freq -= (double)High16*4294967295;
..\HARDWARE\AD9854\AD9854.c: 2 warnings, 0 errors
compiling adc.c...
..\HARDWARE\FFT\fft.h(19): warning:  #1295-D: Deprecated declaration window - give arg types
  void window();
..\HARDWARE\FFT\fft.h(20): warning:  #1295-D: Deprecated declaration griddisplay - give arg types
  void griddisplay();
..\HARDWARE\FFT\fft.h(22): warning:  #1295-D: Deprecated declaration show_ma - give arg types
  void show_ma();
..\HARDWARE\ADC\adc.c(116): warning:  #177-D: variable "NVIC_InitStructure"  was declared but never referenced
  	NVIC_InitTypeDef NVIC_InitStructure;
..\HARDWARE\ADC\adc.c: 4 warnings, 0 errors
compiling fft.c...
..\HARDWARE\FFT\fft.h(19): warning:  #1295-D: Deprecated declaration window - give arg types
  void window();
..\HARDWARE\FFT\fft.h(20): warning:  #1295-D: Deprecated declaration griddisplay - give arg types
  void griddisplay();
..\HARDWARE\FFT\fft.h(22): warning:  #1295-D: Deprecated declaration show_ma - give arg types
  void show_ma();
..\HARDWARE\FFT\fft.c(124): warning:  #177-D: variable "j"  was declared but never referenced
  	  int i,j;
..\HARDWARE\FFT\fft.c(127): warning:  #177-D: variable "aMax_pr"  was declared but never referenced
  	  float aMax_pr =0.0,aSecondMax_pr = 0.0;
..\HARDWARE\FFT\fft.c(128): warning:  #550-D: variable "fMax"  was set but never used
      float fMax =0.0,fSecondMax = 0.0;
..\HARDWARE\FFT\fft.c(128): warning:  #550-D: variable "fSecondMax"  was set but never used
      float fMax =0.0,fSecondMax = 0.0;
..\HARDWARE\FFT\fft.c(170): warning:  #177-D: variable "j"  was declared but never referenced
  	 int i,j,count = 0;
..\HARDWARE\FFT\fft.c(191): warning:  #177-D: variable "j"  was declared but never referenced
  	 int i,j,count = 0;
..\HARDWARE\FFT\fft.c: 9 warnings, 0 errors
assembling startup_stm32f10x_hd.s...
compiling core_cm3.c...
compiling usart.c...
compiling sys.c...
assembling cr4_fft_1024_stm32.s...
compiling misc.c...
compiling stm32f10x_gpio.c...
compiling stm32f10x_usart.c...
compiling stm32f10x_rcc.c...
compiling stm32f10x_spi.c...
compiling stm32f10x_fsmc.c...
compiling stm32f10x_adc.c...
compiling stm32f10x_dma.c...
compiling stm32f10x_tim.c...
linking...
Program Size: Code=48964 RO-data=6488 RW-data=116 ZI-data=20300  
FromELF: creating hex file...
"..\OBJ\KEY.axf" - 0 Error(s), 38 Warning(s).

<h2>Software Packages used:</h2>

Package Vendor: Keil
                http://www.keil.com/pack/Keil.STM32F1xx_DFP.2.2.0.pack
                Keil.STM32F1xx_DFP.2.2.0
                STMicroelectronics STM32F1 Series Device Support, Drivers and Examples

<h2>Collection of Component include folders:</h2>
  .\RTE\_FFT
  F:\STM32\Keil5 MDK\ARM\PACK\Keil\STM32F1xx_DFP\2.2.0\Device\Include

<h2>Collection of Component Files used:</h2>
Build Time Elapsed:  00:00:01
</pre>
</body>
</html>
