------------------------------------------------------------
Timing Analyzer Summary
------------------------------------------------------------

Type  : Slow 1200mV 100C Model Setup 'clk'
Slack : -2.782
TNS   : -65.502

Type  : Slow 1200mV 100C Model Setup 'divide:c1|clk_p'
Slack : 0.039
TNS   : 0.000

Type  : Slow 1200mV 100C Model Hold 'divide:c1|clk_p'
Slack : 0.366
TNS   : 0.000

Type  : Slow 1200mV 100C Model Hold 'clk'
Slack : 0.671
TNS   : 0.000

Type  : Slow 1200mV 100C Model Minimum Pulse Width 'clk'
Slack : -3.000
TNS   : -49.299

Type  : Slow 1200mV 100C Model Minimum Pulse Width 'divide:c1|clk_p'
Slack : -1.403
TNS   : -5.612

Type  : Slow 1200mV -40C Model Setup 'clk'
Slack : -2.323
TNS   : -52.033

Type  : Slow 1200mV -40C Model Setup 'divide:c1|clk_p'
Slack : 0.149
TNS   : 0.000

Type  : Slow 1200mV -40C Model Hold 'divide:c1|clk_p'
Slack : 0.317
TNS   : 0.000

Type  : Slow 1200mV -40C Model Hold 'clk'
Slack : 0.584
TNS   : 0.000

Type  : Slow 1200mV -40C Model Minimum Pulse Width 'clk'
Slack : -3.000
TNS   : -49.299

Type  : Slow 1200mV -40C Model Minimum Pulse Width 'divide:c1|clk_p'
Slack : -1.403
TNS   : -5.612

Type  : Fast 1200mV -40C Model Setup 'clk'
Slack : -0.566
TNS   : -7.753

Type  : Fast 1200mV -40C Model Setup 'divide:c1|clk_p'
Slack : 0.578
TNS   : 0.000

Type  : Fast 1200mV -40C Model Hold 'divide:c1|clk_p'
Slack : 0.149
TNS   : 0.000

Type  : Fast 1200mV -40C Model Hold 'clk'
Slack : 0.239
TNS   : 0.000

Type  : Fast 1200mV -40C Model Minimum Pulse Width 'clk'
Slack : -3.000
TNS   : -41.794

Type  : Fast 1200mV -40C Model Minimum Pulse Width 'divide:c1|clk_p'
Slack : -1.000
TNS   : -4.000

------------------------------------------------------------
