<html>
<body>
<pre>
<h1>礦ision Build Log</h1>
<h2>Tool Versions:</h2>
IDE-Version: μVision V5.24.2.0
Copyright (C) 2017 ARM Ltd and ARM Germany GmbH. All rights reserved.
License Information: A 8615847530306, WA, LIC=D0D7S-L718Q-KPWZY-IPTCG-9JMCY-D46V6
 
Tool Versions:
Toolchain:       MDK-ARM Plus  Version: 5.24.1
Toolchain Path:  F:\STM32\Keil5 MDK\ARM\ARMCC\Bin
C Compiler:      Armcc.exe V5.06 update 5 (build 528)
Assembler:       Armasm.exe V5.06 update 5 (build 528)
Linker/Locator:  ArmLink.exe V5.06 update 5 (build 528)
Library Manager: ArmAr.exe V5.06 update 5 (build 528)
Hex Converter:   FromElf.exe V5.06 update 5 (build 528)
CPU DLL:         SARMCM3.DLL V5.24.1
Dialog DLL:      DCM.DLL V1.16.0.0
Target DLL:      STLink\ST-LINKIII-KEIL_SWO.dll V3.0.1.0
Dialog DLL:      TCM.DLL V1.32.0.0
 
<h2>Project:</h2>
F:\STM_Project\00 模块准备\FFT代码\ADC+fft实验\USER\ADC.uvprojx
Project File Date:  07/13/2024

<h2>Output:</h2>
*** Using Compiler 'V5.06 update 5 (build 528)', folder: 'F:\STM32\Keil5 MDK\ARM\ARMCC\Bin'
Rebuild target 'ADC'
assembling cr4_fft_256_stm32.s...
assembling cr4_fft_1024_stm32.s...
assembling cr4_fft_64_stm32.s...
assembling startup_stm32f40_41xxx.s...
compiling stm32f4xx_it.c...
compiling timer.c...
compiling adc.c...
compiling led.c...
compiling system_stm32f4xx.c...
compiling usart.c...
compiling ADCDMA.c...
..\HARDWARE\ADCDMA\ADCDMA.h(10): warning:  #1295-D: Deprecated declaration AD3_Init - give arg types
  void AD3_Init();
..\HARDWARE\ADCDMA\ADCDMA.h(11): warning:  #1295-D: Deprecated declaration ADC_DMA_Trigger - give arg types
  void ADC_DMA_Trigger();
..\HARDWARE\ADCDMA\ADCDMA.c(39): warning:  #69-D: integer conversion resulted in truncation
  	ADC_InitStructure.ADC_NbrOfConversion = 
D3_Value_Length;					//杞崲鏁伴噺锛氫竴娉㈤噰闆嗛噰闆嗙殑AD鍊间釜鏁?,澶氶�氶亾鏃朵竴鑸负閫氶亾鏁伴噺
..\HARDWARE\ADCDMA\ADCDMA.c: 3 warnings, 0 errors
compiling main.c...
..\HARDWARE\ADCDMA\ADCDMA.h(10): warning:  #1295-D: Deprecated declaration AD3_Init - give arg types
  void AD3_Init();
..\HARDWARE\ADCDMA\ADCDMA.h(11): warning:  #1295-D: Deprecated declaration ADC_DMA_Trigger - give arg types
  void ADC_DMA_Trigger();
main.c(61): warning:  #223-D: function "cr4_fft_256_stm32" declared implicitly
  		cr4_fft_256_stm32(OutBufArray, InBufArray, NPT);//FFT杩愮畻
main.c: 3 warnings, 0 errors
compiling misc.c...
compiling sys.c...
compiling delay.c...
compiling lcd.c...
compiling stm32f4xx_adc.c...
compiling stm32f4xx_gpio.c...
compiling stm32f4xx_fsmc.c...
compiling stm32f4xx_syscfg.c...
compiling stm32f4xx_dac.c...
compiling stm32f4xx_usart.c...
compiling stm32f4xx_tim.c...
compiling stm32f4xx_rcc.c...
compiling stm32f4xx_dma.c...
compiling stm32f4xx_dma2d.c...
linking...
Program Size: Code=14460 RO-data=424 RW-data=4136 ZI-data=4808  
FromELF: creating hex file...
"..\OBJ\ADC.axf" - 0 Error(s), 6 Warning(s).

<h2>Software Packages used:</h2>

Package Vendor: ARM
                http://www.keil.com/pack/ARM.CMSIS.5.0.1.pack
                ARM.CMSIS.5.0.1
                CMSIS (Cortex Microcontroller Software Interface Standard)
   * Component: DSP Version: 1.5.1

Package Vendor: Keil
                http://www.keil.com/pack/Keil.STM32F4xx_DFP.1.0.8.pack
                Keil.STM32F4xx_DFP.1.0.8
                STMicroelectronics STM32F4 Series Device Support, Drivers and Examples

<h2>Collection of Component include folders:</h2>
  .\RTE\_ADC
  F:\STM32\Keil5 MDK\ARM\PACK\ARM\CMSIS\5.0.1\CMSIS\Include
  F:\STM32\Keil5 MDK\ARM\PACK\Keil\STM32F4xx_DFP\1.0.8\Device\Include

<h2>Collection of Component Files used:</h2>

   * Component: ARM::CMSIS:DSP:1.5.1
      Library file:  CMSIS\Lib\ARM\arm_cortexM4lf_math.lib
      Include file:  CMSIS\Include\arm_math.h
Build Time Elapsed:  00:00:02
</pre>
</body>
</html>
