Component: ARM Compiler 5.06 update 5 (build 528) Tool: armlink [4d35e2]

==============================================================================

Section Cross References

    main.o(.text) refers to _printf_percent.o(.ARM.Collect$$_printf_percent$$00000000) for _printf_percent
    main.o(.text) refers to _printf_d.o(.ARM.Collect$$_printf_percent$$00000009) for _printf_d
    main.o(.text) refers to _printf_dec.o(.text) for _printf_int_dec
    main.o(.text) refers to ad9854.o(.text) for AD9854_SetSine
    main.o(.text) refers to 9851.o(.text) for Write
    main.o(.text) refers to delay.o(.text) for delay_ms
    main.o(.text) refers to cr4_fft_1024_stm32.o(.text) for cr4_fft_1024_stm32
    main.o(.text) refers to fft.o(.text) for GetPowerMag
    main.o(.text) refers to noretval__2sprintf.o(.text) for __2sprintf
    main.o(.text) refers to lcd.o(.text) for LCD_ShowString
    main.o(.text) refers to fflt_clz.o(x$fpl$fflt) for __aeabi_i2f
    main.o(.text) refers to fdiv.o(x$fpl$fdiv) for __aeabi_fdiv
    main.o(.text) refers to ffix.o(x$fpl$ffix) for __aeabi_f2iz
    main.o(.text) refers to rt_memcpy_w.o(.text) for __aeabi_memcpy4
    main.o(.text) refers to adc.o(.text) for Get_Adc_Average
    main.o(.text) refers to fflt_clz.o(x$fpl$ffltu) for __aeabi_ui2f
    main.o(.text) refers to frleqf.o(x$fpl$frleqf) for __aeabi_cfrcmple
    main.o(.text) refers to fmul.o(x$fpl$fmul) for __aeabi_fmul
    main.o(.text) refers to ffixu.o(x$fpl$ffixu) for __aeabi_f2uiz
    main.o(.text) refers to main.o(.data) for Fre
    main.o(.text) refers to lcd.o(.data) for POINT_COLOR
    main.o(.text) refers to adc.o(.bss) for ADC_Value
    main.o(.text) refers to fft.o(.bss) for lBufInArray
    main.o(.text) refers to timer.o(.data) for Rising_Last
    main.o(.text) refers to main.o(.constdata) for .constdata
    main.o(.text) refers to stm32f10x_gpio.o(.text) for GPIO_ResetBits
    main.o(.text) refers to usart.o(.text) for uart_init
    main.o(.text) refers to key.o(.text) for KEY_Init
    main.o(.text) refers to timer.o(.text) for TIM1_Int_Init
    system_stm32f10x.o(.text) refers to system_stm32f10x.o(.data) for SystemCoreClock
    led.o(.text) refers to stm32f10x_rcc.o(.text) for RCC_APB2PeriphClockCmd
    led.o(.text) refers to stm32f10x_gpio.o(.text) for GPIO_Init
    key.o(.text) refers to stm32f10x_rcc.o(.text) for RCC_APB2PeriphClockCmd
    key.o(.text) refers to stm32f10x_gpio.o(.text) for GPIO_Init
    key.o(.text) refers to delay.o(.text) for delay_ms
    key.o(.text) refers to key.o(.data) for key_up
    timer.o(.text) refers to stm32f10x_rcc.o(.text) for RCC_APB2PeriphClockCmd
    timer.o(.text) refers to stm32f10x_tim.o(.text) for TIM_TimeBaseStructInit
    timer.o(.text) refers to stm32f10x_gpio.o(.text) for GPIO_Init
    timer.o(.text) refers to misc.o(.text) for NVIC_Init
    timer.o(.text) refers to timer.o(.data) for Edge_Flag
    lcd.o(.text) refers to _printf_percent.o(.ARM.Collect$$_printf_percent$$00000000) for _printf_percent
    lcd.o(.text) refers to _printf_x.o(.ARM.Collect$$_printf_percent$$0000000C) for _printf_x
    lcd.o(.text) refers to _printf_hex_int.o(.text) for _printf_longlong_hex
    lcd.o(.text) refers to delay.o(.text) for delay_us
    lcd.o(.text) refers to lcd.o(.bss) for lcddev
    lcd.o(.text) refers to lcd.o(.data) for POINT_COLOR
    lcd.o(.text) refers to dflt_clz.o(x$fpl$dfltu) for __aeabi_ui2d
    lcd.o(.text) refers to dmul.o(x$fpl$dmul) for __aeabi_dmul
    lcd.o(.text) refers to dfixu.o(x$fpl$dfixu) for __aeabi_d2uiz
    lcd.o(.text) refers to stm32f10x_rcc.o(.text) for RCC_AHBPeriphClockCmd
    lcd.o(.text) refers to stm32f10x_gpio.o(.text) for GPIO_Init
    lcd.o(.text) refers to stm32f10x_fsmc.o(.text) for FSMC_NORSRAMInit
    lcd.o(.text) refers to noretval__2printf.o(.text) for __2printf
    lcd.o(.text) refers to lcd.o(.constdata) for asc2_1206
    lcd.o(.text) refers to fmul.o(x$fpl$fmul) for __aeabi_fmul
    lcd.o(.text) refers to ffix.o(x$fpl$ffix) for __aeabi_f2iz
    adc.o(.text) refers to stm32f10x_rcc.o(.text) for RCC_APB2PeriphClockCmd
    adc.o(.text) refers to stm32f10x_gpio.o(.text) for GPIO_Init
    adc.o(.text) refers to stm32f10x_adc.o(.text) for ADC_DeInit
    adc.o(.text) refers to delay.o(.text) for delay_ms
    adc.o(.text) refers to misc.o(.text) for NVIC_PriorityGroupConfig
    adc.o(.text) refers to stm32f10x_dma.o(.text) for DMA_DeInit
    adc.o(.text) refers to adc.o(.bss) for ADC_Value
    adc.o(.text) refers to fft.o(.bss) for lBufInArray
    fft.o(.text) refers to fflt_clz.o(x$fpl$fflt) for __aeabi_i2f
    fft.o(.text) refers to fmul.o(x$fpl$fmul) for __aeabi_fmul
    fft.o(.text) refers to fdiv.o(x$fpl$fdiv) for __aeabi_fdiv
    fft.o(.text) refers to faddsub_clz.o(x$fpl$fadd) for __aeabi_fadd
    fft.o(.text) refers to f2d.o(x$fpl$f2d) for __aeabi_f2d
    fft.o(.text) refers to sqrt.o(i.sqrt) for sqrt
    fft.o(.text) refers to ddiv.o(x$fpl$ddiv) for __aeabi_ddiv
    fft.o(.text) refers to d2f.o(x$fpl$d2f) for __aeabi_d2f
[...]
    .text                                    0x0800acb8   Section        0  _sputc.o(.text)
    .text                                    0x0800acc4   Section        0  _printf_char_file.o(.text)
    .text                                    0x0800ace8   Section        8  rt_errno_addr_intlibspace.o(.text)
    .text                                    0x0800acf0   Section        0  ferror.o(.text)
    .text                                    0x0800acf8   Section        8  libspace.o(.text)
    .text                                    0x0800ad00   Section       74  sys_stackheap_outer.o(.text)
    .text                                    0x0800ad4a   Section        0  exit.o(.text)
    i.sqrt                                   0x0800ad5c   Section        0  sqrt.o(i.sqrt)
    x$fpl$d2f                                0x0800ada8   Section       98  d2f.o(x$fpl$d2f)
    x$fpl$dadd                               0x0800ae0c   Section      336  daddsub_clz.o(x$fpl$dadd)
    _dadd1                                   0x0800ae1d   Thumb Code     0  daddsub_clz.o(x$fpl$dadd)
    x$fpl$dcmpinf                            0x0800af5c   Section       24  dcmpi.o(x$fpl$dcmpinf)
    x$fpl$ddiv                               0x0800af74   Section      688  ddiv.o(x$fpl$ddiv)
    ddiv_entry                               0x0800af7b   Thumb Code     0  ddiv.o(x$fpl$ddiv)
    x$fpl$dfix                               0x0800b224   Section       94  dfix.o(x$fpl$dfix)
    x$fpl$dfixu                              0x0800b284   Section       90  dfixu.o(x$fpl$dfixu)
    x$fpl$dfltu                              0x0800b2de   Section       38  dflt_clz.o(x$fpl$dfltu)
    x$fpl$dleqf                              0x0800b304   Section      120  dleqf.o(x$fpl$dleqf)
    x$fpl$dmul                               0x0800b37c   Section      340  dmul.o(x$fpl$dmul)
    x$fpl$dnaninf                            0x0800b4d0   Section      156  dnaninf.o(x$fpl$dnaninf)
    x$fpl$dretinf                            0x0800b56c   Section       12  dretinf.o(x$fpl$dretinf)
    x$fpl$drleqf                             0x0800b578   Section      108  drleqf.o(x$fpl$drleqf)
    x$fpl$drsb                               0x0800b5e4   Section       22  daddsub_clz.o(x$fpl$drsb)
    x$fpl$dsqrt                              0x0800b5fc   Section      460  dsqrt_noumaal.o(x$fpl$dsqrt)
    x$fpl$dsub                               0x0800b7c8   Section      468  daddsub_clz.o(x$fpl$dsub)
    _dsub1                                   0x0800b7d9   Thumb Code     0  daddsub_clz.o(x$fpl$dsub)
    x$fpl$f2d                                0x0800b99c   Section       86  f2d.o(x$fpl$f2d)
    x$fpl$fadd                               0x0800b9f4   Section      196  faddsub_clz.o(x$fpl$fadd)
    _fadd1                                   0x0800ba03   Thumb Code     0  faddsub_clz.o(x$fpl$fadd)
    x$fpl$fcmpinf                            0x0800bab8   Section       24  fcmpi.o(x$fpl$fcmpinf)
    x$fpl$fdiv                               0x0800bad0   Section      388  fdiv.o(x$fpl$fdiv)
    _fdiv1                                   0x0800bad1   Thumb Code     0  fdiv.o(x$fpl$fdiv)
    x$fpl$ffix                               0x0800bc54   Section       54  ffix.o(x$fpl$ffix)
    x$fpl$ffixu                              0x0800bc8c   Section       62  ffixu.o(x$fpl$ffixu)
    x$fpl$fflt                               0x0800bccc   Section       48  fflt_clz.o(x$fpl$fflt)
    x$fpl$ffltu                              0x0800bcfc   Section       38  fflt_clz.o(x$fpl$ffltu)
    x$fpl$fleqf                              0x0800bd24   Section      104  fleqf.o(x$fpl$fleqf)
    x$fpl$fmul                               0x0800bd8c   Section      258  fmul.o(x$fpl$fmul)
    x$fpl$fnaninf                            0x0800be8e   Section      140  fnaninf.o(x$fpl$fnaninf)
    x$fpl$fretinf                            0x0800bf1a   Section       10  fretinf.o(x$fpl$fretinf)
    x$fpl$frleqf                             0x0800bf24   Section       98  frleqf.o(x$fpl$frleqf)
    x$fpl$fsub                               0x0800bf88   Section      234  faddsub_clz.o(x$fpl$fsub)
    _fsub1                                   0x0800bf97   Thumb Code     0  faddsub_clz.o(x$fpl$fsub)
    x$fpl$usenofp                            0x0800c072   Section        0  usenofp.o(x$fpl$usenofp)
    .constdata                               0x0800c074   Section       32  main.o(.constdata)
    .constdata                               0x0800c094   Section     6080  lcd.o(.constdata)
    .constdata                               0x0800d854   Section       40  _printf_hex_int.o(.constdata)
    uc_hextab                                0x0800d854   Data          20  _printf_hex_int.o(.constdata)
    lc_hextab                                0x0800d868   Data          20  _printf_hex_int.o(.constdata)
    .data                                    0x20000000   Section       12  main.o(.data)
    .data                                    0x2000000c   Section       20  system_stm32f10x.o(.data)
    .data                                    0x20000020   Section        1  key.o(.data)
    key_up                                   0x20000020   Data           1  key.o(.data)
    .data                                    0x20000022   Section        8  timer.o(.data)
    .data                                    0x2000002a   Section        4  lcd.o(.data)
    .data                                    0x20000030   Section       28  fft.o(.data)
    .data                                    0x2000004c   Section        6  ad9854.o(.data)
    .data                                    0x20000052   Section        4  delay.o(.data)
    fac_us                                   0x20000052   Data           1  delay.o(.data)
    fac_ms                                   0x20000054   Data           2  delay.o(.data)
    .data                                    0x20000058   Section        6  usart.o(.data)
    .data                                    0x2000005e   Section       20  stm32f10x_rcc.o(.data)
    APBAHBPrescTable                         0x2000005e   Data          16  stm32f10x_rcc.o(.data)
    ADCPrescTable                            0x2000006e   Data           4  stm32f10x_rcc.o(.data)
    .bss                                     0x20000074   Section       14  lcd.o(.bss)
    .bss                                     0x20000082   Section     2048  adc.o(.bss)
    .bss                                     0x20000884   Section    16404  fft.o(.bss)
    .bss                                     0x20004898   Section      200  usart.o(.bss)
    .bss                                     0x20004960   Section       96  libspace.o(.bss)
    HEAP                                     0x200049c0   Section      512  startup_stm32f10x_hd.o(HEAP)
    Heap_Mem                                 0x200049c0   Data         512  startup_stm32f10x_hd.o(HEAP)
    STACK                                    0x20004bc0   Section     1024  startup_stm32f10x_hd.o(STACK)
    Stack_Mem                                0x20004bc0   Data        1024  startup_stm32f10x_hd.o(STACK)
    __initial_sp                             0x20004fc0   Data           0  startup_stm32f10x_hd.o(STACK)

    Global Symbols

    Symbol Name                              Value     Ov Type        Size  Object(Section)

    BuildAttributes$$THM_ISAv4$P$D$K$B$S$PE$A:L22UL41UL21$X:L11$S22US41US21$IEEE1$IW$USESV6$~STKCKD$USESV7$~SHL$OTIME$ROPI$IEEEJ$EBA8$UX$STANDARDLIB$REQ8$PRES8$EABIv2 0x00000000   Number         0  anon$$obj.o ABSOLUTE
    __ARM_use_no_argv                        0x00000000   Number         0  main.o ABSOLUTE
    __ARM_exceptions_init                     - Undefined Weak Reference
    __alloca_initialize                       - Undefined Weak Reference
    __arm_preinit_                            - Undefined Weak Reference
    __cpp_initialize__aeabi_                  - Undefined Weak Reference
    __cxa_finalize                            - Undefined Weak Reference
    __rt_locale                               - Undefined Weak Reference
    __sigvec_lookup                           - Undefined Weak Reference
    _atexit_init                              - Undefined Weak Reference
    _call_atexit_fns                          - Undefined Weak Reference
    _clock_init                               - Undefined Weak Reference
    _fp_trap_init                             - Undefined Weak Reference
    _fp_trap_shutdown                         - Undefined Weak Reference
    _get_lc_collate                           - Undefined Weak Reference
    _get_lc_ctype                             - Undefined Weak Reference
    _get_lc_monetary                          - Undefined Weak Reference
    _get_lc_numeric                           - Undefined Weak Reference
    _get_lc_time                              - Undefined Weak Reference
    _getenv_init                              - Undefined Weak Reference
    _handle_redirection                       - Undefined Weak Reference
    _init_alloc                               - Undefined Weak Reference
    _init_user_alloc                          - Undefined Weak Reference
    _initio                                   - Undefined Weak Reference
    _mutex_acquire                            - Undefined Weak Reference
    _mutex_release                            - Undefined Weak Reference
    _printf_post_padding                      - Undefined Weak Reference
    _printf_pre_padding                       - Undefined Weak Reference
    _printf_truncate_signed                   - Undefined Weak Reference
    _printf_truncate_unsigned                 - Undefined Weak Reference
    _rand_init                                - Undefined Weak Reference
    _signal_finish                            - Undefined Weak Reference
    _signal_init                              - Undefined Weak Reference
    _terminate_alloc                          - Undefined Weak Reference
    _terminate_user_alloc                     - Undefined Weak Reference
    _terminateio                              - Undefined Weak Reference
    __Vectors_Size                           0x00000130   Number         0  startup_stm32f10x_hd.o ABSOLUTE
    __Vectors                                0x08000000   Data           4  startup_stm32f10x_hd.o(RESET)
    __Vectors_End                            0x08000130   Data           0  startup_stm32f10x_hd.o(RESET)
    __main                                   0x08000131   Thumb Code     8  __main.o(!!!main)
    __scatterload                            0x08000139   Thumb Code     0  __scatter.o(!!!scatter)
    __scatterload_rt2                        0x08000139   Thumb Code    44  __scatter.o(!!!scatter)
    __scatterload_rt2_thumb_only             0x08000139   Thumb Code     0  __scatter.o(!!!scatter)
    __scatterload_null                       0x08000147   Thumb Code     0  __scatter.o(!!!scatter)
    __scatterload_copy                       0x0800016d   Thumb Code    26  __scatter_copy.o(!!handler_copy)
    __scatterload_zeroinit                   0x08000189   Thumb Code    28  __scatter_zi.o(!!handler_zi)
    _printf_d                                0x080001a5   Thumb Code     0  _printf_d.o(.ARM.Collect$$_printf_percent$$00000009)
    _printf_percent                          0x080001a5   Thumb Code     0  _printf_percent.o(.ARM.Collect$$_printf_percent$$00000000)
    _printf_x                                0x080001ab   Thumb Code     0  _printf_x.o(.ARM.Collect$$_printf_percent$$0000000C)
    _printf_percent_end                      0x080001b1   Thumb Code     0  _printf_percent_end.o(.ARM.Collect$$_printf_percent$$00000017)
    __rt_lib_init                            0x080001b5   Thumb Code     0  libinit.o(.ARM.Collect$$libinit$$00000000)
    __rt_lib_init_alloca_1                   0x080001b7   Thumb Code     0  libinit2.o(.ARM.Collect$$libinit$$0000002E)
    __rt_lib_init_argv_1                     0x080001b7   Thumb Code     0  libinit2.o(.ARM.Collect$$libinit$$0000002C)
    __rt_lib_init_atexit_1                   0x080001b7   Thumb Code     0  libinit2.o(.ARM.Collect$$libinit$$0000001B)
    __rt_lib_init_clock_1                    0x080001b7   Thumb Code     0  libinit2.o(.ARM.Collect$$libinit$$00000021)
    __rt_lib_init_cpp_1                      0x080001b7   Thumb Code     0  libinit2.o(.ARM.Collect$$libinit$$00000032)
    __rt_lib_init_exceptions_1               0x080001b7   Thumb Code     0  libinit2.o(.ARM.Collect$$libinit$$00000030)
    __rt_lib_init_fp_1                       0x080001b7   Thumb Code     0  libinit2.o(.ARM.Collect$$libinit$$00000002)
    __rt_lib_init_fp_trap_1                  0x080001b7   Thumb Code     0  libinit2.o(.ARM.Collect$$libinit$$0000001F)
    __rt_lib_init_getenv_1                   0x080001b7   Thumb Code     0  libinit2.o(.ARM.Collect$$libinit$$00000023)
    __rt_lib_init_heap_1                     0x080001b7   Thumb Code     0  libinit2.o(.ARM.Collect$$libinit$$0000000A)
    __rt_lib_init_lc_collate_1               0x080001b7   Thumb Code     0  libinit2.o(.ARM.Collect$$libinit$$00000011)
    __rt_lib_init_lc_ctype_1                 0x080001b7   Thumb Code     0  libinit2.o(.ARM.Collect$$libinit$$00000013)
    __rt_lib_init_lc_monetary_1              0x080001b7   Thumb Code     0  libinit2.o(.ARM.Collect$$libinit$$00000015)
    __rt_lib_init_lc_numeric_1               0x080001b7   Thumb Code     0  libinit2.o(.ARM.Collect$$libinit$$00000017)
    __rt_lib_init_lc_time_1                  0x080001b7   Thumb Code     0  libinit2.o(.ARM.Collect$$libinit$$00000019)
    __rt_lib_init_preinit_1                  0x080001b7   Thumb Code     0  libinit2.o(.ARM.Collect$$libinit$$00000004)
    __rt_lib_init_rand_1                     0x080001b7   Thumb Code     0  libinit2.o(.ARM.Collect$$libinit$$0000000E)
    __rt_lib_init_return                     0x080001b7   Thumb Code     0  libinit2.o(.ARM.Collect$$libinit$$00000033)
    __rt_lib_init_signal_1                   0x080001b7   Thumb Code     0  libinit2.o(.ARM.Collect$$libinit$$0000001D)
    __rt_lib_init_stdio_1                    0x080001b7   Thumb Code     0  libinit2.o(.ARM.Collect$$libinit$$00000025)
    __rt_lib_init_user_alloc_1               0x080001b7   Thumb Code     0  libinit2.o(.ARM.Collect$$libinit$$0000000C)
    __rt_lib_shutdown                        0x080001b9   Thumb Code     0  libshutdown.o(.ARM.Collect$$libshutdown$$00000000)
    __rt_lib_shutdown_cpp_1                  0x080001bb   Thumb Code     0  libshutdown2.o(.ARM.Collect$$libshutdown$$00000002)
    __rt_lib_shutdown_fp_trap_1              0x080001bb   Thumb Code     0  libshutdown2.o(.ARM.Collect$$libshutdown$$00000007)
    __rt_lib_shutdown_heap_1                 0x080001bb   Thumb Code     0  libshutdown2.o(.ARM.Collect$$libshutdown$$0000000F)
    __rt_lib_shutdown_return                 0x080001bb   Thumb Code     0  libshutdown2.o(.ARM.Collect$$libshutdown$$00000010)
    __rt_lib_shutdown_signal_1               0x080001bb   Thumb Code     0  libshutdown2.o(.ARM.Collect$$libshutdown$$0000000A)
    __rt_lib_shutdown_stdio_1                0x080001bb   Thumb Code     0  libshutdown2.o(.ARM.Collect$$libshutdown$$00000004)
    __rt_lib_shutdown_user_alloc_1           0x080001bb   Thumb Code     0  libshutdown2.o(.ARM.Collect$$libshutdown$$0000000C)
    __rt_entry                               0x080001bd   Thumb Code     0  __rtentry.o(.ARM.Collect$$rtentry$$00000000)
    __rt_entry_presh_1                       0x080001bd   Thumb Code     0  __rtentry2.o(.ARM.Collect$$rtentry$$00000002)
    __rt_entry_sh                            0x080001bd   Thumb Code     0  __rtentry4.o(.ARM.Collect$$rtentry$$00000004)
    __rt_entry_li                            0x080001c3   Thumb Code     0  __rtentry2.o(.ARM.Collect$$rtentry$$0000000A)
    __rt_entry_postsh_1                      0x080001c3   Thumb Code     0  __rtentry2.o(.ARM.Collect$$rtentry$$00000009)
    __rt_entry_main                          0x080001c7   Thumb Code     0  __rtentry2.o(.ARM.Collect$$rtentry$$0000000D)
    __rt_entry_postli_1                      0x080001c7   Thumb Code     0  __rtentry2.o(.ARM.Collect$$rtentry$$0000000C)
    __rt_exit                                0x080001cf   Thumb Code     0  rtexit.o(.ARM.Collect$$rtexit$$00000000)
    __rt_exit_ls                             0x080001d1   Thumb Code     0  rtexit2.o(.ARM.Collect$$rtexit$$00000003)
    __rt_exit_prels_1                        0x080001d1   Thumb Code     0  rtexit2.o(.ARM.Collect$$rtexit$$00000002)
    __rt_exit_exit                           0x080001d5   Thumb Code     0  rtexit2.o(.ARM.Collect$$rtexit$$00000004)
    scan_f                                   0x080001dd   Thumb Code   276  main.o(.text)
    FM_fre                                   0x080002f1   Thumb Code   126  main.o(.text)
    show_mf                                  0x0800036f   Thumb Code   506  main.o(.text)
    wave_judge                               0x08000569   Thumb Code   416  main.o(.text)
    main                                     0x08000709   Thumb Code   334  main.o(.text)
    NMI_Handler                              0x080008a5   Thumb Code     2  stm32f10x_it.o(.text)
    HardFault_Handler                        0x080008a7   Thumb Code     4  stm32f10x_it.o(.text)
    MemManage_Handler                        0x080008ab   Thumb Code     4  stm32f10x_it.o(.text)
    BusFault_Handler                         0x080008af   Thumb Code     4  stm32f10x_it.o(.text)
    UsageFault_Handler                       0x080008b3   Thumb Code     4  stm32f10x_it.o(.text)
    SVC_Handler                              0x080008b7   Thumb Code     2  stm32f10x_it.o(.text)
    DebugMon_Handler                         0x080008b9   Thumb Code     2  stm32f10x_it.o(.text)
    PendSV_Handler                           0x080008bb   Thumb Code     2  stm32f10x_it.o(.text)
    SysTick_Handler                          0x080008bd   Thumb Code     2  stm32f10x_it.o(.text)
    SystemInit                               0x0800099f   Thumb Code    78  system_stm32f10x.o(.text)
    SystemCoreClockUpdate                    0x080009ed   Thumb Code   142  system_stm32f10x.o(.text)
    KEY_Init                                 0x08000aa1   Thumb Code   114  key.o(.text)
    KEY_Scan                                 0x08000b13   Thumb Code   110  key.o(.text)
    CHECK_scan                               0x08000b81   Thumb Code    92  key.o(.text)
    TIM1_Int_Init                            0x08000bf1   Thumb Code    98  timer.o(.text)
    TIM2_Cap_Init                            0x08000c53   Thumb Code   166  timer.o(.text)
    TIM2_IRQHandler                          0x08000cf9   Thumb Code   132  timer.o(.text)
    LCD_WR_REG                               0x08000d95   Thumb Code     6  lcd.o(.text)
    LCD_WR_DATA                              0x08000d9b   Thumb Code     8  lcd.o(.text)
    LCD_RD_DATA                              0x08000da3   Thumb Code    16  lcd.o(.text)
    LCD_WriteReg                             0x08000db3   Thumb Code    10  lcd.o(.text)
    LCD_ReadReg                              0x08000dbd   Thumb Code    22  lcd.o(.text)
    LCD_WriteRAM_Prepare                     0x08000dd3   Thumb Code    10  lcd.o(.text)
    LCD_WriteRAM                             0x08000ddd   Thumb Code     8  lcd.o(.text)
    LCD_BGR2RGB                              0x08000de5   Thumb Code    26  lcd.o(.text)
    opt_delay                                0x08000dff   Thumb Code    14  lcd.o(.text)
    LCD_SetCursor                            0x08000e0d   Thumb Code   418  lcd.o(.text)
    LCD_ReadPoint                            0x08000faf   Thumb Code   360  lcd.o(.text)
    LCD_DisplayOn                            0x08001117   Thumb Code   102  lcd.o(.text)
    LCD_DisplayOff                           0x0800117d   Thumb Code    90  lcd.o(.text)
    LCD_Scan_Dir                             0x080011d7   Thumb Code   744  lcd.o(.text)
    LCD_DrawPoint                            0x080014bf   Thumb Code    28  lcd.o(.text)
    LCD_Fast_DrawPoint                       0x080014db   Thumb Code   384  lcd.o(.text)
    LCD_SSD_BackLightSet                     0x0800165b   Thumb Code    80  lcd.o(.text)
    LCD_Display_Dir                          0x080016ab   Thumb Code   444  lcd.o(.text)
    LCD_Set_Window                           0x08001867   Thumb Code   540  lcd.o(.text)
    LCD_Clear                                0x08001a83   Thumb Code   100  lcd.o(.text)
    LCD_Init                                 0x08001ae7   Thumb Code 14190  lcd.o(.text)
    LCD_Fill                                 0x08005255   Thumb Code   178  lcd.o(.text)
    LCD_Color_Fill                           0x08005307   Thumb Code   106  lcd.o(.text)
    LCD_DrawLine                             0x08005371   Thumb Code   176  lcd.o(.text)
    LCD_Fast_DrawLine                        0x08005421   Thumb Code   172  lcd.o(.text)
    LCD_DrawRectangle                        0x080054cd   Thumb Code    60  lcd.o(.text)
    LCD_Draw_Circle                          0x08005509   Thumb Code   152  lcd.o(.text)
    LCD_ShowChar                             0x080055a1   Thumb Code   272  lcd.o(.text)
    LCD_Pow                                  0x080056b1   Thumb Code    22  lcd.o(.text)
    LCD_ShowNum                              0x080056c7   Thumb Code   178  lcd.o(.text)
    LCD_ShowxNum                             0x08005779   Thumb Code   190  lcd.o(.text)
    LCD_ShowString                           0x08005837   Thumb Code   102  lcd.o(.text)
    LCD_ShowFloat3                           0x0800589d   Thumb Code   268  lcd.o(.text)
    LCD_ShowFloat4                           0x080059a9   Thumb Code   270  lcd.o(.text)
    LCD_ShowFloat5                           0x08005ab7   Thumb Code   268  lcd.o(.text)
    Adc_Init2                                0x08005bc9   Thumb Code   130  adc.o(.text)
    Get_Adc                                  0x08005c4b   Thumb Code    46  adc.o(.text)
    Get_Adc_Average                          0x08005c79   Thumb Code    46  adc.o(.text)
    ADC1_Configuration                       0x08005ca7   Thumb Code   162  adc.o(.text)
    DMA_Configuration                        0x08005d49   Thumb Code    94  adc.o(.text)
    ADC1_DMA1_IT_Hander                      0x08005da7   Thumb Code    44  adc.o(.text)
    GetPowerMag                              0x08005df1   Thumb Code   212  fft.o(.text)
    griddisplay                              0x08005ec5   Thumb Code   104  fft.o(.text)
    wavedisplay                              0x08005f2d   Thumb Code   130  fft.o(.text)
    lcd_show_fft                             0x08005faf   Thumb Code   126  fft.o(.text)
    select_max                               0x0800602d   Thumb Code   328  fft.o(.text)
    peak_count                               0x08006175   Thumb Code   168  fft.o(.text)
    peak_count2                              0x0800621d   Thumb Code    90  fft.o(.text)
    select_max2                              0x08006277   Thumb Code    94  fft.o(.text)
    lcd_print_fft                            0x080062d5   Thumb Code   192  fft.o(.text)
    select_max_fft                           0x08006395   Thumb Code   168  fft.o(.text)
    show_ma                                  0x0800643d   Thumb Code   314  fft.o(.text)
    GPIO_AD9854_Configuration                0x080065b9   Thumb Code    64  ad9854.o(.text)
    AD9854_Init                              0x08006637   Thumb Code   112  ad9854.o(.text)
    AD9854_SetSine                           0x080066ff   Thumb Code   106  ad9854.o(.text)
    AD9854_SetSine_double                    0x080067e5   Thumb Code   112  ad9854.o(.text)
    AD9854_InitFSK                           0x08006855   Thumb Code   112  ad9854.o(.text)
    AD9854_SetFSK                            0x080068c5   Thumb Code   154  ad9854.o(.text)
    AD9854_InitBPSK                          0x0800695f   Thumb Code   146  ad9854.o(.text)
    AD9854_SetBPSK                           0x080069f1   Thumb Code   150  ad9854.o(.text)
    AD9854_InitAM                            0x08006a87   Thumb Code   158  ad9854.o(.text)
    AD9854_SetAM                             0x08006b25   Thumb Code    58  ad9854.o(.text)
    RCC_Configuration                        0x08006b6d   Thumb Code    88  9851.o(.text)
    AD9851_Configuration                     0x08006bc5   Thumb Code    38  9851.o(.text)
    Write                                    0x08006beb   Thumb Code   374  9851.o(.text)
    delay_init                               0x08006d71   Thumb Code    50  delay.o(.text)
    delay_us                                 0x08006da3   Thumb Code    72  delay.o(.text)
    delay_ms                                 0x08006deb   Thumb Code    72  delay.o(.text)
    _sys_exit                                0x08006e45   Thumb Code     6  usart.o(.text)
    fputc                                    0x08006e4b   Thumb Code    24  usart.o(.text)
    uart_init                                0x08006e63   Thumb Code   152  usart.o(.text)
    USART1_IRQHandler                        0x08006efb   Thumb Code   122  usart.o(.text)
    Reset_Handler                            0x08006f85   Thumb Code     8  startup_stm32f10x_hd.o(.text)
    ADC1_2_IRQHandler                        0x08006f9f   Thumb Code     0  startup_stm32f10x_hd.o(.text)
    ADC3_IRQHandler                          0x08006f9f   Thumb Code     0  startup_stm32f10x_hd.o(.text)
    CAN1_RX1_IRQHandler                      0x08006f9f   Thumb Code     0  startup_stm32f10x_hd.o(.text)
    CAN1_SCE_IRQHandler                      0x08006f9f   Thumb Code     0  startup_stm32f10x_hd.o(.text)
    DMA1_Channel1_IRQHandler                 0x08006f9f   Thumb Code     0  startup_stm32f10x_hd.o(.text)
    DMA1_Channel2_IRQHandler                 0x08006f9f   Thumb Code     0  startup_stm32f10x_hd.o(.text)
    DMA1_Channel3_IRQHandler                 0x08006f9f   Thumb Code     0  startup_stm32f10x_hd.o(.text)
    DMA1_Channel4_IRQHandler                 0x08006f9f   Thumb Code     0  startup_stm32f10x_hd.o(.text)
    DMA1_Channel5_IRQHandler                 0x08006f9f   Thumb Code     0  startup_stm32f10x_hd.o(.text)
    DMA1_Channel6_IRQHandler                 0x08006f9f   Thumb Code     0  startup_stm32f10x_hd.o(.text)
    DMA1_Channel7_IRQHandler                 0x08006f9f   Thumb Code     0  startup_stm32f10x_hd.o(.text)
    DMA2_Channel1_IRQHandler                 0x08006f9f   Thumb Code     0  startup_stm32f10x_hd.o(.text)
    DMA2_Channel2_IRQHandler                 0x08006f9f   Thumb Code     0  startup_stm32f10x_hd.o(.text)
    DMA2_Channel3_IRQHandler                 0x08006f9f   Thumb Code     0  startup_stm32f10x_hd.o(.text)
    DMA2_Channel4_5_IRQHandler               0x08006f9f   Thumb Code     0  startup_stm32f10x_hd.o(.text)
    EXTI0_IRQHandler                         0x08006f9f   Thumb Code     0  startup_stm32f10x_hd.o(.text)
    EXTI15_10_IRQHandler                     0x08006f9f   Thumb Code     0  startup_stm32f10x_hd.o(.text)
    EXTI1_IRQHandler                         0x08006f9f   Thumb Code     0  startup_stm32f10x_hd.o(.text)
    EXTI2_IRQHandler                         0x08006f9f   Thumb Code     0  startup_stm32f10x_hd.o(.text)
    EXTI3_IRQHandler                         0x08006f9f   Thumb Code     0  startup_stm32f10x_hd.o(.text)
    EXTI4_IRQHandler                         0x08006f9f   Thumb Code     0  startup_stm32f10x_hd.o(.text)
    EXTI9_5_IRQHandler                       0x08006f9f   Thumb Code     0  startup_stm32f10x_hd.o(.text)
    FLASH_IRQHandler                         0x08006f9f   Thumb Code     0  startup_stm32f10x_hd.o(.text)
    FSMC_IRQHandler                          0x08006f9f   Thumb Code     0  startup_stm32f10x_hd.o(.text)
    I2C1_ER_IRQHandler                       0x08006f9f   Thumb Code     0  startup_stm32f10x_hd.o(.text)
    I2C1_EV_IRQHandler                       0x08006f9f   Thumb Code     0  startup_stm32f10x_hd.o(.text)
    I2C2_ER_IRQHandler                       0x08006f9f   Thumb Code     0  startup_stm32f10x_hd.o(.text)
    I2C2_EV_IRQHandler                       0x08006f9f   Thumb Code     0  startup_stm32f10x_hd.o(.text)
    PVD_IRQHandler                           0x08006f9f   Thumb Code     0  startup_stm32f10x_hd.o(.text)
    RCC_IRQHandler                           0x08006f9f   Thumb Code     0  startup_stm32f10x_hd.o(.text)
    RTCAlarm_IRQHandler                      0x08006f9f   Thumb Code     0  startup_stm32f10x_hd.o(.text)
    RTC_IRQHandler                           0x08006f9f   Thumb Code     0  startup_stm32f10x_hd.o(.text)
    SDIO_IRQHandler                          0x08006f9f   Thumb Code     0  startup_stm32f10x_hd.o(.text)
    SPI1_IRQHandler                          0x08006f9f   Thumb Code     0  startup_stm32f10x_hd.o(.text)
    SPI2_IRQHandler                          0x08006f9f   Thumb Code     0  startup_stm32f10x_hd.o(.text)
    SPI3_IRQHandler                          0x08006f9f   Thumb Code     0  startup_stm32f10x_hd.o(.text)
    TAMPER_IRQHandler                        0x08006f9f   Thumb Code     0  startup_stm32f10x_hd.o(.text)
    TIM1_BRK_IRQHandler                      0x08006f9f   Thumb Code     0  startup_stm32f10x_hd.o(.text)
    TIM1_CC_IRQHandler                       0x08006f9f   Thumb Code     0  startup_stm32f10x_hd.o(.text)
    TIM1_TRG_COM_IRQHandler                  0x08006f9f   Thumb Code     0  startup_stm32f10x_hd.o(.text)
    TIM1_UP_IRQHandler                       0x08006f9f   Thumb Code     0  startup_stm32f10x_hd.o(.text)
    TIM3_IRQHandler                          0x08006f9f   Thumb Code     0  startup_stm32f10x_hd.o(.text)
    TIM4_IRQHandler                          0x08006f9f   Thumb Code     0  startup_stm32f10x_hd.o(.text)
    TIM5_IRQHandler                          0x08006f9f   Thumb Code     0  startup_stm32f10x_hd.o(.text)
    TIM6_IRQHandler                          0x08006f9f   Thumb Code     0  startup_stm32f10x_hd.o(.text)
    TIM7_IRQHandler                          0x08006f9f   Thumb Code     0  startup_stm32f10x_hd.o(.text)
    TIM8_BRK_IRQHandler                      0x08006f9f   Thumb Code     0  startup_stm32f10x_hd.o(.text)
    TIM8_CC_IRQHandler                       0x08006f9f   Thumb Code     0  startup_stm32f10x_hd.o(.text)
    TIM8_TRG_COM_IRQHandler                  0x08006f9f   Thumb Code     0  startup_stm32f10x_hd.o(.text)
    TIM8_UP_IRQHandler                       0x08006f9f   Thumb Code     0  startup_stm32f10x_hd.o(.text)
    UART4_IRQHandler                         0x08006f9f   Thumb Code     0  startup_stm32f10x_hd.o(.text)
    UART5_IRQHandler                         0x08006f9f   Thumb Code     0  startup_stm32f10x_hd.o(.text)
    USART2_IRQHandler                        0x08006f9f   Thumb Code     0  startup_stm32f10x_hd.o(.text)
    USART3_IRQHandler                        0x08006f9f   Thumb Code     0  startup_stm32f10x_hd.o(.text)
    USBWakeUp_IRQHandler                     0x08006f9f   Thumb Code     0  startup_stm32f10x_hd.o(.text)
    USB_HP_CAN1_TX_IRQHandler                0x08006f9f   Thumb Code     0  startup_stm32f10x_hd.o(.text)
    USB_LP_CAN1_RX0_IRQHandler               0x08006f9f   Thumb Code     0  startup_stm32f10x_hd.o(.text)
    WWDG_IRQHandler                          0x08006f9f   Thumb Code     0  startup_stm32f10x_hd.o(.text)
    __user_initial_stackheap                 0x08006fa1   Thumb Code     0  startup_stm32f10x_hd.o(.text)
    NVIC_PriorityGroupConfig                 0x08006fc5   Thumb Code    10  misc.o(.text)
    NVIC_Init                                0x08006fcf   Thumb Code   100  misc.o(.text)
    NVIC_SetVectorTable                      0x08007033   Thumb Code    14  misc.o(.text)
    NVIC_SystemLPConfig                      0x08007041   Thumb Code    34  misc.o(.text)
    SysTick_CLKSourceConfig                  0x08007063   Thumb Code    40  misc.o(.text)
    GPIO_DeInit                              0x080070a1   Thumb Code   172  stm32f10x_gpio.o(.text)
    GPIO_AFIODeInit                          0x0800714d   Thumb Code    20  stm32f10x_gpio.o(.text)
    GPIO_Init                                0x08007161   Thumb Code   278  stm32f10x_gpio.o(.text)
    GPIO_StructInit                          0x08007277   Thumb Code    16  stm32f10x_gpio.o(.text)
    GPIO_ReadInputDataBit                    0x08007287   Thumb Code    18  stm32f10x_gpio.o(.text)
    GPIO_ReadInputData                       0x08007299   Thumb Code     8  stm32f10x_gpio.o(.text)
    GPIO_ReadOutputDataBit                   0x080072a1   Thumb Code    18  stm32f10x_gpio.o(.text)
    GPIO_ReadOutputData                      0x080072b3   Thumb Code     8  stm32f10x_gpio.o(.text)
    GPIO_SetBits                             0x080072bb   Thumb Code     4  stm32f10x_gpio.o(.text)
    GPIO_ResetBits                           0x080072bf   Thumb Code     4  stm32f10x_gpio.o(.text)
    GPIO_WriteBit                            0x080072c3   Thumb Code    10  stm32f10x_gpio.o(.text)
    GPIO_Write                               0x080072cd   Thumb Code     4  stm32f10x_gpio.o(.text)
    GPIO_PinLockConfig                       0x080072d1   Thumb Code    18  stm32f10x_gpio.o(.text)
    GPIO_EventOutputConfig                   0x080072e3   Thumb Code    26  stm32f10x_gpio.o(.text)
    GPIO_EventOutputCmd                      0x080072fd   Thumb Code     6  stm32f10x_gpio.o(.text)
    GPIO_PinRemapConfig                      0x08007303   Thumb Code   138  stm32f10x_gpio.o(.text)
    GPIO_EXTILineConfig                      0x0800738d   Thumb Code    66  stm32f10x_gpio.o(.text)
    GPIO_ETH_MediaInterfaceConfig            0x080073cf   Thumb Code     8  stm32f10x_gpio.o(.text)
    RCC_DeInit                               0x080073fd   Thumb Code    64  stm32f10x_rcc.o(.text)
    RCC_HSEConfig                            0x0800743d   Thumb Code    70  stm32f10x_rcc.o(.text)
    RCC_GetFlagStatus                        0x08007483   Thumb Code    56  stm32f10x_rcc.o(.text)
    RCC_WaitForHSEStartUp                    0x080074bb   Thumb Code    56  stm32f10x_rcc.o(.text)
    RCC_AdjustHSICalibrationValue            0x080074f3   Thumb Code    20  stm32f10x_rcc.o(.text)
    RCC_HSICmd                               0x08007507   Thumb Code     6  stm32f10x_rcc.o(.text)
    RCC_PLLConfig                            0x0800750d   Thumb Code    24  stm32f10x_rcc.o(.text)
    RCC_PLLCmd                               0x08007525   Thumb Code     6  stm32f10x_rcc.o(.text)
    RCC_SYSCLKConfig                         0x0800752b   Thumb Code    18  stm32f10x_rcc.o(.text)
    RCC_GetSYSCLKSource                      0x0800753d   Thumb Code    10  stm32f10x_rcc.o(.text)
    RCC_HCLKConfig                           0x08007547   Thumb Code    18  stm32f10x_rcc.o(.text)
    RCC_PCLK1Config                          0x08007559   Thumb Code    18  stm32f10x_rcc.o(.text)
    RCC_PCLK2Config                          0x0800756b   Thumb Code    20  stm32f10x_rcc.o(.text)
    RCC_ITConfig                             0x0800757f   Thumb Code    26  stm32f10x_rcc.o(.text)
    RCC_USBCLKConfig                         0x08007599   Thumb Code     8  stm32f10x_rcc.o(.text)
    RCC_ADCCLKConfig                         0x080075a1   Thumb Code    18  stm32f10x_rcc.o(.text)
    RCC_LSEConfig                            0x080075b3   Thumb Code    50  stm32f10x_rcc.o(.text)
    RCC_LSICmd                               0x080075e5   Thumb Code     6  stm32f10x_rcc.o(.text)
    RCC_RTCCLKConfig                         0x080075eb   Thumb Code    12  stm32f10x_rcc.o(.text)
    RCC_RTCCLKCmd                            0x080075f7   Thumb Code     8  stm32f10x_rcc.o(.text)
    RCC_GetClocksFreq                        0x080075ff   Thumb Code   192  stm32f10x_rcc.o(.text)
    RCC_AHBPeriphClockCmd                    0x080076bf   Thumb Code    26  stm32f10x_rcc.o(.text)
    RCC_APB2PeriphClockCmd                   0x080076d9   Thumb Code    26  stm32f10x_rcc.o(.text)
    RCC_APB1PeriphClockCmd                   0x080076f3   Thumb Code    26  stm32f10x_rcc.o(.text)
    RCC_APB2PeriphResetCmd                   0x0800770d   Thumb Code    26  stm32f10x_rcc.o(.text)
    RCC_APB1PeriphResetCmd                   0x08007727   Thumb Code    26  stm32f10x_rcc.o(.text)
    RCC_BackupResetCmd                       0x08007741   Thumb Code     8  stm32f10x_rcc.o(.text)
    RCC_ClockSecuritySystemCmd               0x08007749   Thumb Code     6  stm32f10x_rcc.o(.text)
    RCC_MCOConfig                            0x0800774f   Thumb Code     6  stm32f10x_rcc.o(.text)
    RCC_ClearFlag                            0x08007755   Thumb Code    14  stm32f10x_rcc.o(.text)
    RCC_GetITStatus                          0x08007763   Thumb Code    20  stm32f10x_rcc.o(.text)
    RCC_ClearITPendingBit                    0x08007777   Thumb Code     6  stm32f10x_rcc.o(.text)
    USART_DeInit                             0x080077a1   Thumb Code   134  stm32f10x_usart.o(.text)
    USART_Init                               0x08007827   Thumb Code   210  stm32f10x_usart.o(.text)
    USART_StructInit                         0x080078f9   Thumb Code    24  stm32f10x_usart.o(.text)
    USART_ClockInit                          0x08007911   Thumb Code    34  stm32f10x_usart.o(.text)
    USART_ClockStructInit                    0x08007933   Thumb Code    12  stm32f10x_usart.o(.text)
    USART_Cmd                                0x0800793f   Thumb Code    24  stm32f10x_usart.o(.text)
    USART_ITConfig                           0x08007957   Thumb Code    74  stm32f10x_usart.o(.text)
    USART_DMACmd                             0x080079a1   Thumb Code    18  stm32f10x_usart.o(.text)
    USART_SetAddress                         0x080079b3   Thumb Code    18  stm32f10x_usart.o(.text)
    USART_WakeUpConfig                       0x080079c5   Thumb Code    18  stm32f10x_usart.o(.text)
    USART_ReceiverWakeUpCmd                  0x080079d7   Thumb Code    24  stm32f10x_usart.o(.text)
    USART_LINBreakDetectLengthConfig         0x080079ef   Thumb Code    18  stm32f10x_usart.o(.text)
    USART_LINCmd                             0x08007a01   Thumb Code    24  stm32f10x_usart.o(.text)
    USART_SendData                           0x08007a19   Thumb Code     8  stm32f10x_usart.o(.text)
    USART_ReceiveData                        0x08007a21   Thumb Code    10  stm32f10x_usart.o(.text)
    USART_SendBreak                          0x08007a2b   Thumb Code    10  stm32f10x_usart.o(.text)
    USART_SetGuardTime                       0x08007a35   Thumb Code    16  stm32f10x_usart.o(.text)
    USART_SetPrescaler                       0x08007a45   Thumb Code    16  stm32f10x_usart.o(.text)
    USART_SmartCardCmd                       0x08007a55   Thumb Code    24  stm32f10x_usart.o(.text)
    USART_SmartCardNACKCmd                   0x08007a6d   Thumb Code    24  stm32f10x_usart.o(.text)
    USART_HalfDuplexCmd                      0x08007a85   Thumb Code    24  stm32f10x_usart.o(.text)
    USART_OverSampling8Cmd                   0x08007a9d   Thumb Code    22  stm32f10x_usart.o(.text)
    USART_OneBitMethodCmd                    0x08007ab3   Thumb Code    24  stm32f10x_usart.o(.text)
    USART_IrDAConfig                         0x08007acb   Thumb Code    18  stm32f10x_usart.o(.text)
    USART_IrDACmd                            0x08007add   Thumb Code    24  stm32f10x_usart.o(.text)
    USART_GetFlagStatus                      0x08007af5   Thumb Code    26  stm32f10x_usart.o(.text)
    USART_ClearFlag                          0x08007b0f   Thumb Code    18  stm32f10x_usart.o(.text)
    USART_GetITStatus                        0x08007b21   Thumb Code    84  stm32f10x_usart.o(.text)
    USART_ClearITPendingBit                  0x08007b75   Thumb Code    52  stm32f10x_usart.o(.text)
    TIM_DeInit                               0x08007ba9   Thumb Code   424  stm32f10x_tim.o(.text)
    TIM_TimeBaseInit                         0x08007d51   Thumb Code   122  stm32f10x_tim.o(.text)
    TIM_OC1Init                              0x08007dcb   Thumb Code   132  stm32f10x_tim.o(.text)
    TIM_OC2Init                              0x08007e4f   Thumb Code   154  stm32f10x_tim.o(.text)
    TIM_OC3Init                              0x08007ee9   Thumb Code   150  stm32f10x_tim.o(.text)
    TIM_OC4Init                              0x08007f7f   Thumb Code   182  stm32f10x_tim.o(.text)
    TIM_SetIC4Prescaler                      0x08008035   Thumb Code    26  stm32f10x_tim.o(.text)
    TIM_SetIC3Prescaler                      0x080080d1   Thumb Code    18  stm32f10x_tim.o(.text)
    TIM_SetIC2Prescaler                      0x0800815d   Thumb Code    26  stm32f10x_tim.o(.text)
    TIM_SetIC1Prescaler                      0x080081f9   Thumb Code    18  stm32f10x_tim.o(.text)
    TIM_ICInit                               0x08008277   Thumb Code   150  stm32f10x_tim.o(.text)
    TIM_PWMIConfig                           0x0800830d   Thumb Code   124  stm32f10x_tim.o(.text)
    TIM_BDTRConfig                           0x08008389   Thumb Code    32  stm32f10x_tim.o(.text)
    TIM_TimeBaseStructInit                   0x080083a9   Thumb Code    18  stm32f10x_tim.o(.text)
    TIM_OCStructInit                         0x080083bb   Thumb Code    20  stm32f10x_tim.o(.text)
    TIM_ICStructInit                         0x080083cf   Thumb Code    18  stm32f10x_tim.o(.text)
    TIM_BDTRStructInit                       0x080083e1   Thumb Code    40  stm32f10x_tim.o(.text)
    TIM_Cmd                                  0x08008409   Thumb Code    24  stm32f10x_tim.o(.text)
    TIM_CtrlPWMOutputs                       0x08008421   Thumb Code    30  stm32f10x_tim.o(.text)
    TIM_ITConfig                             0x0800843f   Thumb Code    18  stm32f10x_tim.o(.text)
    TIM_GenerateEvent                        0x08008451   Thumb Code     4  stm32f10x_tim.o(.text)
    TIM_DMAConfig                            0x08008455   Thumb Code    10  stm32f10x_tim.o(.text)
    TIM_DMACmd                               0x0800845f   Thumb Code    18  stm32f10x_tim.o(.text)
    TIM_InternalClockConfig                  0x08008471   Thumb Code    12  stm32f10x_tim.o(.text)
    TIM_SelectInputTrigger                   0x0800847d   Thumb Code    18  stm32f10x_tim.o(.text)
    TIM_ITRxExternalClockConfig              0x0800848f   Thumb Code    24  stm32f10x_tim.o(.text)
    TIM_TIxExternalClockConfig               0x080084a7   Thumb Code    62  stm32f10x_tim.o(.text)
    TIM_ETRConfig                            0x080084e5   Thumb Code    28  stm32f10x_tim.o(.text)
    TIM_ETRClockMode1Config                  0x08008501   Thumb Code    54  stm32f10x_tim.o(.text)
    TIM_ETRClockMode2Config                  0x08008537   Thumb Code    32  stm32f10x_tim.o(.text)
    TIM_PrescalerConfig                      0x08008557   Thumb Code     6  stm32f10x_tim.o(.text)
    TIM_CounterModeConfig                    0x0800855d   Thumb Code    18  stm32f10x_tim.o(.text)
    TIM_EncoderInterfaceConfig               0x0800856f   Thumb Code    66  stm32f10x_tim.o(.text)
    TIM_ForcedOC1Config                      0x080085b1   Thumb Code    18  stm32f10x_tim.o(.text)
    TIM_ForcedOC2Config                      0x080085c3   Thumb Code    26  stm32f10x_tim.o(.text)
    TIM_ForcedOC3Config                      0x080085dd   Thumb Code    18  stm32f10x_tim.o(.text)
    TIM_ForcedOC4Config                      0x080085ef   Thumb Code    26  stm32f10x_tim.o(.text)
    TIM_ARRPreloadConfig                     0x08008609   Thumb Code    24  stm32f10x_tim.o(.text)
    TIM_SelectCOM                            0x08008621   Thumb Code    24  stm32f10x_tim.o(.text)
    TIM_SelectCCDMA                          0x08008639   Thumb Code    24  stm32f10x_tim.o(.text)
    TIM_CCPreloadControl                     0x08008651   Thumb Code    24  stm32f10x_tim.o(.text)
    TIM_OC1PreloadConfig                     0x08008669   Thumb Code    18  stm32f10x_tim.o(.text)
    TIM_OC2PreloadConfig                     0x0800867b   Thumb Code    26  stm32f10x_tim.o(.text)
    TIM_OC3PreloadConfig                     0x08008695   Thumb Code    18  stm32f10x_tim.o(.text)
    TIM_OC4PreloadConfig                     0x080086a7   Thumb Code    26  stm32f10x_tim.o(.text)
    TIM_OC1FastConfig                        0x080086c1   Thumb Code    18  stm32f10x_tim.o(.text)
    TIM_OC2FastConfig                        0x080086d3   Thumb Code    26  stm32f10x_tim.o(.text)
    TIM_OC3FastConfig                        0x080086ed   Thumb Code    18  stm32f10x_tim.o(.text)
    TIM_OC4FastConfig                        0x080086ff   Thumb Code    26  stm32f10x_tim.o(.text)
    TIM_ClearOC1Ref                          0x08008719   Thumb Code    18  stm32f10x_tim.o(.text)
    TIM_ClearOC2Ref                          0x0800872b   Thumb Code    24  stm32f10x_tim.o(.text)
    TIM_ClearOC3Ref                          0x08008743   Thumb Code    18  stm32f10x_tim.o(.text)
    TIM_ClearOC4Ref                          0x08008755   Thumb Code    24  stm32f10x_tim.o(.text)
    TIM_OC1PolarityConfig                    0x0800876d   Thumb Code    18  stm32f10x_tim.o(.text)
    TIM_OC1NPolarityConfig                   0x0800877f   Thumb Code    18  stm32f10x_tim.o(.text)
    TIM_OC2PolarityConfig                    0x08008791   Thumb Code    26  stm32f10x_tim.o(.text)
    TIM_OC2NPolarityConfig                   0x080087ab   Thumb Code    26  stm32f10x_tim.o(.text)
    TIM_OC3PolarityConfig                    0x080087c5   Thumb Code    26  stm32f10x_tim.o(.text)
    TIM_OC3NPolarityConfig                   0x080087df   Thumb Code    26  stm32f10x_tim.o(.text)
    TIM_OC4PolarityConfig                    0x080087f9   Thumb Code    26  stm32f10x_tim.o(.text)
    TIM_CCxCmd                               0x08008813   Thumb Code    30  stm32f10x_tim.o(.text)
    TIM_CCxNCmd                              0x08008831   Thumb Code    30  stm32f10x_tim.o(.text)
    TIM_SelectOCxM                           0x0800884f   Thumb Code    82  stm32f10x_tim.o(.text)
    TIM_UpdateDisableConfig                  0x080088a1   Thumb Code    24  stm32f10x_tim.o(.text)
    TIM_UpdateRequestConfig                  0x080088b9   Thumb Code    24  stm32f10x_tim.o(.text)
    TIM_SelectHallSensor                     0x080088d1   Thumb Code    24  stm32f10x_tim.o(.text)
    TIM_SelectOnePulseMode                   0x080088e9   Thumb Code    18  stm32f10x_tim.o(.text)
    TIM_SelectOutputTrigger                  0x080088fb   Thumb Code    18  stm32f10x_tim.o(.text)
    TIM_SelectSlaveMode                      0x0800890d   Thumb Code    18  stm32f10x_tim.o(.text)
    TIM_SelectMasterSlaveMode                0x0800891f   Thumb Code    18  stm32f10x_tim.o(.text)
    TIM_SetCounter                           0x08008931   Thumb Code     4  stm32f10x_tim.o(.text)
    TIM_SetAutoreload                        0x08008935   Thumb Code     4  stm32f10x_tim.o(.text)
    TIM_SetCompare1                          0x08008939   Thumb Code     4  stm32f10x_tim.o(.text)
    TIM_SetCompare2                          0x0800893d   Thumb Code     4  stm32f10x_tim.o(.text)
    TIM_SetCompare3                          0x08008941   Thumb Code     4  stm32f10x_tim.o(.text)
    TIM_SetCompare4                          0x08008945   Thumb Code     6  stm32f10x_tim.o(.text)
    TIM_SetClockDivision                     0x0800894b   Thumb Code    18  stm32f10x_tim.o(.text)
    TIM_GetCapture1                          0x0800895d   Thumb Code     6  stm32f10x_tim.o(.text)
    TIM_GetCapture2                          0x08008963   Thumb Code     6  stm32f10x_tim.o(.text)
    TIM_GetCapture3                          0x08008969   Thumb Code     6  stm32f10x_tim.o(.text)
    TIM_GetCapture4                          0x0800896f   Thumb Code     8  stm32f10x_tim.o(.text)
    TIM_GetCounter                           0x08008977   Thumb Code     6  stm32f10x_tim.o(.text)
    TIM_GetPrescaler                         0x0800897d   Thumb Code     6  stm32f10x_tim.o(.text)
    TIM_GetFlagStatus                        0x08008983   Thumb Code    18  stm32f10x_tim.o(.text)
    TIM_ClearFlag                            0x08008995   Thumb Code     6  stm32f10x_tim.o(.text)
    TIM_GetITStatus                          0x0800899b   Thumb Code    34  stm32f10x_tim.o(.text)
    TIM_ClearITPendingBit                    0x080089bd   Thumb Code     6  stm32f10x_tim.o(.text)
    FSMC_NORSRAMDeInit                       0x080089c5   Thumb Code    54  stm32f10x_fsmc.o(.text)
    FSMC_NANDDeInit                          0x080089fb   Thumb Code    62  stm32f10x_fsmc.o(.text)
    FSMC_PCCARDDeInit                        0x08008a39   Thumb Code    36  stm32f10x_fsmc.o(.text)
    FSMC_NORSRAMInit                         0x08008a5d   Thumb Code   230  stm32f10x_fsmc.o(.text)
    FSMC_NANDInit                            0x08008b43   Thumb Code   132  stm32f10x_fsmc.o(.text)
    FSMC_PCCARDInit                          0x08008bc7   Thumb Code   130  stm32f10x_fsmc.o(.text)
    FSMC_NORSRAMStructInit                   0x08008c49   Thumb Code   114  stm32f10x_fsmc.o(.text)
    FSMC_NANDStructInit                      0x08008cbb   Thumb Code    54  stm32f10x_fsmc.o(.text)
    FSMC_PCCARDStructInit                    0x08008cf1   Thumb Code    60  stm32f10x_fsmc.o(.text)
    FSMC_NORSRAMCmd                          0x08008d2d   Thumb Code    46  stm32f10x_fsmc.o(.text)
    FSMC_NANDCmd                             0x08008d5b   Thumb Code    86  stm32f10x_fsmc.o(.text)
    FSMC_PCCARDCmd                           0x08008db1   Thumb Code    44  stm32f10x_fsmc.o(.text)
    FSMC_NANDECCCmd                          0x08008ddd   Thumb Code    90  stm32f10x_fsmc.o(.text)
    FSMC_GetECC                              0x08008e37   Thumb Code    24  stm32f10x_fsmc.o(.text)
    FSMC_ITConfig                            0x08008e4f   Thumb Code   128  stm32f10x_fsmc.o(.text)
    FSMC_GetFlagStatus                       0x08008ecf   Thumb Code    54  stm32f10x_fsmc.o(.text)
    FSMC_ClearFlag                           0x08008f05   Thumb Code    62  stm32f10x_fsmc.o(.text)
    FSMC_GetITStatus                         0x08008f43   Thumb Code    64  stm32f10x_fsmc.o(.text)
    FSMC_ClearITPendingBit                   0x08008f83   Thumb Code    68  stm32f10x_fsmc.o(.text)
    ADC_DeInit                               0x08008fd1   Thumb Code    78  stm32f10x_adc.o(.text)
    ADC_Init                                 0x0800901f   Thumb Code    70  stm32f10x_adc.o(.text)
    ADC_StructInit                           0x08009065   Thumb Code    18  stm32f10x_adc.o(.text)
    ADC_Cmd                                  0x08009077   Thumb Code    22  stm32f10x_adc.o(.text)
    ADC_DMACmd                               0x0800908d   Thumb Code    22  stm32f10x_adc.o(.text)
    ADC_ITConfig                             0x080090a3   Thumb Code    24  stm32f10x_adc.o(.text)
    ADC_ResetCalibration                     0x080090bb   Thumb Code    10  stm32f10x_adc.o(.text)
    ADC_GetResetCalibrationStatus            0x080090c5   Thumb Code    20  stm32f10x_adc.o(.text)
    ADC_StartCalibration                     0x080090d9   Thumb Code    10  stm32f10x_adc.o(.text)
    ADC_GetCalibrationStatus                 0x080090e3   Thumb Code    20  stm32f10x_adc.o(.text)
    ADC_SoftwareStartConvCmd                 0x080090f7   Thumb Code    22  stm32f10x_adc.o(.text)
    ADC_GetSoftwareStartConvStatus           0x0800910d   Thumb Code    20  stm32f10x_adc.o(.text)
    ADC_DiscModeChannelCountConfig           0x08009121   Thumb Code    24  stm32f10x_adc.o(.text)
    ADC_DiscModeCmd                          0x08009139   Thumb Code    22  stm32f10x_adc.o(.text)
    ADC_RegularChannelConfig                 0x0800914f   Thumb Code   184  stm32f10x_adc.o(.text)
    ADC_ExternalTrigConvCmd                  0x08009207   Thumb Code    22  stm32f10x_adc.o(.text)
    ADC_GetConversionValue                   0x0800921d   Thumb Code     8  stm32f10x_adc.o(.text)
    ADC_GetDualModeConversionValue           0x08009225   Thumb Code     8  stm32f10x_adc.o(.text)
    ADC_AutoInjectedConvCmd                  0x0800922d   Thumb Code    22  stm32f10x_adc.o(.text)
    ADC_InjectedDiscModeCmd                  0x08009243   Thumb Code    22  stm32f10x_adc.o(.text)
    ADC_ExternalTrigInjectedConvConfig       0x08009259   Thumb Code    16  stm32f10x_adc.o(.text)
    ADC_ExternalTrigInjectedConvCmd          0x08009269   Thumb Code    22  stm32f10x_adc.o(.text)
    ADC_SoftwareStartInjectedConvCmd         0x0800927f   Thumb Code    22  stm32f10x_adc.o(.text)
    ADC_GetSoftwareStartInjectedConvCmdStatus 0x08009295   Thumb Code    20  stm32f10x_adc.o(.text)
    ADC_InjectedChannelConfig                0x080092a9   Thumb Code   130  stm32f10x_adc.o(.text)
    ADC_InjectedSequencerLengthConfig        0x0800932b   Thumb Code    24  stm32f10x_adc.o(.text)
    ADC_SetInjectedOffset                    0x08009343   Thumb Code    20  stm32f10x_adc.o(.text)
    ADC_GetInjectedConversionValue           0x08009357   Thumb Code    28  stm32f10x_adc.o(.text)
    ADC_AnalogWatchdogCmd                    0x08009373   Thumb Code    16  stm32f10x_adc.o(.text)
    ADC_AnalogWatchdogThresholdsConfig       0x08009383   Thumb Code     6  stm32f10x_adc.o(.text)
    ADC_AnalogWatchdogSingleChannelConfig    0x08009389   Thumb Code    16  stm32f10x_adc.o(.text)
    ADC_TempSensorVrefintCmd                 0x08009399   Thumb Code    64  stm32f10x_adc.o(.text)
    ADC_GetFlagStatus                        0x080093d9   Thumb Code    18  stm32f10x_adc.o(.text)
    ADC_ClearFlag                            0x080093eb   Thumb Code     6  stm32f10x_adc.o(.text)
    ADC_GetITStatus                          0x080093f1   Thumb Code    36  stm32f10x_adc.o(.text)
    ADC_ClearITPendingBit                    0x08009415   Thumb Code    10  stm32f10x_adc.o(.text)
    DMA_DeInit                               0x08009421   Thumb Code   324  stm32f10x_dma.o(.text)
    DMA_Init                                 0x08009565   Thumb Code    60  stm32f10x_dma.o(.text)
    DMA_StructInit                           0x080095a1   Thumb Code    26  stm32f10x_dma.o(.text)
    DMA_Cmd                                  0x080095bb   Thumb Code    24  stm32f10x_dma.o(.text)
    DMA_ITConfig                             0x080095d3   Thumb Code    18  stm32f10x_dma.o(.text)
    DMA_SetCurrDataCounter                   0x080095e5   Thumb Code     4  stm32f10x_dma.o(.text)
    DMA_GetCurrDataCounter                   0x080095e9   Thumb Code     8  stm32f10x_dma.o(.text)
    DMA_GetFlagStatus                        0x080095f1   Thumb Code    40  stm32f10x_dma.o(.text)
    DMA_ClearFlag                            0x08009619   Thumb Code    22  stm32f10x_dma.o(.text)
    DMA_GetITStatus                          0x0800962f   Thumb Code    40  stm32f10x_dma.o(.text)
    DMA_ClearITPendingBit                    0x08009657   Thumb Code    22  stm32f10x_dma.o(.text)
    cr4_fft_1024_stm32                       0x08009675   Thumb Code     0  cr4_fft_1024_stm32.o(.text)
    __use_no_semihosting                     0x0800a855   Thumb Code     2  use_no_semi_2.o(.text)
    __aeabi_ldivmod                          0x0800a857   Thumb Code     0  llsdiv.o(.text)
    _ll_sdiv                                 0x0800a857   Thumb Code    72  llsdiv.o(.text)
    __2printf                                0x0800a8a1   Thumb Code    20  noretval__2printf.o(.text)
    __2sprintf                               0x0800a8b9   Thumb Code    34  noretval__2sprintf.o(.text)
    __printf                                 0x0800a8e1   Thumb Code   104  __printf.o(.text)
    _printf_int_dec                          0x0800a949   Thumb Code   104  _printf_dec.o(.text)
    _printf_int_hex                          0x0800a9c1   Thumb Code    84  _printf_hex_int.o(.text)
    _printf_longlong_hex                     0x0800a9c1   Thumb Code     0  _printf_hex_int.o(.text)
    __aeabi_memcpy4                          0x0800aa19   Thumb Code     0  rt_memcpy_w.o(.text)
    __aeabi_memcpy8                          0x0800aa19   Thumb Code     0  rt_memcpy_w.o(.text)
    __rt_memcpy_w                            0x0800aa19   Thumb Code   100  rt_memcpy_w.o(.text)
    _memcpy_lastbytes_aligned                0x0800aa61   Thumb Code     0  rt_memcpy_w.o(.text)
    __aeabi_memclr4                          0x0800aa7d   Thumb Code     0  rt_memclr_w.o(.text)
    __aeabi_memclr8                          0x0800aa7d   Thumb Code     0  rt_memclr_w.o(.text)
    __rt_memclr_w                            0x0800aa7d   Thumb Code    78  rt_memclr_w.o(.text)
    _memset_w                                0x0800aa81   Thumb Code     0  rt_memclr_w.o(.text)
    __use_two_region_memory                  0x0800aacb   Thumb Code     2  heapauxi.o(.text)
    __rt_heap_escrow$2region                 0x0800aacd   Thumb Code     2  heapauxi.o(.text)
    __rt_heap_expand$2region                 0x0800aacf   Thumb Code     2  heapauxi.o(.text)
    __I$use$semihosting                      0x0800aad1   Thumb Code     0  use_no_semi.o(.text)
    __use_no_semihosting_swi                 0x0800aad1   Thumb Code     2  use_no_semi.o(.text)
    __aeabi_uldivmod                         0x0800aad3   Thumb Code     0  lludivv7m.o(.text)
    _ll_udiv                                 0x0800aad3   Thumb Code   238  lludivv7m.o(.text)
    __read_errno                             0x0800abc1   Thumb Code    10  _rserrno.o(.text)
    __set_errno                              0x0800abcb   Thumb Code    12  _rserrno.o(.text)
    _printf_int_common                       0x0800abd7   Thumb Code   178  _printf_intcommon.o(.text)
    _printf_char_common                      0x0800ac93   Thumb Code    32  _printf_char_common.o(.text)
    _sputc                                   0x0800acb9   Thumb Code    10  _sputc.o(.text)
    _printf_char_file                        0x0800acc5   Thumb Code    32  _printf_char_file.o(.text)
    __aeabi_errno_addr                       0x0800ace9   Thumb Code     8  rt_errno_addr_intlibspace.o(.text)
    __errno$intlibspace                      0x0800ace9   Thumb Code     0  rt_errno_addr_intlibspace.o(.text)
    __rt_errno_addr$intlibspace              0x0800ace9   Thumb Code     0  rt_errno_addr_intlibspace.o(.text)
    ferror                                   0x0800acf1   Thumb Code     8  ferror.o(.text)
    __user_libspace                          0x0800acf9   Thumb Code     8  libspace.o(.text)
    __user_perproc_libspace                  0x0800acf9   Thumb Code     0  libspace.o(.text)
    __user_perthread_libspace                0x0800acf9   Thumb Code     0  libspace.o(.text)
    __user_setup_stackheap                   0x0800ad01   Thumb Code    74  sys_stackheap_outer.o(.text)
    exit                                     0x0800ad4b   Thumb Code    18  exit.o(.text)
    sqrt                                     0x0800ad5d   Thumb Code    76  sqrt.o(i.sqrt)
    __aeabi_d2f                              0x0800ada9   Thumb Code     0  d2f.o(x$fpl$d2f)
    _d2f                                     0x0800ada9   Thumb Code    98  d2f.o(x$fpl$d2f)
    __aeabi_dadd                             0x0800ae0d   Thumb Code     0  daddsub_clz.o(x$fpl$dadd)
    _dadd                                    0x0800ae0d   Thumb Code   332  daddsub_clz.o(x$fpl$dadd)
    __fpl_dcmp_Inf                           0x0800af5d   Thumb Code    24  dcmpi.o(x$fpl$dcmpinf)
    __aeabi_ddiv                             0x0800af75   Thumb Code     0  ddiv.o(x$fpl$ddiv)
    _ddiv                                    0x0800af75   Thumb Code   552  ddiv.o(x$fpl$ddiv)
    __aeabi_d2iz                             0x0800b225   Thumb Code     0  dfix.o(x$fpl$dfix)
    _dfix                                    0x0800b225   Thumb Code    94  dfix.o(x$fpl$dfix)
    __aeabi_d2uiz                            0x0800b285   Thumb Code     0  dfixu.o(x$fpl$dfixu)
    _dfixu                                   0x0800b285   Thumb Code    90  dfixu.o(x$fpl$dfixu)
    __aeabi_ui2d                             0x0800b2df   Thumb Code     0  dflt_clz.o(x$fpl$dfltu)
    _dfltu                                   0x0800b2df   Thumb Code    38  dflt_clz.o(x$fpl$dfltu)
    __aeabi_cdcmple                          0x0800b305   Thumb Code     0  dleqf.o(x$fpl$dleqf)
    _dcmple                                  0x0800b305   Thumb Code   120  dleqf.o(x$fpl$dleqf)
    __fpl_dcmple_InfNaN                      0x0800b367   Thumb Code     0  dleqf.o(x$fpl$dleqf)
    __aeabi_dmul                             0x0800b37d   Thumb Code     0  dmul.o(x$fpl$dmul)
    _dmul                                    0x0800b37d   Thumb Code   332  dmul.o(x$fpl$dmul)
    __fpl_dnaninf                            0x0800b4d1   Thumb Code   156  dnaninf.o(x$fpl$dnaninf)
    __fpl_dretinf                            0x0800b56d   Thumb Code    12  dretinf.o(x$fpl$dretinf)
    __aeabi_cdrcmple                         0x0800b579   Thumb Code     0  drleqf.o(x$fpl$drleqf)
    _drcmple                                 0x0800b579   Thumb Code   108  drleqf.o(x$fpl$drleqf)
    __aeabi_drsub                            0x0800b5e5   Thumb Code     0  daddsub_clz.o(x$fpl$drsb)
    _drsb                                    0x0800b5e5   Thumb Code    22  daddsub_clz.o(x$fpl$drsb)
    _dsqrt                                   0x0800b5fd   Thumb Code   456  dsqrt_noumaal.o(x$fpl$dsqrt)
    __aeabi_dsub                             0x0800b7c9   Thumb Code     0  daddsub_clz.o(x$fpl$dsub)
    _dsub                                    0x0800b7c9   Thumb Code   464  daddsub_clz.o(x$fpl$dsub)
    __aeabi_f2d                              0x0800b99d   Thumb Code     0  f2d.o(x$fpl$f2d)
    _f2d                                     0x0800b99d   Thumb Code    86  f2d.o(x$fpl$f2d)
    __aeabi_fadd                             0x0800b9f5   Thumb Code     0  faddsub_clz.o(x$fpl$fadd)
    _fadd                                    0x0800b9f5   Thumb Code   196  faddsub_clz.o(x$fpl$fadd)
    __fpl_fcmp_Inf                           0x0800bab9   Thumb Code    24  fcmpi.o(x$fpl$fcmpinf)
    __aeabi_fdiv                             0x0800bad1   Thumb Code     0  fdiv.o(x$fpl$fdiv)
    _fdiv                                    0x0800bad1   Thumb Code   384  fdiv.o(x$fpl$fdiv)
    __aeabi_f2iz                             0x0800bc55   Thumb Code     0  ffix.o(x$fpl$ffix)
    _ffix                                    0x0800bc55   Thumb Code    54  ffix.o(x$fpl$ffix)
    __aeabi_f2uiz                            0x0800bc8d   Thumb Code     0  ffixu.o(x$fpl$ffixu)
    _ffixu                                   0x0800bc8d   Thumb Code    62  ffixu.o(x$fpl$ffixu)
    __aeabi_i2f                              0x0800bccd   Thumb Code     0  fflt_clz.o(x$fpl$fflt)
    _fflt                                    0x0800bccd   Thumb Code    48  fflt_clz.o(x$fpl$fflt)
    __aeabi_ui2f                             0x0800bcfd   Thumb Code     0  fflt_clz.o(x$fpl$ffltu)
    _ffltu                                   0x0800bcfd   Thumb Code    38  fflt_clz.o(x$fpl$ffltu)
    __aeabi_cfcmple                          0x0800bd25   Thumb Code     0  fleqf.o(x$fpl$fleqf)
    _fcmple                                  0x0800bd25   Thumb Code   104  fleqf.o(x$fpl$fleqf)
    __fpl_fcmple_InfNaN                      0x0800bd77   Thumb Code     0  fleqf.o(x$fpl$fleqf)
    __aeabi_fmul                             0x0800bd8d   Thumb Code     0  fmul.o(x$fpl$fmul)
    _fmul                                    0x0800bd8d   Thumb Code   258  fmul.o(x$fpl$fmul)
    __fpl_fnaninf                            0x0800be8f   Thumb Code   140  fnaninf.o(x$fpl$fnaninf)
    __fpl_fretinf                            0x0800bf1b   Thumb Code    10  fretinf.o(x$fpl$fretinf)
    __aeabi_cfrcmple                         0x0800bf25   Thumb Code     0  frleqf.o(x$fpl$frleqf)
    _frcmple                                 0x0800bf25   Thumb Code    98  frleqf.o(x$fpl$frleqf)
    __aeabi_fsub                             0x0800bf89   Thumb Code     0  faddsub_clz.o(x$fpl$fsub)
    _fsub                                    0x0800bf89   Thumb Code   234  faddsub_clz.o(x$fpl$fsub)
    __I$use$fp                               0x0800c072   Number         0  usenofp.o(x$fpl$usenofp)
    asc2_1206                                0x0800c094   Data        1140  lcd.o(.constdata)
    asc2_1608                                0x0800c508   Data        1520  lcd.o(.constdata)
    asc2_2412                                0x0800caf8   Data        3420  lcd.o(.constdata)
    Region$$Table$$Base                      0x0800d87c   Number         0  anon$$obj.o(Region$$Table)
    Region$$Table$$Limit                     0x0800d89c   Number         0  anon$$obj.o(Region$$Table)
    Fre                                      0x20000000   Data           4  main.o(.data)
    wc_cnt                                   0x20000004   Data           4  main.o(.data)
    wave_status                              0x20000008   Data           2  main.o(.data)
    wave_status_now                          0x2000000a   Data           2  main.o(.data)
    SystemCoreClock                          0x2000000c   Data           4  system_stm32f10x.o(.data)
    AHBPrescTable                            0x20000010   Data          16  system_stm32f10x.o(.data)
    Edge_Flag                                0x20000022   Data           1  timer.o(.data)
    Rising                                   0x20000024   Data           2  timer.o(.data)
    Falling                                  0x20000026   Data           2  timer.o(.data)
    Rising_Last                              0x20000028   Data           2  timer.o(.data)
    POINT_COLOR                              0x2000002a   Data           2  lcd.o(.data)
    BACK_COLOR                               0x2000002c   Data           2  lcd.o(.data)
    Sendbuf                                  0x20000030   Data           8  fft.o(.data)
    PI2                                      0x20000038   Data           4  fft.o(.data)
    PI                                       0x2000003c   Data           4  fft.o(.data)
    Fs                                       0x20000040   Data           4  fft.o(.data)
    Fmax                                     0x20000044   Data           4  fft.o(.data)
    ma                                       0x20000048   Data           4  fft.o(.data)
    FreqWord                                 0x2000004c   Data           6  ad9854.o(.data)
    __stdout                                 0x20000058   Data           4  usart.o(.data)
    USART_RX_STA                             0x2000005c   Data           2  usart.o(.data)
    lcddev                                   0x20000074   Data          14  lcd.o(.bss)
    ADC_Value                                0x20000082   Data        2048  adc.o(.bss)
    lBufInArray                              0x20000884   Data        4096  fft.o(.bss)
    lBufOutArray                             0x20001884   Data        4096  fft.o(.bss)
    lBufMagArray                             0x20002884   Data        4096  fft.o(.bss)
    lBUFPHASE                                0x20003884   Data        4096  fft.o(.bss)
    str                                      0x20004884   Data          20  fft.o(.bss)
    USART_RX_BUF                             0x20004898   Data         200  usart.o(.bss)
    __libspace_start                         0x20004960   Data          96  libspace.o(.bss)
    __temporary_stack_top$libspace           0x200049c0   Data           0  libspace.o(.bss)



==============================================================================

Memory Map of the image

  Image Entry point : 0x08000131

  Load Region LR_IROM1 (Base: 0x08000000, Size: 0x0000d910, Max: 0x00080000, ABSOLUTE)

    Execution Region ER_IROM1 (Exec base: 0x08000000, Load base: 0x08000000, Size: 0x0000d89c, Max: 0x00080000, ABSOLUTE)

    Exec Addr    Load Addr    Size         Type   Attr      Idx    E Section Name        Object

    0x08000000   0x08000000   0x00000130   Data   RO          448    RESET               startup_stm32f10x_hd.o
    0x08000130   0x08000130   0x00000008   Code   RO          634  * !!!main             c_w.l(__main.o)
    0x08000138   0x08000138   0x00000034   Code   RO          910    !!!scatter          c_w.l(__scatter.o)
    0x0800016c   0x0800016c   0x0000001a   Code   RO          912    !!handler_copy      c_w.l(__scatter_copy.o)
    0x08000186   0x08000186   0x00000002   PAD
    0x08000188   0x08000188   0x0000001c   Code   RO          914    !!handler_zi        c_w.l(__scatter_zi.o)
    0x080001a4   0x080001a4   0x00000000   Code   RO          627    .ARM.Collect$$_printf_percent$$00000000  c_w.l(_printf_percent.o)
    0x080001a4   0x080001a4   0x00000006   Code   RO          626    .ARM.Collect$$_printf_percent$$00000009  c_w.l(_printf_d.o)
    0x080001aa   0x080001aa   0x00000006   Code   RO          625    .ARM.Collect$$_printf_percent$$0000000C  c_w.l(_printf_x.o)
    0x080001b0   0x080001b0   0x00000004   Code   RO          721    .ARM.Collect$$_printf_percent$$00000017  c_w.l(_printf_percent_end.o)
    0x080001b4   0x080001b4   0x00000002   Code   RO          783    .ARM.Collect$$libinit$$00000000  c_w.l(libinit.o)
    0x080001b6   0x080001b6   0x00000000   Code   RO          791    .ARM.Collect$$libinit$$00000002  c_w.l(libinit2.o)
    0x080001b6   0x080001b6   0x00000000   Code   RO          793    .ARM.Collect$$libinit$$00000004  c_w.l(libinit2.o)
    0x080001b6   0x080001b6   0x00000000   Code   RO          796    .ARM.Collect$$libinit$$0000000A  c_w.l(libinit2.o)
    0x080001b6   0x080001b6   0x00000000   Code   RO          798    .ARM.Collect$$libinit$$0000000C  c_w.l(libinit2.o)
    0x080001b6   0x080001b6   0x00000000   Code   RO          800    .ARM.Collect$$libinit$$0000000E  c_w.l(libinit2.o)
    0x080001b6   0x080001b6   0x00000000   Code   RO          803    .ARM.Collect$$libinit$$00000011  c_w.l(libinit2.o)
    0x080001b6   0x080001b6   0x00000000   Code   RO          805    .ARM.Collect$$libinit$$00000013  c_w.l(libinit2.o)
    0x080001b6   0x080001b6   0x00000000   Code   RO          807    .ARM.Collect$$libinit$$00000015  c_w.l(libinit2.o)
    0x080001b6   0x080001b6   0x00000000   Code   RO          809    .ARM.Collect$$libinit$$00000017  c_w.l(libinit2.o)
    0x080001b6   0x080001b6   0x00000000   Code   RO          811    .ARM.Collect$$libinit$$00000019  c_w.l(libinit2.o)
    0x080001b6   0x080001b6   0x00000000   Code   RO          813    .ARM.Collect$$libinit$$0000001B  c_w.l(libinit2.o)
    0x080001b6   0x080001b6   0x00000000   Code   RO          815    .ARM.Collect$$libinit$$0000001D  c_w.l(libinit2.o)
    0x080001b6   0x080001b6   0x00000000   Code   RO          817    .ARM.Collect$$libinit$$0000001F  c_w.l(libinit2.o)
    0x080001b6   0x080001b6   0x00000000   Code   RO          819    .ARM.Collect$$libinit$$00000021  c_w.l(libinit2.o)
    0x080001b6   0x080001b6   0x00000000   Code   RO          821    .ARM.Collect$$libinit$$00000023  c_w.l(libinit2.o)
    0x080001b6   0x080001b6   0x00000000   Code   RO          823    .ARM.Collect$$libinit$$00000025  c_w.l(libinit2.o)
    0x080001b6   0x080001b6   0x00000000   Code   RO          827    .ARM.Collect$$libinit$$0000002C  c_w.l(libinit2.o)
    0x080001b6   0x080001b6   0x00000000   Code   RO          829    .ARM.Collect$$libinit$$0000002E  c_w.l(libinit2.o)
    0x080001b6   0x080001b6   0x00000000   Code   RO          831    .ARM.Collect$$libinit$$00000030  c_w.l(libinit2.o)
    0x080001b6   0x080001b6   0x00000000   Code   RO          833    .ARM.Collect$$libinit$$00000032  c_w.l(libinit2.o)
    0x080001b6   0x080001b6   0x00000002   Code   RO          834    .ARM.Collect$$libinit$$00000033  c_w.l(libinit2.o)
    0x080001b8   0x080001b8   0x00000002   Code   RO          862    .ARM.Collect$$libshutdown$$00000000  c_w.l(libshutdown.o)
    0x080001ba   0x080001ba   0x00000000   Code   RO          876    .ARM.Collect$$libshutdown$$00000002  c_w.l(libshutdown2.o)
    0x080001ba   0x080001ba   0x00000000   Code   RO          878    .ARM.Collect$$libshutdown$$00000004  c_w.l(libshutdown2.o)
    0x080001ba   0x080001ba   0x00000000   Code   RO          881    .ARM.Collect$$libshutdown$$00000007  c_w.l(libshutdown2.o)
    0x080001ba   0x080001ba   0x00000000   Code   RO          884    .ARM.Collect$$libshutdown$$0000000A  c_w.l(libshutdown2.o)
    0x080001ba   0x080001ba   0x00000000   Code   RO          886    .ARM.Collect$$libshutdown$$0000000C  c_w.l(libshutdown2.o)
    0x080001ba   0x080001ba   0x00000000   Code   RO          889    .ARM.Collect$$libshutdown$$0000000F  c_w.l(libshutdown2.o)
    0x080001ba   0x080001ba   0x00000002   Code   RO          890    .ARM.Collect$$libshutdown$$00000010  c_w.l(libshutdown2.o)
    0x080001bc   0x080001bc   0x00000000   Code   RO          708    .ARM.Collect$$rtentry$$00000000  c_w.l(__rtentry.o)
    0x080001bc   0x080001bc   0x00000000   Code   RO          738    .ARM.Collect$$rtentry$$00000002  c_w.l(__rtentry2.o)
    0x080001bc   0x080001bc   0x00000006   Code   RO          750    .ARM.Collect$$rtentry$$00000004  c_w.l(__rtentry4.o)
    0x080001c2   0x080001c2   0x00000000   Code   RO          740    .ARM.Collect$$rtentry$$00000009  c_w.l(__rtentry2.o)
    0x080001c2   0x080001c2   0x00000004   Code   RO          741    .ARM.Collect$$rtentry$$0000000A  c_w.l(__rtentry2.o)
    0x080001c6   0x080001c6   0x00000000   Code   RO          743    .ARM.Collect$$rtentry$$0000000C  c_w.l(__rtentry2.o)
    0x080001c6   0x080001c6   0x00000008   Code   RO          744    .ARM.Collect$$rtentry$$0000000D  c_w.l(__rtentry2.o)
    0x080001ce   0x080001ce   0x00000002   Code   RO          784    .ARM.Collect$$rtexit$$00000000  c_w.l(rtexit.o)
    0x080001d0   0x080001d0   0x00000000   Code   RO          836    .ARM.Collect$$rtexit$$00000002  c_w.l(rtexit2.o)
    0x080001d0   0x080001d0   0x00000004   Code   RO          837    .ARM.Collect$$rtexit$$00000003  c_w.l(rtexit2.o)
    0x080001d4   0x080001d4   0x00000006   Code   RO          838    .ARM.Collect$$rtexit$$00000004  c_w.l(rtexit2.o)
    0x080001da   0x080001da   0x00000002   PAD
    0x080001dc   0x080001dc   0x000006c8   Code   RO            1    .text               main.o
    0x080008a4   0x080008a4   0x0000001a   Code   RO          153    .text               stm32f10x_it.o
    0x080008be   0x080008be   0x00000002   PAD
    0x080008c0   0x080008c0   0x000001e0   Code   RO          194    .text               system_stm32f10x.o
    0x08000aa0   0x08000aa0   0x00000150   Code   RO          227    .text               key.o
    0x08000bf0   0x08000bf0   0x000001a4   Code   RO          240    .text               timer.o
    0x08000d94   0x08000d94   0x00004e34   Code   RO          258    .text               lcd.o
    0x08005bc8   0x08005bc8   0x00000228   Code   RO          288    .text               adc.o
    0x08005df0   0x08005df0   0x000007c8   Code   RO          309    .text               fft.o
    0x080065b8   0x080065b8   0x000005b4   Code   RO          342    .text               ad9854.o
    0x08006b6c   0x08006b6c   0x00000204   Code   RO          358    .text               9851.o
    0x08006d70   0x08006d70   0x000000d4   Code   RO          382    .text               delay.o
    0x08006e44   0x08006e44   0x00000140   Code   RO          413    .text               usart.o
    0x08006f84   0x08006f84   0x00000040   Code   RO          449    .text               startup_stm32f10x_hd.o
    0x08006fc4   0x08006fc4   0x000000dc   Code   RO          453    .text               misc.o
    0x080070a0   0x080070a0   0x0000035c   Code   RO          465    .text               stm32f10x_gpio.o
    0x080073fc   0x080073fc   0x000003a4   Code   RO          477    .text               stm32f10x_rcc.o
    0x080077a0   0x080077a0   0x00000408   Code   RO          491    .text               stm32f10x_usart.o
    0x08007ba8   0x08007ba8   0x00000e1a   Code   RO          515    .text               stm32f10x_tim.o
    0x080089c2   0x080089c2   0x00000002   PAD
    0x080089c4   0x080089c4   0x0000060c   Code   RO          527    .text               stm32f10x_fsmc.o
    0x08008fd0   0x08008fd0   0x0000044e   Code   RO          539    .text               stm32f10x_adc.o
    0x0800941e   0x0800941e   0x00000002   PAD
    0x08009420   0x08009420   0x00000254   Code   RO          551    .text               stm32f10x_dma.o
    0x08009674   0x08009674   0x000011e0   Code   RO          563    .text               cr4_fft_1024_stm32.o
    0x0800a854   0x0800a854   0x00000002   Code   RO          568    .text               c_w.l(use_no_semi_2.o)
    0x0800a856   0x0800a856   0x00000048   Code   RO          570    .text               c_w.l(llsdiv.o)
    0x0800a89e   0x0800a89e   0x00000002   PAD
    0x0800a8a0   0x0800a8a0   0x00000018   Code   RO          576    .text               c_w.l(noretval__2printf.o)
    0x0800a8b8   0x0800a8b8   0x00000028   Code   RO          578    .text               c_w.l(noretval__2sprintf.o)
    0x0800a8e0   0x0800a8e0   0x00000068   Code   RO          580    .text               c_w.l(__printf.o)
    0x0800a948   0x0800a948   0x00000078   Code   RO          582    .text               c_w.l(_printf_dec.o)
    0x0800a9c0   0x0800a9c0   0x00000058   Code   RO          587    .text               c_w.l(_printf_hex_int.o)
    0x0800aa18   0x0800aa18   0x00000064   Code   RO          628    .text               c_w.l(rt_memcpy_w.o)
    0x0800aa7c   0x0800aa7c   0x0000004e   Code   RO          630    .text               c_w.l(rt_memclr_w.o)
    0x0800aaca   0x0800aaca   0x00000006   Code   RO          632    .text               c_w.l(heapauxi.o)
    0x0800aad0   0x0800aad0   0x00000002   Code   RO          706    .text               c_w.l(use_no_semi.o)
    0x0800aad2   0x0800aad2   0x000000ee   Code   RO          709    .text               c_w.l(lludivv7m.o)
    0x0800abc0   0x0800abc0   0x00000016   Code   RO          711    .text               c_w.l(_rserrno.o)
    0x0800abd6   0x0800abd6   0x000000b2   Code   RO          713    .text               c_w.l(_printf_intcommon.o)
    0x0800ac88   0x0800ac88   0x00000030   Code   RO          715    .text               c_w.l(_printf_char_common.o)
    0x0800acb8   0x0800acb8   0x0000000a   Code   RO          717    .text               c_w.l(_sputc.o)
    0x0800acc2   0x0800acc2   0x00000002   PAD
    0x0800acc4   0x0800acc4   0x00000024   Code   RO          719    .text               c_w.l(_printf_char_file.o)
    0x0800ace8   0x0800ace8   0x00000008   Code   RO          759    .text               c_w.l(rt_errno_addr_intlibspace.o)
    0x0800acf0   0x0800acf0   0x00000008   Code   RO          763    .text               c_w.l(ferror.o)
    0x0800acf8   0x0800acf8   0x00000008   Code   RO          769    .text               c_w.l(libspace.o)
    0x0800ad00   0x0800ad00   0x0000004a   Code   RO          772    .text               c_w.l(sys_stackheap_outer.o)
    0x0800ad4a   0x0800ad4a   0x00000012   Code   RO          776    .text               c_w.l(exit.o)
    0x0800ad5c   0x0800ad5c   0x0000004c   Code   RO          699    i.sqrt              m_ws.l(sqrt.o)
    0x0800ada8   0x0800ada8   0x00000062   Code   RO          636    x$fpl$d2f           fz_ws.l(d2f.o)
    0x0800ae0a   0x0800ae0a   0x00000002   PAD
    0x0800ae0c   0x0800ae0c   0x00000150   Code   RO          638    x$fpl$dadd          fz_ws.l(daddsub_clz.o)
    0x0800af5c   0x0800af5c   0x00000018   Code   RO          722    x$fpl$dcmpinf       fz_ws.l(dcmpi.o)
    0x0800af74   0x0800af74   0x000002b0   Code   RO          645    x$fpl$ddiv          fz_ws.l(ddiv.o)
    0x0800b224   0x0800b224   0x0000005e   Code   RO          648    x$fpl$dfix          fz_ws.l(dfix.o)
    0x0800b282   0x0800b282   0x00000002   PAD
    0x0800b284   0x0800b284   0x0000005a   Code   RO          652    x$fpl$dfixu         fz_ws.l(dfixu.o)
    0x0800b2de   0x0800b2de   0x00000026   Code   RO          656    x$fpl$dfltu         fz_ws.l(dflt_clz.o)
    0x0800b304   0x0800b304   0x00000078   Code   RO          662    x$fpl$dleqf         fz_ws.l(dleqf.o)
    0x0800b37c   0x0800b37c   0x00000154   Code   RO          664    x$fpl$dmul          fz_ws.l(dmul.o)
    0x0800b4d0   0x0800b4d0   0x0000009c   Code   RO          724    x$fpl$dnaninf       fz_ws.l(dnaninf.o)
    0x0800b56c   0x0800b56c   0x0000000c   Code   RO          726    x$fpl$dretinf       fz_ws.l(dretinf.o)
    0x0800b578   0x0800b578   0x0000006c   Code   RO          666    x$fpl$drleqf        fz_ws.l(drleqf.o)
    0x0800b5e4   0x0800b5e4   0x00000016   Code   RO          639    x$fpl$drsb          fz_ws.l(daddsub_clz.o)
    0x0800b5fa   0x0800b5fa   0x00000002   PAD
    0x0800b5fc   0x0800b5fc   0x000001cc   Code   RO          728    x$fpl$dsqrt         fz_ws.l(dsqrt_noumaal.o)
    0x0800b7c8   0x0800b7c8   0x000001d4   Code   RO          640    x$fpl$dsub          fz_ws.l(daddsub_clz.o)
    0x0800b99c   0x0800b99c   0x00000056   Code   RO          668    x$fpl$f2d           fz_ws.l(f2d.o)
    0x0800b9f2   0x0800b9f2   0x00000002   PAD
    0x0800b9f4   0x0800b9f4   0x000000c4   Code   RO          670    x$fpl$fadd          fz_ws.l(faddsub_clz.o)
    0x0800bab8   0x0800bab8   0x00000018   Code   RO          767    x$fpl$fcmpinf       fz_ws.l(fcmpi.o)
    0x0800bad0   0x0800bad0   0x00000184   Code   RO          677    x$fpl$fdiv          fz_ws.l(fdiv.o)
    0x0800bc54   0x0800bc54   0x00000036   Code   RO          680    x$fpl$ffix          fz_ws.l(ffix.o)
    0x0800bc8a   0x0800bc8a   0x00000002   PAD
    0x0800bc8c   0x0800bc8c   0x0000003e   Code   RO          684    x$fpl$ffixu         fz_ws.l(ffixu.o)
    0x0800bcca   0x0800bcca   0x00000002   PAD
    0x0800bccc   0x0800bccc   0x00000030   Code   RO          689    x$fpl$fflt          fz_ws.l(fflt_clz.o)
    0x0800bcfc   0x0800bcfc   0x00000026   Code   RO          688    x$fpl$ffltu         fz_ws.l(fflt_clz.o)
    0x0800bd22   0x0800bd22   0x00000002   PAD
    0x0800bd24   0x0800bd24   0x00000068   Code   RO          730    x$fpl$fleqf         fz_ws.l(fleqf.o)
    0x0800bd8c   0x0800bd8c   0x00000102   Code   RO          694    x$fpl$fmul          fz_ws.l(fmul.o)
    0x0800be8e   0x0800be8e   0x0000008c   Code   RO          732    x$fpl$fnaninf       fz_ws.l(fnaninf.o)
    0x0800bf1a   0x0800bf1a   0x0000000a   Code   RO          734    x$fpl$fretinf       fz_ws.l(fretinf.o)
    0x0800bf24   0x0800bf24   0x00000062   Code   RO          696    x$fpl$frleqf        fz_ws.l(frleqf.o)
    0x0800bf86   0x0800bf86   0x00000002   PAD
    0x0800bf88   0x0800bf88   0x000000ea   Code   RO          672    x$fpl$fsub          fz_ws.l(faddsub_clz.o)
    0x0800c072   0x0800c072   0x00000000   Code   RO          736    x$fpl$usenofp       fz_ws.l(usenofp.o)
    0x0800c072   0x0800c072   0x00000002   PAD
    0x0800c074   0x0800c074   0x00000020   Data   RO            2    .constdata          main.o
    0x0800c094   0x0800c094   0x000017c0   Data   RO          260    .constdata          lcd.o
    0x0800d854   0x0800d854   0x00000028   Data   RO          588    .constdata          c_w.l(_printf_hex_int.o)
    0x0800d87c   0x0800d87c   0x00000020   Data   RO          908    Region$$Table       anon$$obj.o


    Execution Region RW_IRAM1 (Exec base: 0x20000000, Load base: 0x0800d89c, Size: 0x00004fc0, Max: 0x00010000, ABSOLUTE)

    Exec Addr    Load Addr    Size         Type   Attr      Idx    E Section Name        Object

    0x20000000   0x0800d89c   0x0000000c   Data   RW            3    .data               main.o
    0x2000000c   0x0800d8a8   0x00000014   Data   RW          195    .data               system_stm32f10x.o
    0x20000020   0x0800d8bc   0x00000001   Data   RW          228    .data               key.o
    0x20000021   0x0800d8bd   0x00000001   PAD
    0x20000022   0x0800d8be   0x00000008   Data   RW          241    .data               timer.o
    0x2000002a   0x0800d8c6   0x00000004   Data   RW          261    .data               lcd.o
    0x2000002e   0x0800d8ca   0x00000002   PAD
    0x20000030   0x0800d8cc   0x0000001c   Data   RW          311    .data               fft.o
    0x2000004c   0x0800d8e8   0x00000006   Data   RW          344    .data               ad9854.o
    0x20000052   0x0800d8ee   0x00000004   Data   RW          383    .data               delay.o
    0x20000056   0x0800d8f2   0x00000002   PAD
    0x20000058   0x0800d8f4   0x00000006   Data   RW          415    .data               usart.o
    0x2000005e   0x0800d8fa   0x00000014   Data   RW          478    .data               stm32f10x_rcc.o
    0x20000072   0x0800d90e   0x00000002   PAD
    0x20000074        -       0x0000000e   Zero   RW          259    .bss                lcd.o
    0x20000082        -       0x00000800   Zero   RW          289    .bss                adc.o
    0x20000882   0x0800d90e   0x00000002   PAD
    0x20000884        -       0x00004014   Zero   RW          310    .bss                fft.o
    0x20004898        -       0x000000c8   Zero   RW          414    .bss                usart.o
    0x20004960        -       0x00000060   Zero   RW          770    .bss                c_w.l(libspace.o)
    0x200049c0        -       0x00000200   Zero   RW          447    HEAP                startup_stm32f10x_hd.o
    0x20004bc0        -       0x00000400   Zero   RW          446    STACK               startup_stm32f10x_hd.o


==============================================================================

Image component sizes


      Code (inc. data)   RO Data    RW Data    ZI Data      Debug   Object Name

       516         16          0          0          0       1311   9851.o
      1460         48          0          6          0       4532   ad9854.o
       552         30          0          0       2048       2593   adc.o
      4576       4080          0          0          0        348   cr4_fft_1024_stm32.o
       212         18          0          4          0       1031   delay.o
      1992        116          0         28      16404       5214   fft.o
       336         20          0          1          0       1035   key.o
     20020        168       6080          4         14      24113   lcd.o
      1736        222         32         12          0     282077   main.o
       220         22          0          0          0       1785   misc.o
        64         26        304          0       1536        792   startup_stm32f10x_hd.o
      1102         26          0          0          0      11029   stm32f10x_adc.o
       596          8          0          0          0       4350   stm32f10x_dma.o
      1548         18          0          0          0       5367   stm32f10x_fsmc.o
       860         38          0          0          0       5721   stm32f10x_gpio.o
        26          0          0          0          0       1174   stm32f10x_it.o
       932         36          0         20          0       8896   stm32f10x_rcc.o
      3610         88          0          0          0      22828   stm32f10x_tim.o
      1032         22          0          0          0       8444   stm32f10x_usart.o
         0          0          0          0          0         32   sys.o
       480         38          0         20          0       1719   system_stm32f10x.o
       420         24          0          8          0       1541   timer.o
       320         16          0          6        200       3170   usart.o

    ----------------------------------------------------------------------
     42616       5080       6448        116      20204     399102   Object Totals
         0          0         32          0          0          0   (incl. Generated)
         6          0          0          7          2          0   (incl. Padding)

    ----------------------------------------------------------------------

      Code (inc. data)   RO Data    RW Data    ZI Data      Debug   Library Member Name

         8          0          0          0          0         68   __main.o
       104          0          0          0          0         84   __printf.o
         0          0          0          0          0          0   __rtentry.o
        12          0          0          0          0          0   __rtentry2.o
         6          0          0          0          0          0   __rtentry4.o
        52          8          0          0          0          0   __scatter.o
        26          0          0          0          0          0   __scatter_copy.o
        28          0          0          0          0          0   __scatter_zi.o
        48          6          0          0          0         96   _printf_char_common.o
        36          4          0          0          0         80   _printf_char_file.o
         6          0          0          0          0          0   _printf_d.o
       120         16          0          0          0         92   _printf_dec.o
        88          4         40          0          0         88   _printf_hex_int.o
       178          0          0          0          0         88   _printf_intcommon.o
         0          0          0          0          0          0   _printf_percent.o
         4          0          0          0          0          0   _printf_percent_end.o
         6          0          0          0          0          0   _printf_x.o
        22          0          0          0          0        100   _rserrno.o
        10          0          0          0          0         68   _sputc.o
        18          0          0          0          0         80   exit.o
         8          0          0          0          0         68   ferror.o
         6          0          0          0          0        152   heapauxi.o
         2          0          0          0          0          0   libinit.o
         2          0          0          0          0          0   libinit2.o
         2          0          0          0          0          0   libshutdown.o
         2          0          0          0          0          0   libshutdown2.o
         8          4          0          0         96         68   libspace.o
        72          0          0          0          0         76   llsdiv.o
       238          0          0          0          0        100   lludivv7m.o
        24          4          0          0          0         84   noretval__2printf.o
        40          6          0          0          0         84   noretval__2sprintf.o
         8          4          0          0          0         68   rt_errno_addr_intlibspace.o
        78          0          0          0          0         80   rt_memclr_w.o
       100          0          0          0          0         80   rt_memcpy_w.o
         2          0          0          0          0          0   rtexit.o
        10          0          0          0          0          0   rtexit2.o
        74          0          0          0          0         80   sys_stackheap_outer.o
         2          0          0          0          0         68   use_no_semi.o
         2          0          0          0          0         68   use_no_semi_2.o
        98          4          0          0          0         92   d2f.o
       826         16          0          0          0        348   daddsub_clz.o
        24          0          0          0          0         68   dcmpi.o
       688        140          0          0          0        208   ddiv.o
        94          4          0          0          0         92   dfix.o
        90          4          0          0          0         92   dfixu.o
        38          0          0          0          0         68   dflt_clz.o
       120          4          0          0          0         92   dleqf.o
       340         12          0          0          0        104   dmul.o
       156          4          0          0          0         92   dnaninf.o
        12          0          0          0          0         68   dretinf.o
       108          0          0          0          0         80   drleqf.o
       460         56          0          0          0        120   dsqrt_noumaal.o
        86          4          0          0          0         84   f2d.o
       430          8          0          0          0        168   faddsub_clz.o
        24          0          0          0          0         68   fcmpi.o
       388         76          0          0          0         96   fdiv.o
        54          4          0          0          0         84   ffix.o
        62          4          0          0          0         84   ffixu.o
        86          0          0          0          0        136   fflt_clz.o
       104          4          0          0          0         84   fleqf.o
       258          4          0          0          0         84   fmul.o
       140          4          0          0          0         84   fnaninf.o
        10          0          0          0          0         68   fretinf.o
        98          0          0          0          0         68   frleqf.o
         0          0          0          0          0          0   usenofp.o
        76          0          0          0          0         84   sqrt.o

    ----------------------------------------------------------------------
      6348        408         40          0         96       4636   Library Totals
        26          0          0          0          0          0   (incl. Padding)

    ----------------------------------------------------------------------

      Code (inc. data)   RO Data    RW Data    ZI Data      Debug   Library Name

      1452         56         40          0         96       1920   c_w.l
      4794        352          0          0          0       2632   fz_ws.l
        76          0          0          0          0         84   m_ws.l

    ----------------------------------------------------------------------
      6348        408         40          0         96       4636   Library Totals

    ----------------------------------------------------------------------

==============================================================================


      Code (inc. data)   RO Data    RW Data    ZI Data      Debug   

     48964       5488       6488        116      20300     399366   Grand Totals
     48964       5488       6488        116      20300     399366   ELF Image Totals
     48964       5488       6488        116          0          0   ROM Totals

==============================================================================

    Total RO  Size (Code + RO Data)                55452 (  54.15kB)
    Total RW  Size (RW Data + ZI Data)             20416 (  19.94kB)
    Total ROM Size (Code + RO Data + RW Data)      55568 (  54.27kB)

==============================================================================

